#
# There is insufficient memory for the Java Runtime Environment to continue.
# Native memory allocation (malloc) failed to allocate 2126448 bytes. Error detail: Chunk::new
# Possible reasons:
#   The system is out of physical RAM or swap space
#   This process is running with CompressedOops enabled, and the Java Heap may be blocking the growth of the native heap
# Possible solutions:
#   Reduce memory load on the system
#   Increase physical memory or swap space
#   Check if swap backing store is full
#   Decrease Java heap size (-Xmx/-Xms)
#   Decrease number of Java threads
#   Decrease Java thread stack sizes (-Xss)
#   Set larger code cache with -XX:ReservedCodeCacheSize=
#   JVM is running with Unscaled Compressed Oops mode in which the Java heap is
#     placed in the first 4GB address space. The Java Heap base address is the
#     maximum limit for the native heap growth. Please use -XX:HeapBaseMinAddress
#     to set the Java Heap base and to place the Java Heap above 4GB virtual address.
# This output file may be truncated or incomplete.
#
#  Out of Memory Error (arena.cpp:191), pid=109968, tid=99620
#
# JRE version: OpenJDK Runtime Environment JBR-17.0.12+7-1000.54-jcef (17.0.12+7) (build 17.0.12+7-b1000.54)
# Java VM: OpenJDK 64-Bit Server VM JBR-17.0.12+7-1000.54-jcef (17.0.12+7-b1000.54, mixed mode, tiered, compressed oops, compressed class ptrs, g1 gc, windows-amd64)
# No core dump will be written. Minidumps are not enabled by default on client versions of Windows
#

---------------  S U M M A R Y ------------

Command Line: --add-opens=java.base/java.util=ALL-UNNAMED --add-opens=java.base/java.lang=ALL-UNNAMED --add-opens=java.base/java.lang.invoke=ALL-UNNAMED --add-opens=java.prefs/java.util.prefs=ALL-UNNAMED --add-opens=java.base/java.nio.charset=ALL-UNNAMED --add-opens=java.base/java.net=ALL-UNNAMED --add-opens=java.base/java.util.concurrent.atomic=ALL-UNNAMED -XX:MaxMetaspaceSize=384m -XX:+HeapDumpOnOutOfMemoryError -Xms256m -Xmx512m -Dfile.encoding=UTF-8 -Duser.country=KR -Duser.language=ko -Duser.variant -javaagent:C:\Users\user\.gradle\wrapper\dists\gradle-8.7-bin\bhs2wmbdwecv87pi65oeuq5iu\gradle-8.7\lib\agents\gradle-instrumentation-agent-8.7.jar org.gradle.launcher.daemon.bootstrap.GradleDaemon 8.7

Host: Intel(R) Core(TM) Ultra 9 285H, 16 cores, 31G,  Windows 11 , 64 bit Build 26100 (10.0.26100.8875)
Time: Thu Aug  6 16:12:58 2026  Windows 11 , 64 bit Build 26100 (10.0.26100.8875) elapsed time: 5.921110 seconds (0d 0h 0m 5s)

---------------  T H R E A D  ---------------

Current thread (0x0000023a73c11ae0):  JavaThread "C2 CompilerThread2" daemon [_thread_in_native, id=99620, stack(0x000000aa63800000,0x000000aa63900000)]


Current CompileTask:
C2:   5921 5699       4       java.lang.invoke.MethodType::makeImpl (109 bytes)

Stack: [0x000000aa63800000,0x000000aa63900000]
Native frames: (J=compiled Java code, j=interpreted, Vv=VM code, C=native code)
V  [jvm.dll+0x688dd9]
V  [jvm.dll+0x842eaa]
V  [jvm.dll+0x844aee]
V  [jvm.dll+0x845153]
V  [jvm.dll+0x24ba3f]
V  [jvm.dll+0xac544]
V  [jvm.dll+0xacb8c]
V  [jvm.dll+0x36baa7]
V  [jvm.dll+0x335fda]
V  [jvm.dll+0x33547a]
V  [jvm.dll+0x21d6f1]
V  [jvm.dll+0x21cb31]
V  [jvm.dll+0x1a625d]
V  [jvm.dll+0x22c918]
V  [jvm.dll+0x22aa50]
V  [jvm.dll+0x7f73d7]
V  [jvm.dll+0x7f17da]
V  [jvm.dll+0x687c55]
C  [ucrtbase.dll+0x2cd30]
C  [KERNEL32.DLL+0x2e957]
C  [ntdll.dll+0xaad6c]


---------------  P R O C E S S  ---------------

Threads class SMR info:
_java_thread_list=0x0000023a75ec3030, length=67, elements={
0x0000023a5526ced0, 0x0000023a6c6a9570, 0x0000023a6c6aa040, 0x0000023a6c6f1330,
0x0000023a6c6f1c00, 0x0000023a6c6f24d0, 0x0000023a6c6f2da0, 0x0000023a6c6f39a0,
0x0000023a6c6f42b0, 0x0000023a6c6f51d0, 0x0000023a6c827000, 0x0000023a6c897700,
0x0000023a6c897c20, 0x0000023a6c501d20, 0x0000023a6c9e89c0, 0x0000023a724bb9b0,
0x0000023a724b9b50, 0x0000023a724bc3d0, 0x0000023a724baa80, 0x0000023a724bbec0,
0x0000023a724bc8e0, 0x0000023a724b9130, 0x0000023a724b9640, 0x0000023a724ba060,
0x0000023a724ba570, 0x0000023a7263ab30, 0x0000023a7263b550, 0x0000023a726391e0,
0x0000023a72639c00, 0x0000023a7263d8c0, 0x0000023a7263bf70, 0x0000023a7263c480,
0x0000023a7263d3b0, 0x0000023a7263ddd0, 0x0000023a752a5230, 0x0000023a7263a620,
0x0000023a7263f210, 0x0000023a7263e2e0, 0x0000023a73c11ae0, 0x0000023a75434bf0,
0x0000023a73ad54c0, 0x0000023a73ad59d0, 0x0000023a73ad8760, 0x0000023a73ad4fb0,
0x0000023a73ad8c70, 0x0000023a73ad8250, 0x0000023a73ad5ee0, 0x0000023a73ad9180,
0x0000023a73ad9690, 0x0000023a73ad7d40, 0x0000023a73ad6900, 0x0000023a73ad7830,
0x0000023a73ada0b0, 0x0000023a73ad6e10, 0x0000023a73ada5c0, 0x0000023a73adaad0,
0x0000023a73adafe0, 0x0000023a73adb4f0, 0x0000023a73adba00, 0x0000023a73adbf10,
0x0000023a73adc420, 0x0000023a73adc930, 0x0000023a79155c90, 0x0000023a791575e0,
0x0000023a79155780, 0x0000023a79154850, 0x0000023a79156bc0
}

Java Threads: ( => current thread )
  0x0000023a5526ced0 JavaThread "main" [_thread_blocked, id=107932, stack(0x000000aa5fd00000,0x000000aa5fe00000)]
  0x0000023a6c6a9570 JavaThread "Reference Handler" daemon [_thread_blocked, id=99440, stack(0x000000aa60400000,0x000000aa60500000)]
  0x0000023a6c6aa040 JavaThread "Finalizer" daemon [_thread_blocked, id=107836, stack(0x000000aa60500000,0x000000aa60600000)]
  0x0000023a6c6f1330 JavaThread "Signal Dispatcher" daemon [_thread_blocked, id=24508, stack(0x000000aa60600000,0x000000aa60700000)]
  0x0000023a6c6f1c00 JavaThread "Attach Listener" daemon [_thread_blocked, id=104988, stack(0x000000aa60700000,0x000000aa60800000)]
  0x0000023a6c6f24d0 JavaThread "Service Thread" daemon [_thread_blocked, id=17368, stack(0x000000aa60800000,0x000000aa60900000)]
  0x0000023a6c6f2da0 JavaThread "Monitor Deflation Thread" daemon [_thread_blocked, id=103308, stack(0x000000aa60900000,0x000000aa60a00000)]
  0x0000023a6c6f39a0 JavaThread "C2 CompilerThread0" daemon [_thread_in_native, id=68612, stack(0x000000aa60a00000,0x000000aa60b00000)]
  0x0000023a6c6f42b0 JavaThread "C1 CompilerThread0" daemon [_thread_blocked, id=23216, stack(0x000000aa60b00000,0x000000aa60c00000)]
  0x0000023a6c6f51d0 JavaThread "Sweeper thread" daemon [_thread_blocked, id=108272, stack(0x000000aa60c00000,0x000000aa60d00000)]
  0x0000023a6c827000 JavaThread "Common-Cleaner" daemon [_thread_blocked, id=106956, stack(0x000000aa60d00000,0x000000aa60e00000)]
  0x0000023a6c897700 JavaThread "C1 CompilerThread1" daemon [_thread_blocked, id=45016, stack(0x000000aa60e00000,0x000000aa60f00000)]
  0x0000023a6c897c20 JavaThread "C1 CompilerThread2" daemon [_thread_blocked, id=100436, stack(0x000000aa60f00000,0x000000aa61000000)]
  0x0000023a6c501d20 JavaThread "C1 CompilerThread3" daemon [_thread_blocked, id=98188, stack(0x000000aa61000000,0x000000aa61100000)]
  0x0000023a6c9e89c0 JavaThread "Notification Thread" daemon [_thread_blocked, id=67552, stack(0x000000aa61100000,0x000000aa61200000)]
  0x0000023a724bb9b0 JavaThread "Daemon health stats" [_thread_blocked, id=95680, stack(0x000000aa61a00000,0x000000aa61b00000)]
  0x0000023a724b9b50 JavaThread "Incoming local TCP Connector on port 55054" [_thread_in_native, id=110008, stack(0x000000aa61900000,0x000000aa61a00000)]
  0x0000023a724bc3d0 JavaThread "Daemon periodic checks" [_thread_blocked, id=100348, stack(0x000000aa61b00000,0x000000aa61c00000)]
  0x0000023a724baa80 JavaThread "Daemon" [_thread_blocked, id=65596, stack(0x000000aa61c00000,0x000000aa61d00000)]
  0x0000023a724bbec0 JavaThread "Handler for socket connection from /127.0.0.1:55054 to /127.0.0.1:55055" [_thread_in_native, id=17632, stack(0x000000aa61d00000,0x000000aa61e00000)]
  0x0000023a724bc8e0 JavaThread "Cancel handler" [_thread_blocked, id=108024, stack(0x000000aa61e00000,0x000000aa61f00000)]
  0x0000023a724b9130 JavaThread "Daemon worker" [_thread_blocked, id=101580, stack(0x000000aa61f00000,0x000000aa62000000)]
  0x0000023a724b9640 JavaThread "Asynchronous log dispatcher for DefaultDaemonConnection: socket connection from /127.0.0.1:55054 to /127.0.0.1:55055" [_thread_blocked, id=68392, stack(0x000000aa62000000,0x000000aa62100000)]
  0x0000023a724ba060 JavaThread "Stdin handler" [_thread_blocked, id=103632, stack(0x000000aa62100000,0x000000aa62200000)]
  0x0000023a724ba570 JavaThread "Daemon client event forwarder" [_thread_blocked, id=101308, stack(0x000000aa62200000,0x000000aa62300000)]
  0x0000023a7263ab30 JavaThread "Cache worker for journal cache (C:\Users\user\.gradle\caches\journal-1)" [_thread_blocked, id=107208, stack(0x000000aa62c00000,0x000000aa62d00000)]
  0x0000023a7263b550 JavaThread "File lock request listener" [_thread_in_native, id=102336, stack(0x000000aa62d00000,0x000000aa62e00000)]
  0x0000023a726391e0 JavaThread "Cache worker for file hash cache (C:\Users\user\.gradle\caches\8.7\fileHashes)" [_thread_blocked, id=28136, stack(0x000000aa62e00000,0x000000aa62f00000)]
  0x0000023a72639c00 JavaThread "Cache worker for file hash cache (D:\webDevPrac\springex\.gradle\8.7\fileHashes)" [_thread_in_vm, id=98404, stack(0x000000aa62f00000,0x000000aa63000000)]
  0x0000023a7263d8c0 JavaThread "File watcher server" daemon [_thread_in_native, id=62856, stack(0x000000aa63000000,0x000000aa63100000)]
  0x0000023a7263bf70 JavaThread "File watcher consumer" daemon [_thread_blocked, id=105696, stack(0x000000aa63100000,0x000000aa63200000)]
  0x0000023a7263c480 JavaThread "Cache worker for checksums cache (D:\webDevPrac\springex\.gradle\8.7\checksums)" [_thread_blocked, id=106760, stack(0x000000aa63200000,0x000000aa63300000)]
  0x0000023a7263d3b0 JavaThread "Cache worker for cache directory md-supplier (C:\Users\user\.gradle\caches\8.7\md-supplier)" [_thread_blocked, id=110124, stack(0x000000aa61300000,0x000000aa61400000)]
  0x0000023a7263ddd0 JavaThread "Cache worker for cache directory md-rule (C:\Users\user\.gradle\caches\8.7\md-rule)" [_thread_blocked, id=69572, stack(0x000000aa63300000,0x000000aa63400000)]
  0x0000023a752a5230 JavaThread "C2 CompilerThread1" daemon [_thread_in_native, id=18156, stack(0x000000aa63400000,0x000000aa63500000)]
  0x0000023a7263a620 JavaThread "Cache worker for file content cache (C:\Users\user\.gradle\caches\8.7\fileContent)" [_thread_blocked, id=17472, stack(0x000000aa63500000,0x000000aa63600000)]
  0x0000023a7263f210 JavaThread "jar transforms" [_thread_blocked, id=102204, stack(0x000000aa63600000,0x000000aa63700000)]
  0x0000023a7263e2e0 JavaThread "jar transforms Thread 2" [_thread_blocked, id=20784, stack(0x000000aa63700000,0x000000aa63800000)]
=>0x0000023a73c11ae0 JavaThread "C2 CompilerThread2" daemon [_thread_in_native, id=99620, stack(0x000000aa63800000,0x000000aa63900000)]
  0x0000023a75434bf0 JavaThread "C2 CompilerThread3" daemon [_thread_in_native, id=97068, stack(0x000000aa63900000,0x000000aa63a00000)]
  0x0000023a73ad54c0 JavaThread "jar transforms Thread 3" [_thread_blocked, id=65416, stack(0x000000aa63c00000,0x000000aa63d00000)]
  0x0000023a73ad59d0 JavaThread "jar transforms Thread 4" [_thread_blocked, id=107920, stack(0x000000aa63d00000,0x000000aa63e00000)]
  0x0000023a73ad8760 JavaThread "jar transforms Thread 5" [_thread_blocked, id=16908, stack(0x000000aa63e00000,0x000000aa63f00000)]
  0x0000023a73ad4fb0 JavaThread "jar transforms Thread 6" [_thread_blocked, id=108040, stack(0x000000aa63f00000,0x000000aa64000000)]
  0x0000023a73ad8c70 JavaThread "jar transforms Thread 7" [_thread_blocked, id=21440, stack(0x000000aa64000000,0x000000aa64100000)]
  0x0000023a73ad8250 JavaThread "jar transforms Thread 8" [_thread_blocked, id=104668, stack(0x000000aa64100000,0x000000aa64200000)]
  0x0000023a73ad5ee0 JavaThread "Cache worker for Build Output Cleanup Cache (D:\webDevPrac\springex\.gradle\buildOutputCleanup)" [_thread_blocked, id=99064, stack(0x000000aa64200000,0x000000aa64300000)]
  0x0000023a73ad9180 JavaThread "jar transforms Thread 9" [_thread_blocked, id=98652, stack(0x000000aa64300000,0x000000aa64400000)]
  0x0000023a73ad9690 JavaThread "Memory manager" [_thread_blocked, id=100088, stack(0x000000aa64400000,0x000000aa64500000)]
  0x0000023a73ad7d40 JavaThread "jar transforms Thread 10" [_thread_blocked, id=105292, stack(0x000000aa64500000,0x000000aa64600000)]
  0x0000023a73ad6900 JavaThread "included builds" [_thread_blocked, id=109572, stack(0x000000aa64600000,0x000000aa64700000)]
  0x0000023a73ad7830 JavaThread "Execution worker" [_thread_blocked, id=108984, stack(0x000000aa64700000,0x000000aa64800000)]
  0x0000023a73ada0b0 JavaThread "Execution worker Thread 2" [_thread_blocked, id=76152, stack(0x000000aa64800000,0x000000aa64900000)]
  0x0000023a73ad6e10 JavaThread "Execution worker Thread 3" [_thread_blocked, id=21556, stack(0x000000aa64900000,0x000000aa64a00000)]
  0x0000023a73ada5c0 JavaThread "Execution worker Thread 4" [_thread_blocked, id=104880, stack(0x000000aa64a00000,0x000000aa64b00000)]
  0x0000023a73adaad0 JavaThread "Execution worker Thread 5" [_thread_blocked, id=17984, stack(0x000000aa64b00000,0x000000aa64c00000)]
  0x0000023a73adafe0 JavaThread "Execution worker Thread 6" [_thread_blocked, id=96504, stack(0x000000aa64c00000,0x000000aa64d00000)]
  0x0000023a73adb4f0 JavaThread "Execution worker Thread 7" [_thread_blocked, id=109180, stack(0x000000aa64d00000,0x000000aa64e00000)]
  0x0000023a73adba00 JavaThread "Execution worker Thread 8" [_thread_blocked, id=107164, stack(0x000000aa64e00000,0x000000aa64f00000)]
  0x0000023a73adbf10 JavaThread "Execution worker Thread 9" [_thread_blocked, id=67196, stack(0x000000aa64f00000,0x000000aa65000000)]
  0x0000023a73adc420 JavaThread "Execution worker Thread 10" [_thread_blocked, id=89672, stack(0x000000aa65000000,0x000000aa65100000)]
  0x0000023a73adc930 JavaThread "Execution worker Thread 11" [_thread_blocked, id=21264, stack(0x000000aa65100000,0x000000aa65200000)]
  0x0000023a79155c90 JavaThread "Execution worker Thread 12" [_thread_blocked, id=22360, stack(0x000000aa65200000,0x000000aa65300000)]
  0x0000023a791575e0 JavaThread "Execution worker Thread 13" [_thread_blocked, id=106932, stack(0x000000aa65300000,0x000000aa65400000)]
  0x0000023a79155780 JavaThread "Execution worker Thread 14" [_thread_blocked, id=100980, stack(0x000000aa65400000,0x000000aa65500000)]
  0x0000023a79154850 JavaThread "Execution worker Thread 15" [_thread_blocked, id=50104, stack(0x000000aa65500000,0x000000aa65600000)]
  0x0000023a79156bc0 JavaThread "Cache worker for execution history cache (D:\webDevPrac\springex\.gradle\8.7\executionHistory)" [_thread_blocked, id=110464, stack(0x000000aa65600000,0x000000aa65700000)]

Other Threads:
  0x0000023a6c6a6010 VMThread "VM Thread" [stack: 0x000000aa60300000,0x000000aa60400000] [id=110276]
  0x0000023a5526da00 WatcherThread [stack: 0x000000aa61200000,0x000000aa61300000] [id=106228]
  0x0000023a5529e320 GCTaskThread "GC Thread#0" [stack: 0x000000aa5fe00000,0x000000aa5ff00000] [id=20764]
  0x0000023a71c02670 GCTaskThread "GC Thread#1" [stack: 0x000000aa61400000,0x000000aa61500000] [id=103504]
  0x0000023a71f39420 GCTaskThread "GC Thread#2" [stack: 0x000000aa61500000,0x000000aa61600000] [id=20628]
  0x0000023a719917f0 GCTaskThread "GC Thread#3" [stack: 0x000000aa61600000,0x000000aa61700000] [id=16768]
  0x0000023a71991ab0 GCTaskThread "GC Thread#4" [stack: 0x000000aa61700000,0x000000aa61800000] [id=109792]
  0x0000023a7189d640 GCTaskThread "GC Thread#5" [stack: 0x000000aa61800000,0x000000aa61900000] [id=19104]
  0x0000023a73aa9d60 GCTaskThread "GC Thread#6" [stack: 0x000000aa62300000,0x000000aa62400000] [id=64860]
  0x0000023a727db0c0 GCTaskThread "GC Thread#7" [stack: 0x000000aa62400000,0x000000aa62500000] [id=87636]
  0x0000023a733e4820 GCTaskThread "GC Thread#8" [stack: 0x000000aa62500000,0x000000aa62600000] [id=103172]
  0x0000023a733141c0 GCTaskThread "GC Thread#9" [stack: 0x000000aa62600000,0x000000aa62700000] [id=107916]
  0x0000023a733e4ae0 GCTaskThread "GC Thread#10" [stack: 0x000000aa62700000,0x000000aa62800000] [id=21484]
  0x0000023a72d3d0b0 GCTaskThread "GC Thread#11" [stack: 0x000000aa62800000,0x000000aa62900000] [id=5476]
  0x0000023a72bfdcb0 GCTaskThread "GC Thread#12" [stack: 0x000000aa62900000,0x000000aa62a00000] [id=108848]
  0x0000023a552a3180 ConcurrentGCThread "G1 Main Marker" [stack: 0x000000aa5ff00000,0x000000aa60000000] [id=105440]
  0x0000023a552a4780 ConcurrentGCThread "G1 Conc#0" [stack: 0x000000aa60000000,0x000000aa60100000] [id=89616]
  0x0000023a72bfe7b0 ConcurrentGCThread "G1 Conc#1" [stack: 0x000000aa62a00000,0x000000aa62b00000] [id=106040]
  0x0000023a72bfdf70 ConcurrentGCThread "G1 Conc#2" [stack: 0x000000aa62b00000,0x000000aa62c00000] [id=107760]
  0x0000023a5531d6e0 ConcurrentGCThread "G1 Refine#0" [stack: 0x000000aa60100000,0x000000aa60200000] [id=106920]
  0x0000023a5531dec0 ConcurrentGCThread "G1 Service" [stack: 0x000000aa60200000,0x000000aa60300000] [id=60716]

Threads with active compile tasks:
C2 CompilerThread0     5943 5660       4       java.beans.MethodRef::set (58 bytes)
C2 CompilerThread1     5943 5685       4       org.gradle.internal.reflect.ClassInspector::inspectClass (179 bytes)
C2 CompilerThread2     5943 5699       4       java.lang.invoke.MethodType::makeImpl (109 bytes)
C2 CompilerThread3     5943 5675       4       groovy.lang.MetaClassImpl$1MOPIter::methodNameAction (325 bytes)

VM state: not at safepoint (normal execution)

VM Mutex/Monitor currently owned by a thread: None

Heap address: 0x00000000e0000000, size: 512 MB, Compressed Oops mode: 32-bit

CDS archive(s) not mapped
Compressed class space mapped at: 0x0000000100000000-0x0000000114000000, reserved size: 335544320
Narrow klass base: 0x0000000000000000, Narrow klass shift: 3, Narrow klass range: 0x114000000

GC Precious Log:
 CPUs: 16 total, 16 available
 Memory: 32189M
 Large Page Support: Disabled
 NUMA Support: Disabled
 Compressed Oops: Enabled (32-bit)
 Heap Region Size: 1M
 Heap Min Capacity: 256M
 Heap Initial Capacity: 256M
 Heap Max Capacity: 512M
 Pre-touch: Disabled
 Parallel Workers: 13
 Concurrent Workers: 3
 Concurrent Refinement Workers: 13
 Periodic GC: Disabled

Heap:
 garbage-first heap   total 262144K, used 121251K [0x00000000e0000000, 0x0000000100000000)
  region size 1024K, 101 young (103424K), 15 survivors (15360K)
 Metaspace       used 59289K, committed 59840K, reserved 393216K
  class space    used 8190K, committed 8448K, reserved 327680K

Heap Regions: E=young(eden), S=young(survivor), O=old, HS=humongous(starts), HC=humongous(continues), CS=collection set, F=free, OA=open archive, CA=closed archive, TAMS=top-at-mark-start (previous, next)
|   0|0x00000000e0000000, 0x00000000e0100000, 0x00000000e0100000|100%|HS|  |TAMS 0x00000000e0100000, 0x00000000e0000000| Complete 
|   1|0x00000000e0100000, 0x00000000e0200000, 0x00000000e0200000|100%|HC|  |TAMS 0x00000000e0200000, 0x00000000e0100000| Complete 
|   2|0x00000000e0200000, 0x00000000e0300000, 0x00000000e0300000|100%|HC|  |TAMS 0x00000000e0300000, 0x00000000e0200000| Complete 
|   3|0x00000000e0300000, 0x00000000e0400000, 0x00000000e0400000|100%|HC|  |TAMS 0x00000000e0400000, 0x00000000e0300000| Complete 
|   4|0x00000000e0400000, 0x00000000e0500000, 0x00000000e0500000|100%| O|  |TAMS 0x00000000e0500000, 0x00000000e0400000| Untracked 
|   5|0x00000000e0500000, 0x00000000e0600000, 0x00000000e0600000|100%| O|  |TAMS 0x00000000e0600000, 0x00000000e0500000| Untracked 
|   6|0x00000000e0600000, 0x00000000e0700000, 0x00000000e0700000|100%| O|  |TAMS 0x00000000e0700000, 0x00000000e0600000| Untracked 
|   7|0x00000000e0700000, 0x00000000e0800000, 0x00000000e0800000|100%| O|  |TAMS 0x00000000e0800000, 0x00000000e0700000| Untracked 
|   8|0x00000000e0800000, 0x00000000e0900000, 0x00000000e0900000|100%| O|  |TAMS 0x00000000e0900000, 0x00000000e0800000| Untracked 
|   9|0x00000000e0900000, 0x00000000e0a00000, 0x00000000e0a00000|100%| O|  |TAMS 0x00000000e0a00000, 0x00000000e0900000| Untracked 
|  10|0x00000000e0a00000, 0x00000000e0b00000, 0x00000000e0b00000|100%| O|  |TAMS 0x00000000e0a39800, 0x00000000e0a00000| Untracked 
|  11|0x00000000e0b00000, 0x00000000e0b00000, 0x00000000e0c00000|  0%| F|  |TAMS 0x00000000e0b00000, 0x00000000e0b00000| Untracked 
|  12|0x00000000e0c00000, 0x00000000e0c00000, 0x00000000e0d00000|  0%| F|  |TAMS 0x00000000e0c00000, 0x00000000e0c00000| Untracked 
|  13|0x00000000e0d00000, 0x00000000e0d00000, 0x00000000e0e00000|  0%| F|  |TAMS 0x00000000e0d00000, 0x00000000e0d00000| Untracked 
|  14|0x00000000e0e00000, 0x00000000e0e00000, 0x00000000e0f00000|  0%| F|  |TAMS 0x00000000e0e00000, 0x00000000e0e00000| Untracked 
|  15|0x00000000e0f00000, 0x00000000e0f00000, 0x00000000e1000000|  0%| F|  |TAMS 0x00000000e0f00000, 0x00000000e0f00000| Untracked 
|  16|0x00000000e1000000, 0x00000000e1000000, 0x00000000e1100000|  0%| F|  |TAMS 0x00000000e1000000, 0x00000000e1000000| Untracked 
|  17|0x00000000e1100000, 0x00000000e1100000, 0x00000000e1200000|  0%| F|  |TAMS 0x00000000e1100000, 0x00000000e1100000| Untracked 
|  18|0x00000000e1200000, 0x00000000e1300000, 0x00000000e1300000|100%| O|  |TAMS 0x00000000e1200000, 0x00000000e1200000| Untracked 
|  19|0x00000000e1300000, 0x00000000e1400000, 0x00000000e1400000|100%| O|  |TAMS 0x00000000e1300000, 0x00000000e1300000| Untracked 
|  20|0x00000000e1400000, 0x00000000e1500000, 0x00000000e1500000|100%| O|  |TAMS 0x00000000e1400000, 0x00000000e1400000| Untracked 
|  21|0x00000000e1500000, 0x00000000e1600000, 0x00000000e1600000|100%| O|  |TAMS 0x00000000e1500000, 0x00000000e1500000| Untracked 
|  22|0x00000000e1600000, 0x00000000e1700000, 0x00000000e1700000|100%| O|  |TAMS 0x00000000e1600000, 0x00000000e1600000| Untracked 
|  23|0x00000000e1700000, 0x00000000e1800000, 0x00000000e1800000|100%| O|  |TAMS 0x00000000e1700000, 0x00000000e1700000| Untracked 
|  24|0x00000000e1800000, 0x00000000e1900000, 0x00000000e1900000|100%| O|  |TAMS 0x00000000e1800000, 0x00000000e1800000| Untracked 
|  25|0x00000000e1900000, 0x00000000e196be00, 0x00000000e1a00000| 42%| O|  |TAMS 0x00000000e1900000, 0x00000000e1900000| Untracked 
|  26|0x00000000e1a00000, 0x00000000e1a00000, 0x00000000e1b00000|  0%| F|  |TAMS 0x00000000e1a00000, 0x00000000e1a00000| Untracked 
|  27|0x00000000e1b00000, 0x00000000e1b00000, 0x00000000e1c00000|  0%| F|  |TAMS 0x00000000e1b00000, 0x00000000e1b00000| Untracked 
|  28|0x00000000e1c00000, 0x00000000e1c00000, 0x00000000e1d00000|  0%| F|  |TAMS 0x00000000e1c00000, 0x00000000e1c00000| Untracked 
|  29|0x00000000e1d00000, 0x00000000e1d00000, 0x00000000e1e00000|  0%| F|  |TAMS 0x00000000e1d00000, 0x00000000e1d00000| Untracked 
|  30|0x00000000e1e00000, 0x00000000e1e00000, 0x00000000e1f00000|  0%| F|  |TAMS 0x00000000e1e00000, 0x00000000e1e00000| Untracked 
|  31|0x00000000e1f00000, 0x00000000e1f00000, 0x00000000e2000000|  0%| F|  |TAMS 0x00000000e1f00000, 0x00000000e1f00000| Untracked 
|  32|0x00000000e2000000, 0x00000000e2000000, 0x00000000e2100000|  0%| F|  |TAMS 0x00000000e2000000, 0x00000000e2000000| Untracked 
|  33|0x00000000e2100000, 0x00000000e2100000, 0x00000000e2200000|  0%| F|  |TAMS 0x00000000e2100000, 0x00000000e2100000| Untracked 
|  34|0x00000000e2200000, 0x00000000e2200000, 0x00000000e2300000|  0%| F|  |TAMS 0x00000000e2200000, 0x00000000e2200000| Untracked 
|  35|0x00000000e2300000, 0x00000000e2300000, 0x00000000e2400000|  0%| F|  |TAMS 0x00000000e2300000, 0x00000000e2300000| Untracked 
|  36|0x00000000e2400000, 0x00000000e2400000, 0x00000000e2500000|  0%| F|  |TAMS 0x00000000e2400000, 0x00000000e2400000| Untracked 
|  37|0x00000000e2500000, 0x00000000e2500000, 0x00000000e2600000|  0%| F|  |TAMS 0x00000000e2500000, 0x00000000e2500000| Untracked 
|  38|0x00000000e2600000, 0x00000000e2600000, 0x00000000e2700000|  0%| F|  |TAMS 0x00000000e2600000, 0x00000000e2600000| Untracked 
|  39|0x00000000e2700000, 0x00000000e2700000, 0x00000000e2800000|  0%| F|  |TAMS 0x00000000e2700000, 0x00000000e2700000| Untracked 
|  40|0x00000000e2800000, 0x00000000e2800000, 0x00000000e2900000|  0%| F|  |TAMS 0x00000000e2800000, 0x00000000e2800000| Untracked 
|  41|0x00000000e2900000, 0x00000000e2900000, 0x00000000e2a00000|  0%| F|  |TAMS 0x00000000e2900000, 0x00000000e2900000| Untracked 
|  42|0x00000000e2a00000, 0x00000000e2a00000, 0x00000000e2b00000|  0%| F|  |TAMS 0x00000000e2a00000, 0x00000000e2a00000| Untracked 
|  43|0x00000000e2b00000, 0x00000000e2b00000, 0x00000000e2c00000|  0%| F|  |TAMS 0x00000000e2b00000, 0x00000000e2b00000| Untracked 
|  44|0x00000000e2c00000, 0x00000000e2c00000, 0x00000000e2d00000|  0%| F|  |TAMS 0x00000000e2c00000, 0x00000000e2c00000| Untracked 
|  45|0x00000000e2d00000, 0x00000000e2d00000, 0x00000000e2e00000|  0%| F|  |TAMS 0x00000000e2d00000, 0x00000000e2d00000| Untracked 
|  46|0x00000000e2e00000, 0x00000000e2e00000, 0x00000000e2f00000|  0%| F|  |TAMS 0x00000000e2e00000, 0x00000000e2e00000| Untracked 
|  47|0x00000000e2f00000, 0x00000000e2f00000, 0x00000000e3000000|  0%| F|  |TAMS 0x00000000e2f00000, 0x00000000e2f00000| Untracked 
|  48|0x00000000e3000000, 0x00000000e3000000, 0x00000000e3100000|  0%| F|  |TAMS 0x00000000e3000000, 0x00000000e3000000| Untracked 
|  49|0x00000000e3100000, 0x00000000e3100000, 0x00000000e3200000|  0%| F|  |TAMS 0x00000000e3100000, 0x00000000e3100000| Untracked 
|  50|0x00000000e3200000, 0x00000000e3200000, 0x00000000e3300000|  0%| F|  |TAMS 0x00000000e3200000, 0x00000000e3200000| Untracked 
|  51|0x00000000e3300000, 0x00000000e3300000, 0x00000000e3400000|  0%| F|  |TAMS 0x00000000e3300000, 0x00000000e3300000| Untracked 
|  52|0x00000000e3400000, 0x00000000e3400000, 0x00000000e3500000|  0%| F|  |TAMS 0x00000000e3400000, 0x00000000e3400000| Untracked 
|  53|0x00000000e3500000, 0x00000000e3500000, 0x00000000e3600000|  0%| F|  |TAMS 0x00000000e3500000, 0x00000000e3500000| Untracked 
|  54|0x00000000e3600000, 0x00000000e3600000, 0x00000000e3700000|  0%| F|  |TAMS 0x00000000e3600000, 0x00000000e3600000| Untracked 
|  55|0x00000000e3700000, 0x00000000e3700000, 0x00000000e3800000|  0%| F|  |TAMS 0x00000000e3700000, 0x00000000e3700000| Untracked 
|  56|0x00000000e3800000, 0x00000000e3800000, 0x00000000e3900000|  0%| F|  |TAMS 0x00000000e3800000, 0x00000000e3800000| Untracked 
|  57|0x00000000e3900000, 0x00000000e3900000, 0x00000000e3a00000|  0%| F|  |TAMS 0x00000000e3900000, 0x00000000e3900000| Untracked 
|  58|0x00000000e3a00000, 0x00000000e3a00000, 0x00000000e3b00000|  0%| F|  |TAMS 0x00000000e3a00000, 0x00000000e3a00000| Untracked 
|  59|0x00000000e3b00000, 0x00000000e3b00000, 0x00000000e3c00000|  0%| F|  |TAMS 0x00000000e3b00000, 0x00000000e3b00000| Untracked 
|  60|0x00000000e3c00000, 0x00000000e3c00000, 0x00000000e3d00000|  0%| F|  |TAMS 0x00000000e3c00000, 0x00000000e3c00000| Untracked 
|  61|0x00000000e3d00000, 0x00000000e3d00000, 0x00000000e3e00000|  0%| F|  |TAMS 0x00000000e3d00000, 0x00000000e3d00000| Untracked 
|  62|0x00000000e3e00000, 0x00000000e3e00000, 0x00000000e3f00000|  0%| F|  |TAMS 0x00000000e3e00000, 0x00000000e3e00000| Untracked 
|  63|0x00000000e3f00000, 0x00000000e3f00000, 0x00000000e4000000|  0%| F|  |TAMS 0x00000000e3f00000, 0x00000000e3f00000| Untracked 
|  64|0x00000000e4000000, 0x00000000e4000000, 0x00000000e4100000|  0%| F|  |TAMS 0x00000000e4000000, 0x00000000e4000000| Untracked 
|  65|0x00000000e4100000, 0x00000000e4100000, 0x00000000e4200000|  0%| F|  |TAMS 0x00000000e4100000, 0x00000000e4100000| Untracked 
|  66|0x00000000e4200000, 0x00000000e4200000, 0x00000000e4300000|  0%| F|  |TAMS 0x00000000e4200000, 0x00000000e4200000| Untracked 
|  67|0x00000000e4300000, 0x00000000e4300000, 0x00000000e4400000|  0%| F|  |TAMS 0x00000000e4300000, 0x00000000e4300000| Untracked 
|  68|0x00000000e4400000, 0x00000000e4400000, 0x00000000e4500000|  0%| F|  |TAMS 0x00000000e4400000, 0x00000000e4400000| Untracked 
|  69|0x00000000e4500000, 0x00000000e4500000, 0x00000000e4600000|  0%| F|  |TAMS 0x00000000e4500000, 0x00000000e4500000| Untracked 
|  70|0x00000000e4600000, 0x00000000e4600000, 0x00000000e4700000|  0%| F|  |TAMS 0x00000000e4600000, 0x00000000e4600000| Untracked 
|  71|0x00000000e4700000, 0x00000000e4700000, 0x00000000e4800000|  0%| F|  |TAMS 0x00000000e4700000, 0x00000000e4700000| Untracked 
|  72|0x00000000e4800000, 0x00000000e4800000, 0x00000000e4900000|  0%| F|  |TAMS 0x00000000e4800000, 0x00000000e4800000| Untracked 
|  73|0x00000000e4900000, 0x00000000e4900000, 0x00000000e4a00000|  0%| F|  |TAMS 0x00000000e4900000, 0x00000000e4900000| Untracked 
|  74|0x00000000e4a00000, 0x00000000e4a00000, 0x00000000e4b00000|  0%| F|  |TAMS 0x00000000e4a00000, 0x00000000e4a00000| Untracked 
|  75|0x00000000e4b00000, 0x00000000e4b00000, 0x00000000e4c00000|  0%| F|  |TAMS 0x00000000e4b00000, 0x00000000e4b00000| Untracked 
|  76|0x00000000e4c00000, 0x00000000e4c00000, 0x00000000e4d00000|  0%| F|  |TAMS 0x00000000e4c00000, 0x00000000e4c00000| Untracked 
|  77|0x00000000e4d00000, 0x00000000e4d00000, 0x00000000e4e00000|  0%| F|  |TAMS 0x00000000e4d00000, 0x00000000e4d00000| Untracked 
|  78|0x00000000e4e00000, 0x00000000e4e00000, 0x00000000e4f00000|  0%| F|  |TAMS 0x00000000e4e00000, 0x00000000e4e00000| Untracked 
|  79|0x00000000e4f00000, 0x00000000e4f00000, 0x00000000e5000000|  0%| F|  |TAMS 0x00000000e4f00000, 0x00000000e4f00000| Untracked 
|  80|0x00000000e5000000, 0x00000000e5000000, 0x00000000e5100000|  0%| F|  |TAMS 0x00000000e5000000, 0x00000000e5000000| Untracked 
|  81|0x00000000e5100000, 0x00000000e5100000, 0x00000000e5200000|  0%| F|  |TAMS 0x00000000e5100000, 0x00000000e5100000| Untracked 
|  82|0x00000000e5200000, 0x00000000e5200000, 0x00000000e5300000|  0%| F|  |TAMS 0x00000000e5200000, 0x00000000e5200000| Untracked 
|  83|0x00000000e5300000, 0x00000000e5300000, 0x00000000e5400000|  0%| F|  |TAMS 0x00000000e5300000, 0x00000000e5300000| Untracked 
|  84|0x00000000e5400000, 0x00000000e5400000, 0x00000000e5500000|  0%| F|  |TAMS 0x00000000e5400000, 0x00000000e5400000| Untracked 
|  85|0x00000000e5500000, 0x00000000e5500000, 0x00000000e5600000|  0%| F|  |TAMS 0x00000000e5500000, 0x00000000e5500000| Untracked 
|  86|0x00000000e5600000, 0x00000000e5600000, 0x00000000e5700000|  0%| F|  |TAMS 0x00000000e5600000, 0x00000000e5600000| Untracked 
|  87|0x00000000e5700000, 0x00000000e5700000, 0x00000000e5800000|  0%| F|  |TAMS 0x00000000e5700000, 0x00000000e5700000| Untracked 
|  88|0x00000000e5800000, 0x00000000e58fd078, 0x00000000e5900000| 98%| S|CS|TAMS 0x00000000e5800000, 0x00000000e5800000| Complete 
|  89|0x00000000e5900000, 0x00000000e5a00000, 0x00000000e5a00000|100%| S|CS|TAMS 0x00000000e5900000, 0x00000000e5900000| Complete 
|  90|0x00000000e5a00000, 0x00000000e5b00000, 0x00000000e5b00000|100%| S|CS|TAMS 0x00000000e5a00000, 0x00000000e5a00000| Complete 
|  91|0x00000000e5b00000, 0x00000000e5c00000, 0x00000000e5c00000|100%| S|CS|TAMS 0x00000000e5b00000, 0x00000000e5b00000| Complete 
|  92|0x00000000e5c00000, 0x00000000e5d00000, 0x00000000e5d00000|100%| S|CS|TAMS 0x00000000e5c00000, 0x00000000e5c00000| Complete 
|  93|0x00000000e5d00000, 0x00000000e5e00000, 0x00000000e5e00000|100%| S|CS|TAMS 0x00000000e5d00000, 0x00000000e5d00000| Complete 
|  94|0x00000000e5e00000, 0x00000000e5f00000, 0x00000000e5f00000|100%| S|CS|TAMS 0x00000000e5e00000, 0x00000000e5e00000| Complete 
|  95|0x00000000e5f00000, 0x00000000e6000000, 0x00000000e6000000|100%| S|CS|TAMS 0x00000000e5f00000, 0x00000000e5f00000| Complete 
|  96|0x00000000e6000000, 0x00000000e6100000, 0x00000000e6100000|100%| S|CS|TAMS 0x00000000e6000000, 0x00000000e6000000| Complete 
|  97|0x00000000e6100000, 0x00000000e6200000, 0x00000000e6200000|100%| S|CS|TAMS 0x00000000e6100000, 0x00000000e6100000| Complete 
|  98|0x00000000e6200000, 0x00000000e6300000, 0x00000000e6300000|100%| S|CS|TAMS 0x00000000e6200000, 0x00000000e6200000| Complete 
|  99|0x00000000e6300000, 0x00000000e6400000, 0x00000000e6400000|100%| S|CS|TAMS 0x00000000e6300000, 0x00000000e6300000| Complete 
| 100|0x00000000e6400000, 0x00000000e6500000, 0x00000000e6500000|100%| S|CS|TAMS 0x00000000e6400000, 0x00000000e6400000| Complete 
| 101|0x00000000e6500000, 0x00000000e6600000, 0x00000000e6600000|100%| S|CS|TAMS 0x00000000e6500000, 0x00000000e6500000| Complete 
| 102|0x00000000e6600000, 0x00000000e6700000, 0x00000000e6700000|100%| S|CS|TAMS 0x00000000e6600000, 0x00000000e6600000| Complete 
| 103|0x00000000e6700000, 0x00000000e6700000, 0x00000000e6800000|  0%| F|  |TAMS 0x00000000e6700000, 0x00000000e6700000| Untracked 
| 104|0x00000000e6800000, 0x00000000e6800000, 0x00000000e6900000|  0%| F|  |TAMS 0x00000000e6800000, 0x00000000e6800000| Untracked 
| 105|0x00000000e6900000, 0x00000000e6900000, 0x00000000e6a00000|  0%| F|  |TAMS 0x00000000e6900000, 0x00000000e6900000| Untracked 
| 106|0x00000000e6a00000, 0x00000000e6a00000, 0x00000000e6b00000|  0%| F|  |TAMS 0x00000000e6a00000, 0x00000000e6a00000| Untracked 
| 107|0x00000000e6b00000, 0x00000000e6b00000, 0x00000000e6c00000|  0%| F|  |TAMS 0x00000000e6b00000, 0x00000000e6b00000| Untracked 
| 108|0x00000000e6c00000, 0x00000000e6c00000, 0x00000000e6d00000|  0%| F|  |TAMS 0x00000000e6c00000, 0x00000000e6c00000| Untracked 
| 109|0x00000000e6d00000, 0x00000000e6d00000, 0x00000000e6e00000|  0%| F|  |TAMS 0x00000000e6d00000, 0x00000000e6d00000| Untracked 
| 110|0x00000000e6e00000, 0x00000000e6e00000, 0x00000000e6f00000|  0%| F|  |TAMS 0x00000000e6e00000, 0x00000000e6e00000| Untracked 
| 111|0x00000000e6f00000, 0x00000000e6f00000, 0x00000000e7000000|  0%| F|  |TAMS 0x00000000e6f00000, 0x00000000e6f00000| Untracked 
| 112|0x00000000e7000000, 0x00000000e7000000, 0x00000000e7100000|  0%| F|  |TAMS 0x00000000e7000000, 0x00000000e7000000| Untracked 
| 113|0x00000000e7100000, 0x00000000e7100000, 0x00000000e7200000|  0%| F|  |TAMS 0x00000000e7100000, 0x00000000e7100000| Untracked 
| 114|0x00000000e7200000, 0x00000000e7200000, 0x00000000e7300000|  0%| F|  |TAMS 0x00000000e7200000, 0x00000000e7200000| Untracked 
| 115|0x00000000e7300000, 0x00000000e7300000, 0x00000000e7400000|  0%| F|  |TAMS 0x00000000e7300000, 0x00000000e7300000| Untracked 
| 116|0x00000000e7400000, 0x00000000e7400000, 0x00000000e7500000|  0%| F|  |TAMS 0x00000000e7400000, 0x00000000e7400000| Untracked 
| 117|0x00000000e7500000, 0x00000000e7500000, 0x00000000e7600000|  0%| F|  |TAMS 0x00000000e7500000, 0x00000000e7500000| Untracked 
| 118|0x00000000e7600000, 0x00000000e7600000, 0x00000000e7700000|  0%| F|  |TAMS 0x00000000e7600000, 0x00000000e7600000| Untracked 
| 119|0x00000000e7700000, 0x00000000e7700000, 0x00000000e7800000|  0%| F|  |TAMS 0x00000000e7700000, 0x00000000e7700000| Untracked 
| 120|0x00000000e7800000, 0x00000000e7800000, 0x00000000e7900000|  0%| F|  |TAMS 0x00000000e7800000, 0x00000000e7800000| Untracked 
| 121|0x00000000e7900000, 0x00000000e7900000, 0x00000000e7a00000|  0%| F|  |TAMS 0x00000000e7900000, 0x00000000e7900000| Untracked 
| 122|0x00000000e7a00000, 0x00000000e7a00000, 0x00000000e7b00000|  0%| F|  |TAMS 0x00000000e7a00000, 0x00000000e7a00000| Untracked 
| 123|0x00000000e7b00000, 0x00000000e7b00000, 0x00000000e7c00000|  0%| F|  |TAMS 0x00000000e7b00000, 0x00000000e7b00000| Untracked 
| 124|0x00000000e7c00000, 0x00000000e7c00000, 0x00000000e7d00000|  0%| F|  |TAMS 0x00000000e7c00000, 0x00000000e7c00000| Untracked 
| 125|0x00000000e7d00000, 0x00000000e7d00000, 0x00000000e7e00000|  0%| F|  |TAMS 0x00000000e7d00000, 0x00000000e7d00000| Untracked 
| 126|0x00000000e7e00000, 0x00000000e7e00000, 0x00000000e7f00000|  0%| F|  |TAMS 0x00000000e7e00000, 0x00000000e7e00000| Untracked 
| 127|0x00000000e7f00000, 0x00000000e7f00000, 0x00000000e8000000|  0%| F|  |TAMS 0x00000000e7f00000, 0x00000000e7f00000| Untracked 
| 128|0x00000000e8000000, 0x00000000e8000000, 0x00000000e8100000|  0%| F|  |TAMS 0x00000000e8000000, 0x00000000e8000000| Untracked 
| 129|0x00000000e8100000, 0x00000000e8100000, 0x00000000e8200000|  0%| F|  |TAMS 0x00000000e8100000, 0x00000000e8100000| Untracked 
| 130|0x00000000e8200000, 0x00000000e8200000, 0x00000000e8300000|  0%| F|  |TAMS 0x00000000e8200000, 0x00000000e8200000| Untracked 
| 131|0x00000000e8300000, 0x00000000e8300000, 0x00000000e8400000|  0%| F|  |TAMS 0x00000000e8300000, 0x00000000e8300000| Untracked 
| 132|0x00000000e8400000, 0x00000000e8400000, 0x00000000e8500000|  0%| F|  |TAMS 0x00000000e8400000, 0x00000000e8400000| Untracked 
| 133|0x00000000e8500000, 0x00000000e8500000, 0x00000000e8600000|  0%| F|  |TAMS 0x00000000e8500000, 0x00000000e8500000| Untracked 
| 134|0x00000000e8600000, 0x00000000e8600000, 0x00000000e8700000|  0%| F|  |TAMS 0x00000000e8600000, 0x00000000e8600000| Untracked 
| 135|0x00000000e8700000, 0x00000000e8700000, 0x00000000e8800000|  0%| F|  |TAMS 0x00000000e8700000, 0x00000000e8700000| Untracked 
| 136|0x00000000e8800000, 0x00000000e8800000, 0x00000000e8900000|  0%| F|  |TAMS 0x00000000e8800000, 0x00000000e8800000| Untracked 
| 137|0x00000000e8900000, 0x00000000e8900000, 0x00000000e8a00000|  0%| F|  |TAMS 0x00000000e8900000, 0x00000000e8900000| Untracked 
| 138|0x00000000e8a00000, 0x00000000e8a00000, 0x00000000e8b00000|  0%| F|  |TAMS 0x00000000e8a00000, 0x00000000e8a00000| Untracked 
| 139|0x00000000e8b00000, 0x00000000e8b00000, 0x00000000e8c00000|  0%| F|  |TAMS 0x00000000e8b00000, 0x00000000e8b00000| Untracked 
| 140|0x00000000e8c00000, 0x00000000e8c00000, 0x00000000e8d00000|  0%| F|  |TAMS 0x00000000e8c00000, 0x00000000e8c00000| Untracked 
| 141|0x00000000e8d00000, 0x00000000e8d00000, 0x00000000e8e00000|  0%| F|  |TAMS 0x00000000e8d00000, 0x00000000e8d00000| Untracked 
| 142|0x00000000e8e00000, 0x00000000e8e00000, 0x00000000e8f00000|  0%| F|  |TAMS 0x00000000e8e00000, 0x00000000e8e00000| Untracked 
| 143|0x00000000e8f00000, 0x00000000e8f00000, 0x00000000e9000000|  0%| F|  |TAMS 0x00000000e8f00000, 0x00000000e8f00000| Untracked 
| 144|0x00000000e9000000, 0x00000000e9000000, 0x00000000e9100000|  0%| F|  |TAMS 0x00000000e9000000, 0x00000000e9000000| Untracked 
| 145|0x00000000e9100000, 0x00000000e9100000, 0x00000000e9200000|  0%| F|  |TAMS 0x00000000e9100000, 0x00000000e9100000| Untracked 
| 146|0x00000000e9200000, 0x00000000e9200000, 0x00000000e9300000|  0%| F|  |TAMS 0x00000000e9200000, 0x00000000e9200000| Untracked 
| 147|0x00000000e9300000, 0x00000000e9300000, 0x00000000e9400000|  0%| F|  |TAMS 0x00000000e9300000, 0x00000000e9300000| Untracked 
| 148|0x00000000e9400000, 0x00000000e9400000, 0x00000000e9500000|  0%| F|  |TAMS 0x00000000e9400000, 0x00000000e9400000| Untracked 
| 149|0x00000000e9500000, 0x00000000e9500000, 0x00000000e9600000|  0%| F|  |TAMS 0x00000000e9500000, 0x00000000e9500000| Untracked 
| 150|0x00000000e9600000, 0x00000000e9600000, 0x00000000e9700000|  0%| F|  |TAMS 0x00000000e9600000, 0x00000000e9600000| Untracked 
| 151|0x00000000e9700000, 0x00000000e9700000, 0x00000000e9800000|  0%| F|  |TAMS 0x00000000e9700000, 0x00000000e9700000| Untracked 
| 152|0x00000000e9800000, 0x00000000e9800000, 0x00000000e9900000|  0%| F|  |TAMS 0x00000000e9800000, 0x00000000e9800000| Untracked 
| 153|0x00000000e9900000, 0x00000000e9900000, 0x00000000e9a00000|  0%| F|  |TAMS 0x00000000e9900000, 0x00000000e9900000| Untracked 
| 154|0x00000000e9a00000, 0x00000000e9a00000, 0x00000000e9b00000|  0%| F|  |TAMS 0x00000000e9a00000, 0x00000000e9a00000| Untracked 
| 155|0x00000000e9b00000, 0x00000000e9b00000, 0x00000000e9c00000|  0%| F|  |TAMS 0x00000000e9b00000, 0x00000000e9b00000| Untracked 
| 156|0x00000000e9c00000, 0x00000000e9c00000, 0x00000000e9d00000|  0%| F|  |TAMS 0x00000000e9c00000, 0x00000000e9c00000| Untracked 
| 157|0x00000000e9d00000, 0x00000000e9d00000, 0x00000000e9e00000|  0%| F|  |TAMS 0x00000000e9d00000, 0x00000000e9d00000| Untracked 
| 158|0x00000000e9e00000, 0x00000000e9e00000, 0x00000000e9f00000|  0%| F|  |TAMS 0x00000000e9e00000, 0x00000000e9e00000| Untracked 
| 159|0x00000000e9f00000, 0x00000000e9f00000, 0x00000000ea000000|  0%| F|  |TAMS 0x00000000e9f00000, 0x00000000e9f00000| Untracked 
| 160|0x00000000ea000000, 0x00000000ea000000, 0x00000000ea100000|  0%| F|  |TAMS 0x00000000ea000000, 0x00000000ea000000| Untracked 
| 161|0x00000000ea100000, 0x00000000ea100000, 0x00000000ea200000|  0%| F|  |TAMS 0x00000000ea100000, 0x00000000ea100000| Untracked 
| 162|0x00000000ea200000, 0x00000000ea200000, 0x00000000ea300000|  0%| F|  |TAMS 0x00000000ea200000, 0x00000000ea200000| Untracked 
| 163|0x00000000ea300000, 0x00000000ea300000, 0x00000000ea400000|  0%| F|  |TAMS 0x00000000ea300000, 0x00000000ea300000| Untracked 
| 164|0x00000000ea400000, 0x00000000ea400000, 0x00000000ea500000|  0%| F|  |TAMS 0x00000000ea400000, 0x00000000ea400000| Untracked 
| 165|0x00000000ea500000, 0x00000000ea500000, 0x00000000ea600000|  0%| F|  |TAMS 0x00000000ea500000, 0x00000000ea500000| Untracked 
| 166|0x00000000ea600000, 0x00000000ea600000, 0x00000000ea700000|  0%| F|  |TAMS 0x00000000ea600000, 0x00000000ea600000| Untracked 
| 167|0x00000000ea700000, 0x00000000ea700000, 0x00000000ea800000|  0%| F|  |TAMS 0x00000000ea700000, 0x00000000ea700000| Untracked 
| 168|0x00000000ea800000, 0x00000000ea800000, 0x00000000ea900000|  0%| F|  |TAMS 0x00000000ea800000, 0x00000000ea800000| Untracked 
| 169|0x00000000ea900000, 0x00000000ea900000, 0x00000000eaa00000|  0%| F|  |TAMS 0x00000000ea900000, 0x00000000ea900000| Untracked 
| 170|0x00000000eaa00000, 0x00000000eab00000, 0x00000000eab00000|100%| E|  |TAMS 0x00000000eaa00000, 0x00000000eaa00000| Complete 
| 171|0x00000000eab00000, 0x00000000eac00000, 0x00000000eac00000|100%| E|CS|TAMS 0x00000000eab00000, 0x00000000eab00000| Complete 
| 172|0x00000000eac00000, 0x00000000ead00000, 0x00000000ead00000|100%| E|CS|TAMS 0x00000000eac00000, 0x00000000eac00000| Complete 
| 173|0x00000000ead00000, 0x00000000eae00000, 0x00000000eae00000|100%| E|CS|TAMS 0x00000000ead00000, 0x00000000ead00000| Complete 
| 174|0x00000000eae00000, 0x00000000eaf00000, 0x00000000eaf00000|100%| E|CS|TAMS 0x00000000eae00000, 0x00000000eae00000| Complete 
| 175|0x00000000eaf00000, 0x00000000eb000000, 0x00000000eb000000|100%| E|CS|TAMS 0x00000000eaf00000, 0x00000000eaf00000| Complete 
| 176|0x00000000eb000000, 0x00000000eb100000, 0x00000000eb100000|100%| E|CS|TAMS 0x00000000eb000000, 0x00000000eb000000| Complete 
| 177|0x00000000eb100000, 0x00000000eb200000, 0x00000000eb200000|100%| E|CS|TAMS 0x00000000eb100000, 0x00000000eb100000| Complete 
| 178|0x00000000eb200000, 0x00000000eb300000, 0x00000000eb300000|100%| E|CS|TAMS 0x00000000eb200000, 0x00000000eb200000| Complete 
| 179|0x00000000eb300000, 0x00000000eb400000, 0x00000000eb400000|100%| E|CS|TAMS 0x00000000eb300000, 0x00000000eb300000| Complete 
| 180|0x00000000eb400000, 0x00000000eb500000, 0x00000000eb500000|100%| E|CS|TAMS 0x00000000eb400000, 0x00000000eb400000| Complete 
| 181|0x00000000eb500000, 0x00000000eb600000, 0x00000000eb600000|100%| E|CS|TAMS 0x00000000eb500000, 0x00000000eb500000| Complete 
| 182|0x00000000eb600000, 0x00000000eb700000, 0x00000000eb700000|100%| E|CS|TAMS 0x00000000eb600000, 0x00000000eb600000| Complete 
| 183|0x00000000eb700000, 0x00000000eb800000, 0x00000000eb800000|100%| E|CS|TAMS 0x00000000eb700000, 0x00000000eb700000| Complete 
| 184|0x00000000eb800000, 0x00000000eb900000, 0x00000000eb900000|100%| E|CS|TAMS 0x00000000eb800000, 0x00000000eb800000| Complete 
| 185|0x00000000eb900000, 0x00000000eba00000, 0x00000000eba00000|100%| E|CS|TAMS 0x00000000eb900000, 0x00000000eb900000| Complete 
| 186|0x00000000eba00000, 0x00000000ebb00000, 0x00000000ebb00000|100%| E|CS|TAMS 0x00000000eba00000, 0x00000000eba00000| Complete 
| 187|0x00000000ebb00000, 0x00000000ebc00000, 0x00000000ebc00000|100%| E|CS|TAMS 0x00000000ebb00000, 0x00000000ebb00000| Complete 
| 188|0x00000000ebc00000, 0x00000000ebd00000, 0x00000000ebd00000|100%| E|CS|TAMS 0x00000000ebc00000, 0x00000000ebc00000| Complete 
| 189|0x00000000ebd00000, 0x00000000ebe00000, 0x00000000ebe00000|100%| E|CS|TAMS 0x00000000ebd00000, 0x00000000ebd00000| Complete 
| 190|0x00000000ebe00000, 0x00000000ebf00000, 0x00000000ebf00000|100%| E|CS|TAMS 0x00000000ebe00000, 0x00000000ebe00000| Complete 
| 191|0x00000000ebf00000, 0x00000000ec000000, 0x00000000ec000000|100%| E|CS|TAMS 0x00000000ebf00000, 0x00000000ebf00000| Complete 
| 192|0x00000000ec000000, 0x00000000ec100000, 0x00000000ec100000|100%| E|CS|TAMS 0x00000000ec000000, 0x00000000ec000000| Complete 
| 193|0x00000000ec100000, 0x00000000ec200000, 0x00000000ec200000|100%| E|CS|TAMS 0x00000000ec100000, 0x00000000ec100000| Complete 
| 194|0x00000000ec200000, 0x00000000ec300000, 0x00000000ec300000|100%| E|CS|TAMS 0x00000000ec200000, 0x00000000ec200000| Complete 
| 195|0x00000000ec300000, 0x00000000ec400000, 0x00000000ec400000|100%| E|CS|TAMS 0x00000000ec300000, 0x00000000ec300000| Complete 
| 196|0x00000000ec400000, 0x00000000ec500000, 0x00000000ec500000|100%| E|CS|TAMS 0x00000000ec400000, 0x00000000ec400000| Complete 
| 197|0x00000000ec500000, 0x00000000ec600000, 0x00000000ec600000|100%| E|CS|TAMS 0x00000000ec500000, 0x00000000ec500000| Complete 
| 198|0x00000000ec600000, 0x00000000ec700000, 0x00000000ec700000|100%| E|CS|TAMS 0x00000000ec600000, 0x00000000ec600000| Complete 
| 199|0x00000000ec700000, 0x00000000ec800000, 0x00000000ec800000|100%| E|CS|TAMS 0x00000000ec700000, 0x00000000ec700000| Complete 
| 200|0x00000000ec800000, 0x00000000ec900000, 0x00000000ec900000|100%| E|CS|TAMS 0x00000000ec800000, 0x00000000ec800000| Complete 
| 201|0x00000000ec900000, 0x00000000eca00000, 0x00000000eca00000|100%| E|CS|TAMS 0x00000000ec900000, 0x00000000ec900000| Complete 
| 202|0x00000000eca00000, 0x00000000ecb00000, 0x00000000ecb00000|100%| E|CS|TAMS 0x00000000eca00000, 0x00000000eca00000| Complete 
| 203|0x00000000ecb00000, 0x00000000ecc00000, 0x00000000ecc00000|100%| E|CS|TAMS 0x00000000ecb00000, 0x00000000ecb00000| Complete 
| 204|0x00000000ecc00000, 0x00000000ecd00000, 0x00000000ecd00000|100%| E|CS|TAMS 0x00000000ecc00000, 0x00000000ecc00000| Complete 
| 205|0x00000000ecd00000, 0x00000000ece00000, 0x00000000ece00000|100%| E|CS|TAMS 0x00000000ecd00000, 0x00000000ecd00000| Complete 
| 206|0x00000000ece00000, 0x00000000ecf00000, 0x00000000ecf00000|100%| E|CS|TAMS 0x00000000ece00000, 0x00000000ece00000| Complete 
| 207|0x00000000ecf00000, 0x00000000ed000000, 0x00000000ed000000|100%| E|CS|TAMS 0x00000000ecf00000, 0x00000000ecf00000| Complete 
| 208|0x00000000ed000000, 0x00000000ed100000, 0x00000000ed100000|100%| E|CS|TAMS 0x00000000ed000000, 0x00000000ed000000| Complete 
| 209|0x00000000ed100000, 0x00000000ed200000, 0x00000000ed200000|100%| E|CS|TAMS 0x00000000ed100000, 0x00000000ed100000| Complete 
| 210|0x00000000ed200000, 0x00000000ed300000, 0x00000000ed300000|100%| E|CS|TAMS 0x00000000ed200000, 0x00000000ed200000| Complete 
| 211|0x00000000ed300000, 0x00000000ed400000, 0x00000000ed400000|100%| E|CS|TAMS 0x00000000ed300000, 0x00000000ed300000| Complete 
| 212|0x00000000ed400000, 0x00000000ed500000, 0x00000000ed500000|100%| E|CS|TAMS 0x00000000ed400000, 0x00000000ed400000| Complete 
| 213|0x00000000ed500000, 0x00000000ed600000, 0x00000000ed600000|100%| E|CS|TAMS 0x00000000ed500000, 0x00000000ed500000| Complete 
| 214|0x00000000ed600000, 0x00000000ed700000, 0x00000000ed700000|100%| E|CS|TAMS 0x00000000ed600000, 0x00000000ed600000| Complete 
| 215|0x00000000ed700000, 0x00000000ed800000, 0x00000000ed800000|100%| E|CS|TAMS 0x00000000ed700000, 0x00000000ed700000| Complete 
| 216|0x00000000ed800000, 0x00000000ed900000, 0x00000000ed900000|100%| E|CS|TAMS 0x00000000ed800000, 0x00000000ed800000| Complete 
| 217|0x00000000ed900000, 0x00000000eda00000, 0x00000000eda00000|100%| E|CS|TAMS 0x00000000ed900000, 0x00000000ed900000| Complete 
| 218|0x00000000eda00000, 0x00000000edb00000, 0x00000000edb00000|100%| E|CS|TAMS 0x00000000eda00000, 0x00000000eda00000| Complete 
| 219|0x00000000edb00000, 0x00000000edc00000, 0x00000000edc00000|100%| E|CS|TAMS 0x00000000edb00000, 0x00000000edb00000| Complete 
| 220|0x00000000edc00000, 0x00000000edd00000, 0x00000000edd00000|100%| E|CS|TAMS 0x00000000edc00000, 0x00000000edc00000| Complete 
| 221|0x00000000edd00000, 0x00000000ede00000, 0x00000000ede00000|100%| E|CS|TAMS 0x00000000edd00000, 0x00000000edd00000| Complete 
| 222|0x00000000ede00000, 0x00000000edf00000, 0x00000000edf00000|100%| E|CS|TAMS 0x00000000ede00000, 0x00000000ede00000| Complete 
| 223|0x00000000edf00000, 0x00000000ee000000, 0x00000000ee000000|100%| E|CS|TAMS 0x00000000edf00000, 0x00000000edf00000| Complete 
| 224|0x00000000ee000000, 0x00000000ee100000, 0x00000000ee100000|100%| E|CS|TAMS 0x00000000ee000000, 0x00000000ee000000| Complete 
| 225|0x00000000ee100000, 0x00000000ee200000, 0x00000000ee200000|100%| E|CS|TAMS 0x00000000ee100000, 0x00000000ee100000| Complete 
| 226|0x00000000ee200000, 0x00000000ee300000, 0x00000000ee300000|100%| E|CS|TAMS 0x00000000ee200000, 0x00000000ee200000| Complete 
| 227|0x00000000ee300000, 0x00000000ee400000, 0x00000000ee400000|100%| E|CS|TAMS 0x00000000ee300000, 0x00000000ee300000| Complete 
| 228|0x00000000ee400000, 0x00000000ee500000, 0x00000000ee500000|100%| E|CS|TAMS 0x00000000ee400000, 0x00000000ee400000| Complete 
| 229|0x00000000ee500000, 0x00000000ee600000, 0x00000000ee600000|100%| E|CS|TAMS 0x00000000ee500000, 0x00000000ee500000| Complete 
| 230|0x00000000ee600000, 0x00000000ee700000, 0x00000000ee700000|100%| E|CS|TAMS 0x00000000ee600000, 0x00000000ee600000| Complete 
| 231|0x00000000ee700000, 0x00000000ee800000, 0x00000000ee800000|100%| E|CS|TAMS 0x00000000ee700000, 0x00000000ee700000| Complete 
| 232|0x00000000ee800000, 0x00000000ee900000, 0x00000000ee900000|100%| E|CS|TAMS 0x00000000ee800000, 0x00000000ee800000| Complete 
| 233|0x00000000ee900000, 0x00000000eea00000, 0x00000000eea00000|100%| E|CS|TAMS 0x00000000ee900000, 0x00000000ee900000| Complete 
| 234|0x00000000eea00000, 0x00000000eeb00000, 0x00000000eeb00000|100%| E|CS|TAMS 0x00000000eea00000, 0x00000000eea00000| Complete 
| 235|0x00000000eeb00000, 0x00000000eec00000, 0x00000000eec00000|100%| E|CS|TAMS 0x00000000eeb00000, 0x00000000eeb00000| Complete 
| 236|0x00000000eec00000, 0x00000000eed00000, 0x00000000eed00000|100%| E|CS|TAMS 0x00000000eec00000, 0x00000000eec00000| Complete 
| 237|0x00000000eed00000, 0x00000000eee00000, 0x00000000eee00000|100%| E|CS|TAMS 0x00000000eed00000, 0x00000000eed00000| Complete 
| 238|0x00000000eee00000, 0x00000000eef00000, 0x00000000eef00000|100%| E|CS|TAMS 0x00000000eee00000, 0x00000000eee00000| Complete 
| 239|0x00000000eef00000, 0x00000000ef000000, 0x00000000ef000000|100%| E|CS|TAMS 0x00000000eef00000, 0x00000000eef00000| Complete 
| 240|0x00000000ef000000, 0x00000000ef100000, 0x00000000ef100000|100%| E|CS|TAMS 0x00000000ef000000, 0x00000000ef000000| Complete 
| 241|0x00000000ef100000, 0x00000000ef200000, 0x00000000ef200000|100%| E|CS|TAMS 0x00000000ef100000, 0x00000000ef100000| Complete 
| 242|0x00000000ef200000, 0x00000000ef300000, 0x00000000ef300000|100%| E|CS|TAMS 0x00000000ef200000, 0x00000000ef200000| Complete 
| 243|0x00000000ef300000, 0x00000000ef400000, 0x00000000ef400000|100%| E|CS|TAMS 0x00000000ef300000, 0x00000000ef300000| Complete 
| 244|0x00000000ef400000, 0x00000000ef500000, 0x00000000ef500000|100%| E|CS|TAMS 0x00000000ef400000, 0x00000000ef400000| Complete 
| 245|0x00000000ef500000, 0x00000000ef600000, 0x00000000ef600000|100%| E|CS|TAMS 0x00000000ef500000, 0x00000000ef500000| Complete 
| 246|0x00000000ef600000, 0x00000000ef700000, 0x00000000ef700000|100%| E|CS|TAMS 0x00000000ef600000, 0x00000000ef600000| Complete 
| 247|0x00000000ef700000, 0x00000000ef800000, 0x00000000ef800000|100%| E|CS|TAMS 0x00000000ef700000, 0x00000000ef700000| Complete 
| 248|0x00000000ef800000, 0x00000000ef900000, 0x00000000ef900000|100%| E|CS|TAMS 0x00000000ef800000, 0x00000000ef800000| Complete 
| 249|0x00000000ef900000, 0x00000000efa00000, 0x00000000efa00000|100%| E|CS|TAMS 0x00000000ef900000, 0x00000000ef900000| Complete 
| 250|0x00000000efa00000, 0x00000000efb00000, 0x00000000efb00000|100%| E|CS|TAMS 0x00000000efa00000, 0x00000000efa00000| Complete 
| 251|0x00000000efb00000, 0x00000000efc00000, 0x00000000efc00000|100%| E|CS|TAMS 0x00000000efb00000, 0x00000000efb00000| Complete 
| 252|0x00000000efc00000, 0x00000000efd00000, 0x00000000efd00000|100%| E|CS|TAMS 0x00000000efc00000, 0x00000000efc00000| Complete 
| 253|0x00000000efd00000, 0x00000000efe00000, 0x00000000efe00000|100%| E|CS|TAMS 0x00000000efd00000, 0x00000000efd00000| Complete 
| 254|0x00000000efe00000, 0x00000000eff00000, 0x00000000eff00000|100%| E|CS|TAMS 0x00000000efe00000, 0x00000000efe00000| Complete 
| 255|0x00000000eff00000, 0x00000000f0000000, 0x00000000f0000000|100%| E|CS|TAMS 0x00000000eff00000, 0x00000000eff00000| Complete 

Card table byte_map: [0x0000023a68370000,0x0000023a68470000] _byte_map_base: 0x0000023a67c70000

Marking Bits (Prev, Next): (CMBitMap*) 0x0000023a5529e850, (CMBitMap*) 0x0000023a5529e890
 Prev Bits: [0x0000023a68570000, 0x0000023a68d70000)
 Next Bits: [0x0000023a68d70000, 0x0000023a69570000)

Polling page: 0x0000023a533b0000

Metaspace:

Usage:
  Non-class:     49.91 MB used.
      Class:      8.00 MB used.
       Both:     57.91 MB used.

Virtual space:
  Non-class space:       64.00 MB reserved,      50.19 MB ( 78%) committed,  1 nodes.
      Class space:      320.00 MB reserved,       8.25 MB (  3%) committed,  1 nodes.
             Both:      384.00 MB reserved,      58.44 MB ( 15%) committed. 

Chunk freelists:
   Non-Class:  13.81 MB
       Class:  7.80 MB
        Both:  21.61 MB

MaxMetaspaceSize: 384.00 MB
CompressedClassSpaceSize: 320.00 MB
Initial GC threshold: 21.00 MB
Current GC threshold: 58.69 MB
CDS: off
MetaspaceReclaimPolicy: balanced
 - commit_granule_bytes: 65536.
 - commit_granule_words: 8192.
 - virtual_space_node_default_size: 8388608.
 - enlarge_chunks_in_place: 1.
 - new_chunks_are_fully_committed: 0.
 - uncommit_free_chunks: 1.
 - use_allocation_guard: 0.
 - handle_deallocations: 1.


Internal statistics:

num_allocs_failed_limit: 6.
num_arena_births: 556.
num_arena_deaths: 0.
num_vsnodes_births: 2.
num_vsnodes_deaths: 0.
num_space_committed: 935.
num_space_uncommitted: 0.
num_chunks_returned_to_freelist: 6.
num_chunks_taken_from_freelist: 2580.
num_chunk_merges: 6.
num_chunk_splits: 1681.
num_chunks_enlarged: 1111.
num_inconsistent_stats: 0.

CodeHeap 'non-profiled nmethods': size=119168Kb used=3280Kb max_used=3280Kb free=115887Kb
 bounds [0x0000023a60580000, 0x0000023a608c0000, 0x0000023a679e0000]
CodeHeap 'profiled nmethods': size=119104Kb used=10018Kb max_used=10549Kb free=109085Kb
 bounds [0x0000023a589e0000, 0x0000023a59440000, 0x0000023a5fe30000]
CodeHeap 'non-nmethods': size=7488Kb used=4001Kb max_used=4088Kb free=3486Kb
 bounds [0x0000023a5fe30000, 0x0000023a60240000, 0x0000023a60580000]
 total_blobs=5838 nmethods=5009 adapters=737
 compilation: enabled
              stopped_count=0, restarted_count=0
 full_count=0

Compilation events (20 events):
Event: 4.890 Thread 0x0000023a6c897700 5733       3       com.google.common.collect.MapMakerInternalMap$Segment::drainKeyReferenceQueue (42 bytes)
Event: 4.890 Thread 0x0000023a6c6f42b0 5735       3       com.google.common.collect.MapMakerInternalMap$WeakKeyDummyValueEntry$Helper::setValue (17 bytes)
Event: 4.890 Thread 0x0000023a6c501d20 5734       3       com.google.common.collect.MapMakerInternalMap$WeakKeyDummyValueEntry$Helper::newEntry (16 bytes)
Event: 4.890 Thread 0x0000023a6c897c20 nmethod 5732 0x0000023a58a69d90 code [0x0000023a58a69f20, 0x0000023a58a6a0e8]
Event: 4.890 Thread 0x0000023a6c897c20 5736       3       com.google.common.collect.MapMakerInternalMap$WeakKeyDummyValueEntry$Helper::setValue (1 bytes)
Event: 4.890 Thread 0x0000023a6c501d20 nmethod 5734 0x0000023a58a69810 code [0x0000023a58a699c0, 0x0000023a58a69cc8]
Event: 4.890 Thread 0x0000023a6c6f42b0 nmethod 5735 0x0000023a58a69110 code [0x0000023a58a692c0, 0x0000023a58a696d8]
Event: 4.891 Thread 0x0000023a6c501d20 5737       3       com.google.common.collect.MapMakerInternalMap$WeakKeyDummyValueEntry$LinkedWeakKeyDummyValueEntry::getNext (5 bytes)
Event: 4.891 Thread 0x0000023a6c897c20 nmethod 5736 0x0000023a58b69210 code [0x0000023a58b693a0, 0x0000023a58b694b8]
Event: 4.891 Thread 0x0000023a6c501d20 nmethod 5737 0x0000023a5900bd90 code [0x0000023a5900bf20, 0x0000023a5900c038]
Event: 4.891 Thread 0x0000023a6c897700 nmethod 5733 0x0000023a58a68310 code [0x0000023a58a68520, 0x0000023a58a68d68]
Event: 4.891 Thread 0x0000023a75a2b9f0 nmethod 5722 0x0000023a6086d410 code [0x0000023a6086d600, 0x0000023a6086e5e8]
Event: 4.901 Thread 0x0000023a6c501d20 5738       3       com.google.common.cache.LocalCache$AbstractReferenceEntry::<init> (5 bytes)
Event: 4.901 Thread 0x0000023a6c501d20 nmethod 5738 0x0000023a5903b790 code [0x0000023a5903b920, 0x0000023a5903ba78]
Event: 4.901 Thread 0x0000023a6c501d20 5739       3       java.lang.invoke.MethodTypeForm::<init> (322 bytes)
Event: 4.902 Thread 0x0000023a6c501d20 nmethod 5739 0x0000023a58aa5110 code [0x0000023a58aa5400, 0x0000023a58aa6b08]
Event: 4.997 Thread 0x0000023a6c897c20 5741       1       java.util.Spliterators$EmptySpliterator::characteristics (4 bytes)
Event: 5.262 Thread 0x0000023a6c897700 5742       3       java.util.concurrent.locks.AbstractQueuedSynchronizer$ConditionObject::unlinkCancelledWaiters (91 bytes)
Event: 5.371 Thread 0x0000023a6c501d20 5743       3       java.util.concurrent.locks.ReentrantLock$NonfairSync::tryAcquire (27 bytes)
Event: 5.434 Thread 0x0000023a6c6f42b0 5744   !   3       java.util.concurrent.LinkedBlockingQueue::poll (128 bytes)

GC Heap History (10 events):
Event: 0.421 GC heap before
{Heap before GC invocations=0 (full 0):
 garbage-first heap   total 262144K, used 26624K [0x00000000e0000000, 0x0000000100000000)
  region size 1024K, 23 young (23552K), 0 survivors (0K)
 Metaspace       used 10068K, committed 10240K, reserved 393216K
  class space    used 1001K, committed 1088K, reserved 327680K
}
Event: 0.423 GC heap after
{Heap after GC invocations=1 (full 0):
 garbage-first heap   total 262144K, used 10383K [0x00000000e0000000, 0x0000000100000000)
  region size 1024K, 3 young (3072K), 3 survivors (3072K)
 Metaspace       used 10068K, committed 10240K, reserved 393216K
  class space    used 1001K, committed 1088K, reserved 327680K
}
Event: 0.695 GC heap before
{Heap before GC invocations=1 (full 0):
 garbage-first heap   total 262144K, used 38031K [0x00000000e0000000, 0x0000000100000000)
  region size 1024K, 30 young (30720K), 3 survivors (3072K)
 Metaspace       used 11526K, committed 11712K, reserved 393216K
  class space    used 1199K, committed 1280K, reserved 327680K
}
Event: 0.698 GC heap after
{Heap after GC invocations=2 (full 0):
 garbage-first heap   total 262144K, used 11494K [0x00000000e0000000, 0x0000000100000000)
  region size 1024K, 1 young (1024K), 1 survivors (1024K)
 Metaspace       used 11526K, committed 11712K, reserved 393216K
  class space    used 1199K, committed 1280K, reserved 327680K
}
Event: 1.543 GC heap before
{Heap before GC invocations=2 (full 0):
 garbage-first heap   total 262144K, used 64742K [0x00000000e0000000, 0x0000000100000000)
  region size 1024K, 54 young (55296K), 1 survivors (1024K)
 Metaspace       used 21285K, committed 21504K, reserved 393216K
  class space    used 2492K, committed 2624K, reserved 327680K
}
Event: 1.547 GC heap after
{Heap after GC invocations=3 (full 0):
 garbage-first heap   total 262144K, used 19293K [0x00000000e0000000, 0x0000000100000000)
  region size 1024K, 9 young (9216K), 9 survivors (9216K)
 Metaspace       used 21285K, committed 21504K, reserved 393216K
  class space    used 2492K, committed 2624K, reserved 327680K
}
Event: 2.556 GC heap before
{Heap before GC invocations=4 (full 0):
 garbage-first heap   total 262144K, used 122717K [0x00000000e0000000, 0x0000000100000000)
  region size 1024K, 111 young (113664K), 9 survivors (9216K)
 Metaspace       used 35606K, committed 35968K, reserved 393216K
  class space    used 4849K, committed 5056K, reserved 327680K
}
Event: 2.561 GC heap after
{Heap after GC invocations=5 (full 0):
 garbage-first heap   total 262144K, used 24101K [0x00000000e0000000, 0x0000000100000000)
  region size 1024K, 14 young (14336K), 14 survivors (14336K)
 Metaspace       used 35606K, committed 35968K, reserved 393216K
  class space    used 4849K, committed 5056K, reserved 327680K
}
Event: 3.984 GC heap before
{Heap before GC invocations=6 (full 0):
 garbage-first heap   total 262144K, used 172581K [0x00000000e0000000, 0x0000000100000000)
  region size 1024K, 153 young (156672K), 14 survivors (14336K)
 Metaspace       used 53693K, committed 54080K, reserved 393216K
  class space    used 7229K, committed 7424K, reserved 327680K
}
Event: 3.991 GC heap after
{Heap after GC invocations=7 (full 0):
 garbage-first heap   total 262144K, used 34211K [0x00000000e0000000, 0x0000000100000000)
  region size 1024K, 15 young (15360K), 15 survivors (15360K)
 Metaspace       used 53693K, committed 54080K, reserved 393216K
  class space    used 7229K, committed 7424K, reserved 327680K
}

Dll operation events (3 events):
Event: 0.007 Loaded shared library D:\IntelliJ IDEA 2023.2.8\jbr\bin\java.dll
Event: 0.093 Loaded shared library D:\IntelliJ IDEA 2023.2.8\jbr\bin\zip.dll
Event: 0.287 Loaded shared library D:\IntelliJ IDEA 2023.2.8\jbr\bin\verify.dll

Deoptimization events (20 events):
Event: 4.786 Thread 0x0000023a79155780 Uncommon trap: trap_request=0xffffff45 fr.pc=0x0000023a607e056c relative=0x000000000000034c
Event: 4.786 Thread 0x0000023a79155780 Uncommon trap: reason=unstable_if action=reinterpret pc=0x0000023a607e056c method=java.util.HashMap$HashIterator.<init>(Ljava/util/HashMap;)V @ 45 c2
Event: 4.786 Thread 0x0000023a79155780 DEOPT PACKING pc=0x0000023a607e056c sp=0x000000aa654ff1e0
Event: 4.786 Thread 0x0000023a79155780 DEOPT UNPACKING pc=0x0000023a5fe869a3 sp=0x000000aa654ff198 mode 2
Event: 4.788 Thread 0x0000023a73ada5c0 Uncommon trap: trap_request=0xffffffcc fr.pc=0x0000023a60874d3c relative=0x000000000000011c
Event: 4.788 Thread 0x0000023a73ada5c0 Uncommon trap: reason=intrinsic_or_type_checked_inlining action=make_not_entrant pc=0x0000023a60874d3c method=java.util.ArrayList.toArray([Ljava/lang/Object;)[Ljava/lang/Object; @ 36 c2
Event: 4.788 Thread 0x0000023a73ada5c0 DEOPT PACKING pc=0x0000023a60874d3c sp=0x000000aa64afe1c0
Event: 4.788 Thread 0x0000023a73ada5c0 DEOPT UNPACKING pc=0x0000023a5fe869a3 sp=0x000000aa64afe160 mode 2
Event: 4.851 Thread 0x0000023a73ada5c0 Uncommon trap: trap_request=0xffffffc6 fr.pc=0x0000023a6080a9a8 relative=0x0000000000000188
Event: 4.851 Thread 0x0000023a73ada5c0 Uncommon trap: reason=bimorphic_or_optimized_type_check action=maybe_recompile pc=0x0000023a6080a9a8 method=java.util.stream.StreamOpFlag.fromCharacteristics(Ljava/util/Spliterator;)I @ 14 c2
Event: 4.851 Thread 0x0000023a73ada5c0 DEOPT PACKING pc=0x0000023a6080a9a8 sp=0x000000aa64afe7d0
Event: 4.851 Thread 0x0000023a73ada5c0 DEOPT UNPACKING pc=0x0000023a5fe869a3 sp=0x000000aa64afe6b8 mode 2
Event: 4.867 Thread 0x0000023a73ada5c0 Uncommon trap: trap_request=0xffffff45 fr.pc=0x0000023a607df81c relative=0x000000000000007c
Event: 4.867 Thread 0x0000023a73ada5c0 Uncommon trap: reason=unstable_if action=reinterpret pc=0x0000023a607df81c method=java.util.Spliterator.getExactSizeIfKnown()J @ 9 c2
Event: 4.867 Thread 0x0000023a73ada5c0 DEOPT PACKING pc=0x0000023a607df81c sp=0x000000aa64afdad0
Event: 4.867 Thread 0x0000023a73ada5c0 DEOPT UNPACKING pc=0x0000023a5fe869a3 sp=0x000000aa64afda68 mode 2
Event: 4.873 Thread 0x0000023a79156bc0 Uncommon trap: trap_request=0xffffffde fr.pc=0x0000023a60736660 relative=0x00000000000009e0
Event: 4.873 Thread 0x0000023a79156bc0 Uncommon trap: reason=class_check action=maybe_recompile pc=0x0000023a60736660 method=java.io.BufferedInputStream.read1([BII)I @ 39 c2
Event: 4.873 Thread 0x0000023a79156bc0 DEOPT PACKING pc=0x0000023a60736660 sp=0x000000aa656fe1d0
Event: 4.873 Thread 0x0000023a79156bc0 DEOPT UNPACKING pc=0x0000023a5fe869a3 sp=0x000000aa656fe0e8 mode 2

Classes unloaded (0 events):
No events

Classes redefined (0 events):
No events

Internal exceptions (20 events):
Event: 4.739 Thread 0x0000023a724b9130 Exception <a 'java/lang/ClassNotFoundException'{0x00000000eb617308}: com/google/common/collect/RegularImmutableListCustomizer> (0x00000000eb617308) 
thrown [s\src\hotspot\share\classfile\systemDictionary.cpp, line 256]
Event: 4.752 Thread 0x0000023a724b9130 Exception <a 'java/lang/ClassNotFoundException'{0x00000000eb587fb0}: org/gradle/language/jvm/tasks/ProcessResources_DecoratedBeanInfo> (0x00000000eb587fb0) 
thrown [s\src\hotspot\share\classfile\systemDictionary.cpp, line 256]
Event: 4.753 Thread 0x0000023a724b9130 Exception <a 'java/lang/ClassNotFoundException'{0x00000000eb594df0}: org/gradle/language/jvm/tasks/ProcessResourcesBeanInfo> (0x00000000eb594df0) 
thrown [s\src\hotspot\share\classfile\systemDictionary.cpp, line 256]
Event: 4.753 Thread 0x0000023a724b9130 Exception <a 'java/lang/ClassNotFoundException'{0x00000000eb59f400}: org/gradle/api/tasks/CopyBeanInfo> (0x00000000eb59f400) 
thrown [s\src\hotspot\share\classfile\systemDictionary.cpp, line 256]
Event: 4.753 Thread 0x0000023a724b9130 Exception <a 'java/lang/ClassNotFoundException'{0x00000000eb5aa068}: org/gradle/api/tasks/AbstractCopyTaskBeanInfo> (0x00000000eb5aa068) 
thrown [s\src\hotspot\share\classfile\systemDictionary.cpp, line 256]
Event: 4.754 Thread 0x0000023a724b9130 Exception <a 'java/lang/ClassNotFoundException'{0x00000000eb5b47d8}: org/gradle/api/tasks/AbstractCopyTaskCustomizer> (0x00000000eb5b47d8) 
thrown [s\src\hotspot\share\classfile\systemDictionary.cpp, line 256]
Event: 4.756 Thread 0x0000023a724b9130 Exception <a 'java/lang/ClassNotFoundException'{0x00000000eb431b38}: org/gradle/api/tasks/CopyCustomizer> (0x00000000eb431b38) 
thrown [s\src\hotspot\share\classfile\systemDictionary.cpp, line 256]
Event: 4.758 Thread 0x0000023a724b9130 Exception <a 'java/lang/ClassNotFoundException'{0x00000000eb455950}: org/gradle/language/jvm/tasks/ProcessResourcesCustomizer> (0x00000000eb455950) 
thrown [s\src\hotspot\share\classfile\systemDictionary.cpp, line 256]
Event: 4.759 Thread 0x0000023a724b9130 Exception <a 'java/lang/ClassNotFoundException'{0x00000000eb4767c0}: org/gradle/language/jvm/tasks/ProcessResources_DecoratedCustomizer> (0x00000000eb4767c0) 
thrown [s\src\hotspot\share\classfile\systemDictionary.cpp, line 256]
Event: 4.761 Thread 0x0000023a724b9130 Exception <a 'java/lang/ClassNotFoundException'{0x00000000eb317448}: org/gradle/api/DefaultTask_DecoratedBeanInfo> (0x00000000eb317448) 
thrown [s\src\hotspot\share\classfile\systemDictionary.cpp, line 256]
Event: 4.762 Thread 0x0000023a724b9130 Exception <a 'java/lang/ClassNotFoundException'{0x00000000eb3219f0}: org/gradle/api/DefaultTask_DecoratedCustomizer> (0x00000000eb3219f0) 
thrown [s\src\hotspot\share\classfile\systemDictionary.cpp, line 256]
Event: 4.798 Thread 0x0000023a73ada5c0 Exception <a 'java/lang/NoSuchMethodError'{0x00000000eafbbbd0}: 'java.lang.Object java.lang.invoke.DirectMethodHandle$Holder.newInvokeSpecial(java.lang.Object, java.lang.Object, java.lang.Object, java.lang.Object, int, java.lang.Object)'> (0x00000000eafbbbd0) 
thrown [s\src\hotspot\share\interpreter\linkResolver.cpp, line 771]
Event: 4.798 Thread 0x0000023a73ada5c0 Exception <a 'java/lang/NoSuchMethodError'{0x00000000eafbfef8}: 'java.lang.Object java.lang.invoke.DirectMethodHandle$Holder.invokeSpecial(java.lang.Object, java.lang.Object, java.lang.Object, java.lang.Object, java.lang.Object, int, java.lang.Object)'> (0x00000000eafbfef8) 
thrown [s\src\hotspot\share\interpreter\linkResolver.cpp, line 771]
Event: 4.798 Thread 0x0000023a73ada5c0 Exception <a 'java/lang/NoSuchMethodError'{0x00000000eafc3a88}: 'java.lang.Object java.lang.invoke.Invokers$Holder.linkToTargetMethod(java.lang.Object, java.lang.Object, java.lang.Object, int, java.lang.Object, java.lang.Object)'> (0x00000000eafc3a88) 
thrown [s\src\hotspot\share\interpreter\linkResolver.cpp, line 771]
Event: 4.808 Thread 0x0000023a73ada5c0 Exception <a 'java/lang/NoSuchMethodError'{0x00000000eae59828}: 'void java.lang.invoke.DirectMethodHandle$Holder.invokeInterface(java.lang.Object, java.lang.Object, java.lang.Object, java.lang.Object)'> (0x00000000eae59828) 
thrown [s\src\hotspot\share\interpreter\linkResolver.cpp, line 771]
Event: 4.863 Thread 0x0000023a724ba570 Exception <a 'java/lang/NoSuchMethodError'{0x00000000ebaa3e08}: static Lorg/gradle/internal/build/event/types/DefaultTaskStartedProgressEvent;.<clinit>()V> (0x00000000ebaa3e08) 
thrown [s\src\hotspot\share\prims\jni.cpp, line 1113]
Event: 4.863 Thread 0x0000023a724ba570 Exception <a 'java/lang/NoSuchMethodError'{0x00000000ebaa5e70}: static Lorg/gradle/internal/build/event/types/AbstractProgressEvent;.<clinit>()V> (0x00000000ebaa5e70) 
thrown [s\src\hotspot\share\prims\jni.cpp, line 1113]
Event: 4.865 Thread 0x0000023a724ba570 Exception <a 'java/lang/NoSuchMethodError'{0x00000000eaca7e30}: static Lorg/gradle/internal/build/event/types/DefaultTaskDescriptor;.<clinit>()V> (0x00000000eaca7e30) 
thrown [s\src\hotspot\share\prims\jni.cpp, line 1113]
Event: 4.867 Thread 0x0000023a724ba570 Exception <a 'java/lang/NoSuchMethodError'{0x00000000eacd0828}: static Lorg/gradle/internal/operations/OperationIdentifier;.<clinit>()V> (0x00000000eacd0828) 
thrown [s\src\hotspot\share\prims\jni.cpp, line 1113]
Event: 4.867 Thread 0x0000023a724ba570 Exception <a 'java/lang/NoSuchMethodError'{0x00000000eab03b48}: static Lorg/gradle/internal/build/event/types/DefaultBinaryPluginIdentifier;.<clinit>()V> (0x00000000eab03b48) 
thrown [s\src\hotspot\share\prims\jni.cpp, line 1113]

VM Operations (20 events):
Event: 4.015 Executing VM operation: HandshakeAllThreads
Event: 4.015 Executing VM operation: HandshakeAllThreads done
Event: 4.028 Executing VM operation: HandshakeAllThreads
Event: 4.028 Executing VM operation: HandshakeAllThreads done
Event: 4.038 Executing VM operation: HandshakeAllThreads
Event: 4.038 Executing VM operation: HandshakeAllThreads done
Event: 4.092 Executing VM operation: ICBufferFull
Event: 4.092 Executing VM operation: ICBufferFull done
Event: 4.273 Executing VM operation: ICBufferFull
Event: 4.273 Executing VM operation: ICBufferFull done
Event: 4.451 Executing VM operation: HandshakeAllThreads
Event: 4.451 Executing VM operation: HandshakeAllThreads done
Event: 4.455 Executing VM operation: HandshakeAllThreads
Event: 4.455 Executing VM operation: HandshakeAllThreads done
Event: 4.523 Executing VM operation: ICBufferFull
Event: 4.523 Executing VM operation: ICBufferFull done
Event: 4.741 Executing VM operation: HandshakeAllThreads
Event: 4.741 Executing VM operation: HandshakeAllThreads done
Event: 4.854 Executing VM operation: ICBufferFull
Event: 4.854 Executing VM operation: ICBufferFull done

Events (20 events):
Event: 4.863 loading class java/io/ObjectStreamClass$4
Event: 4.863 loading class java/io/ObjectStreamClass$4 done
Event: 4.863 loading class java/io/ObjectStreamClass$5
Event: 4.863 loading class java/io/ObjectStreamClass$5 done
Event: 4.864 loading class java/io/ObjectStreamClass$ClassDataSlot
Event: 4.864 loading class java/io/ObjectStreamClass$ClassDataSlot done
Event: 4.865 loading class jdk/internal/reflect/UnsafeQualifiedStaticLongFieldAccessorImpl
Event: 4.865 loading class jdk/internal/reflect/UnsafeQualifiedStaticLongFieldAccessorImpl done
Event: 4.866 loading class java/io/SerialCallbackContext
Event: 4.866 loading class java/io/SerialCallbackContext done
Event: 4.886 loading class java/util/stream/ReferencePipeline$4
Event: 4.886 loading class java/util/stream/ReferencePipeline$4 done
Event: 4.888 loading class java/util/stream/ReduceOps$6
Event: 4.888 loading class java/util/stream/ReduceOps$6 done
Event: 4.888 loading class java/util/stream/ReduceOps$5ReducingSink
Event: 4.888 loading class java/util/stream/ReduceOps$5ReducingSink done
Event: 4.888 loading class java/util/stream/ReferencePipeline$4$1
Event: 4.888 loading class java/util/stream/ReferencePipeline$4$1 done
Event: 4.997 Thread 0x0000023a73b00940 Thread exited: 0x0000023a73b00940
Event: 4.998 Thread 0x0000023a75a2b9f0 Thread exited: 0x0000023a75a2b9f0


Dynamic libraries:
0x00007ff737dc0000 - 0x00007ff737dca000 	D:\IntelliJ IDEA 2023.2.8\jbr\bin\java.exe
0x00007ffee5220000 - 0x00007ffee5486000 	C:\WINDOWS\SYSTEM32\ntdll.dll
0x00007ffee42a0000 - 0x00007ffee4369000 	C:\WINDOWS\System32\KERNEL32.DLL
0x00007ffee2740000 - 0x00007ffee2b3e000 	C:\WINDOWS\System32\KERNELBASE.dll
0x00007ffee2df0000 - 0x00007ffee2f3c000 	C:\WINDOWS\System32\ucrtbase.dll
0x00007ffecc8a0000 - 0x00007ffecc8b7000 	D:\IntelliJ IDEA 2023.2.8\jbr\bin\jli.dll
0x00007ffee2f50000 - 0x00007ffee3117000 	C:\WINDOWS\System32\USER32.dll
0x00007ffee2440000 - 0x00007ffee2467000 	C:\WINDOWS\System32\win32u.dll
0x00007ffee1890000 - 0x00007ffee1b22000 	C:\WINDOWS\WinSxS\amd64_microsoft.windows.common-controls_6595b64144ccf1df_6.0.26100.8875_none_3e0d5d42e32fe9dd\COMCTL32.dll
0x00007ffee3a10000 - 0x00007ffee3a3b000 	C:\WINDOWS\System32\GDI32.dll
0x00007ffee3f10000 - 0x00007ffee3fb9000 	C:\WINDOWS\System32\msvcrt.dll
0x00007ffee2c00000 - 0x00007ffee2d2a000 	C:\WINDOWS\System32\gdi32full.dll
0x00007ffee2b50000 - 0x00007ffee2bf3000 	C:\WINDOWS\System32\msvcp_win.dll
0x00007ffecd470000 - 0x00007ffecd48b000 	D:\IntelliJ IDEA 2023.2.8\jbr\bin\VCRUNTIME140.dll
0x00007ffee5040000 - 0x00007ffee5072000 	C:\WINDOWS\System32\IMM32.DLL
0x00007ffecd460000 - 0x00007ffecd46c000 	D:\IntelliJ IDEA 2023.2.8\jbr\bin\vcruntime140_1.dll
0x00007ffe9cb90000 - 0x00007ffe9cc1d000 	D:\IntelliJ IDEA 2023.2.8\jbr\bin\msvcp140.dll
0x00007ffe3f730000 - 0x00007ffe403b5000 	D:\IntelliJ IDEA 2023.2.8\jbr\bin\server\jvm.dll
0x00007ffee4f80000 - 0x00007ffee5037000 	C:\WINDOWS\System32\ADVAPI32.dll
0x00007ffee36a0000 - 0x00007ffee374a000 	C:\WINDOWS\System32\sechost.dll
0x00007ffee3580000 - 0x00007ffee3698000 	C:\WINDOWS\System32\RPCRT4.dll
0x00007ffed01a0000 - 0x00007ffed01aa000 	C:\WINDOWS\SYSTEM32\WSOCK32.dll
0x00007ffee22a0000 - 0x00007ffee22fe000 	C:\WINDOWS\SYSTEM32\POWRPROF.dll
0x00007ffee38c0000 - 0x00007ffee3940000 	C:\WINDOWS\System32\WS2_32.dll
0x00007ffed33a0000 - 0x00007ffed33ab000 	C:\WINDOWS\SYSTEM32\VERSION.dll
0x00007ffecc150000 - 0x00007ffecc186000 	C:\WINDOWS\SYSTEM32\WINMM.dll
0x00007ffee2280000 - 0x00007ffee2294000 	C:\WINDOWS\SYSTEM32\UMPDC.dll
0x00007ffee07b0000 - 0x00007ffee07cb000 	C:\WINDOWS\SYSTEM32\kernel.appcore.dll
0x00007ffedc080000 - 0x00007ffedc08a000 	D:\IntelliJ IDEA 2023.2.8\jbr\bin\jimage.dll
0x00007ffee1c40000 - 0x00007ffee1e82000 	C:\WINDOWS\SYSTEM32\DBGHELP.DLL
0x00007ffee3180000 - 0x00007ffee3503000 	C:\WINDOWS\System32\combase.dll
0x00007ffee41c0000 - 0x00007ffee4299000 	C:\WINDOWS\System32\OLEAUT32.dll
0x00007ffee1b30000 - 0x00007ffee1b6b000 	C:\WINDOWS\SYSTEM32\dbgcore.DLL
0x00007ffee2680000 - 0x00007ffee272c000 	C:\WINDOWS\System32\bcryptPrimitives.dll
0x00007ffecd1f0000 - 0x00007ffecd1fe000 	D:\IntelliJ IDEA 2023.2.8\jbr\bin\instrument.dll
0x00007ffecd690000 - 0x00007ffecd6b5000 	D:\IntelliJ IDEA 2023.2.8\jbr\bin\java.dll
0x00007ffecdac0000 - 0x00007ffecdad8000 	D:\IntelliJ IDEA 2023.2.8\jbr\bin\zip.dll
0x00007ffee4640000 - 0x00007ffee4dd2000 	C:\WINDOWS\System32\SHELL32.dll
0x00007ffedf3e0000 - 0x00007ffedfc72000 	C:\WINDOWS\SYSTEM32\windows.storage.dll
0x00007ffee4de0000 - 0x00007ffee4ed7000 	C:\WINDOWS\System32\SHCORE.dll
0x00007ffee3510000 - 0x00007ffee3577000 	C:\WINDOWS\System32\shlwapi.dll
0x00007ffee2360000 - 0x00007ffee2389000 	C:\WINDOWS\SYSTEM32\profapi.dll
0x00007ffecd670000 - 0x00007ffecd689000 	D:\IntelliJ IDEA 2023.2.8\jbr\bin\net.dll
0x00007ffed31d0000 - 0x00007ffed32f7000 	C:\WINDOWS\SYSTEM32\WINHTTP.dll
0x00007ffee0d00000 - 0x00007ffee0d6c000 	C:\WINDOWS\system32\mswsock.dll
0x00007ffecd2c0000 - 0x00007ffecd2d6000 	D:\IntelliJ IDEA 2023.2.8\jbr\bin\nio.dll
0x00007ffecd940000 - 0x00007ffecd950000 	D:\IntelliJ IDEA 2023.2.8\jbr\bin\verify.dll
0x00007ffecc840000 - 0x00007ffecc867000 	C:\Users\user\.gradle\native\c067742578af261105cb4f569cf0c3c89f3d7b1fecec35dd04571415982c5e48\windows-amd64\native-platform.dll
0x00007ffe966a0000 - 0x00007ffe967e4000 	C:\Users\user\.gradle\native\38dada09dfb8b06ba9b0570ebf7e218e3eb74d4ef43ca46872605cf95ebc2f47\windows-amd64\native-platform-file-events.dll
0x00007ffecd290000 - 0x00007ffecd299000 	D:\IntelliJ IDEA 2023.2.8\jbr\bin\management.dll
0x00007ffecd280000 - 0x00007ffecd28b000 	D:\IntelliJ IDEA 2023.2.8\jbr\bin\management_ext.dll
0x00007ffee3f00000 - 0x00007ffee3f08000 	C:\WINDOWS\System32\PSAPI.DLL
0x00007ffee1fb0000 - 0x00007ffee1fcb000 	C:\WINDOWS\SYSTEM32\CRYPTSP.dll
0x00007ffee1200000 - 0x00007ffee1239000 	C:\WINDOWS\system32\rsaenh.dll
0x00007ffee0d80000 - 0x00007ffee0db2000 	C:\WINDOWS\SYSTEM32\USERENV.dll
0x00007ffee2330000 - 0x00007ffee235a000 	C:\WINDOWS\SYSTEM32\bcrypt.dll
0x00007ffee11e0000 - 0x00007ffee11ec000 	C:\WINDOWS\SYSTEM32\CRYPTBASE.dll
0x00007ffee02f0000 - 0x00007ffee0323000 	C:\WINDOWS\SYSTEM32\IPHLPAPI.DLL
0x00007ffee4610000 - 0x00007ffee461a000 	C:\WINDOWS\System32\NSI.dll
0x00007ffed9300000 - 0x00007ffed931d000 	C:\WINDOWS\SYSTEM32\dhcpcsvc6.DLL
0x00007ffed91f0000 - 0x00007ffed9215000 	C:\WINDOWS\SYSTEM32\dhcpcsvc.DLL
0x00007ffee0330000 - 0x00007ffee0486000 	C:\WINDOWS\SYSTEM32\DNSAPI.dll
0x00007ffee0b00000 - 0x00007ffee0b0d000 	C:\WINDOWS\SYSTEM32\DSPARSE.dll
0x00007ffecd2a0000 - 0x00007ffecd2a9000 	D:\IntelliJ IDEA 2023.2.8\jbr\bin\extnet.dll
0x00007ffecd660000 - 0x00007ffecd66e000 	D:\IntelliJ IDEA 2023.2.8\jbr\bin\sunmscapi.dll
0x00007ffee2500000 - 0x00007ffee2678000 	C:\WINDOWS\System32\CRYPT32.dll
0x00007ffee14d0000 - 0x00007ffee1500000 	C:\WINDOWS\SYSTEM32\ncrypt.dll
0x00007ffee13c0000 - 0x00007ffee13ff000 	C:\WINDOWS\SYSTEM32\NTASN1.dll
0x00007ffebff80000 - 0x00007ffebff88000 	C:\WINDOWS\system32\wshunix.dll

dbghelp: loaded successfully - version: 4.0.5 - missing functions: none
symbol engine: initialized successfully - sym options: 0x614 - pdb path: .;D:\IntelliJ IDEA 2023.2.8\jbr\bin;C:\WINDOWS\SYSTEM32;C:\WINDOWS\WinSxS\amd64_microsoft.windows.common-controls_6595b64144ccf1df_6.0.26100.8875_none_3e0d5d42e32fe9dd;D:\IntelliJ IDEA 2023.2.8\jbr\bin\server;C:\Users\user\.gradle\native\c067742578af261105cb4f569cf0c3c89f3d7b1fecec35dd04571415982c5e48\windows-amd64;C:\Users\user\.gradle\native\38dada09dfb8b06ba9b0570ebf7e218e3eb74d4ef43ca46872605cf95ebc2f47\windows-amd64

VM Arguments:
jvm_args: --add-opens=java.base/java.util=ALL-UNNAMED --add-opens=java.base/java.lang=ALL-UNNAMED --add-opens=java.base/java.lang.invoke=ALL-UNNAMED --add-opens=java.prefs/java.util.prefs=ALL-UNNAMED --add-opens=java.base/java.nio.charset=ALL-UNNAMED --add-opens=java.base/java.net=ALL-UNNAMED --add-opens=java.base/java.util.concurrent.atomic=ALL-UNNAMED -XX:MaxMetaspaceSize=384m -XX:+HeapDumpOnOutOfMemoryError -Xms256m -Xmx512m -Dfile.encoding=UTF-8 -Duser.country=KR -Duser.language=ko -Duser.variant -javaagent:C:\Users\user\.gradle\wrapper\dists\gradle-8.7-bin\bhs2wmbdwecv87pi65oeuq5iu\gradle-8.7\lib\agents\gradle-instrumentation-agent-8.7.jar 
java_command: org.gradle.launcher.daemon.bootstrap.GradleDaemon 8.7
java_class_path (initial): C:\Users\user\.gradle\wrapper\dists\gradle-8.7-bin\bhs2wmbdwecv87pi65oeuq5iu\gradle-8.7\lib\gradle-launcher-8.7.jar
Launcher Type: SUN_STANDARD

[Global flags]
     intx CICompilerCount                          = 12                                        {product} {ergonomic}
   size_t CompressedClassSpaceSize                 = 335544320                                 {product} {ergonomic}
     uint ConcGCThreads                            = 3                                         {product} {ergonomic}
     uint G1ConcRefinementThreads                  = 13                                        {product} {ergonomic}
   size_t G1HeapRegionSize                         = 1048576                                   {product} {ergonomic}
    uintx GCDrainStackTargetSize                   = 64                                        {product} {ergonomic}
     bool HeapDumpOnOutOfMemoryError               = true                                   {manageable} {command line}
   size_t InitialHeapSize                          = 268435456                                 {product} {command line}
   size_t MarkStackSize                            = 4194304                                   {product} {ergonomic}
   size_t MaxHeapSize                              = 536870912                                 {product} {command line}
   size_t MaxMetaspaceSize                         = 402653184                                 {product} {command line}
   size_t MaxNewSize                               = 321912832                                 {product} {ergonomic}
   size_t MinHeapDeltaBytes                        = 1048576                                   {product} {ergonomic}
   size_t MinHeapSize                              = 268435456                                 {product} {command line}
    uintx NonNMethodCodeHeapSize                   = 7602480                                {pd product} {ergonomic}
    uintx NonProfiledCodeHeapSize                  = 122027880                              {pd product} {ergonomic}
    uintx ProfiledCodeHeapSize                     = 122027880                              {pd product} {ergonomic}
    uintx ReservedCodeCacheSize                    = 251658240                              {pd product} {ergonomic}
     bool SegmentedCodeCache                       = true                                      {product} {ergonomic}
   size_t SoftMaxHeapSize                          = 536870912                              {manageable} {ergonomic}
     bool UseCompressedClassPointers               = true                           {product lp64_product} {ergonomic}
     bool UseCompressedOops                        = true                           {product lp64_product} {ergonomic}
     bool UseG1GC                                  = true                                      {product} {ergonomic}
     bool UseLargePagesIndividualAllocation        = false                                  {pd product} {ergonomic}

Logging:
Log output configuration:
 #0: stdout all=warning uptime,level,tags
 #1: stderr all=off uptime,level,tags

Environment Variables:
JAVA_HOME=C:\GMCC\Tools\jdk1.7_x64
PATH=C:\WINDOWS\system32;C:\WINDOWS;C:\WINDOWS\System32\Wbem;C:\WINDOWS\System32\WindowsPowerShell\v1.0\;C:\WINDOWS\System32\OpenSSH\;C:\Program Files\PuTTY\;C:\Program Files\PyManager\;C:\GMCC\Tools\jdk1.7_x64\bin;C:\Program Files (x86)\Clipsoft\CLIP report 4.0\jre\bin;C:\Program Files\nodejs\;C:\Program Files\Git\cmd;C:\Users\user\AppData\Local\agy\bin;C:\Users\user\.local\bin;C:\Users\user\AppData\Local\Microsoft\WindowsApps;C:\Users\user\AppData\Local\PowerToys\DSCModules\;C:\GMCC\Tools\jdk1.7_x64\bin;D:\IntelliJ IDEA 2023.2.8\bin;;D:\Microsoft VS Code\bin;C:\Program Files (x86)\Clipsoft\CLIP report 4.0\jre\bin;C:\Users\user\AppData\Roaming\npm;C:\Users\user\AppData\Local\GitHubDesktop\bin
USERNAME=user
TMPDIR=C:\Users\Public\Documents\ESTsoft\CreatorTemp
OS=Windows_NT
PROCESSOR_IDENTIFIER=Intel64 Family 6 Model 197 Stepping 2, GenuineIntel
TMP=C:\Users\user\AppData\Local\Temp
TEMP=C:\Users\user\AppData\Local\Temp



Periodic native trim disabled

JNI global refs:
JNI global refs: 37, weak refs: 0

JNI global refs memory usage: 843, weak refs: 841

OOME stack traces (most recent first):
Classloader memory used:
Loader org.gradle.internal.classloader.VisitableURLClassLoader                         : 3727K
Loader bootstrap                                                                       : 2458K
Loader org.gradle.initialization.MixInLegacyTypesClassLoader                           : 1103K
Loader jdk.internal.loader.ClassLoaders$PlatformClassLoader                            : 70770B
Loader jdk.internal.loader.ClassLoaders$AppClassLoader                                 : 28766B
Loader jdk.internal.reflect.DelegatingClassLoader                                      : 14244B
Loader org.gradle.groovy.scripts.internal.DefaultScriptCompilationHandler$ScriptClassLoader: 13787B
Loader org.codehaus.groovy.runtime.callsite.CallSiteClassLoader                        : 2138B

Classes loaded by more than one classloader:
Class org.gradle.internal.installation.GradleInstallation                             : loaded 2 times (x 73B)
Class org.gradle.internal.classpath.ClassPath                                         : loaded 2 times (x 68B)
Class org.gradle.api.internal.classpath.DefaultModuleRegistry                         : loaded 2 times (x 84B)
Class org.gradle.api.Action                                                           : loaded 2 times (x 68B)
Class org.gradle.api.internal.DefaultClassPathProvider                                : loaded 2 times (x 74B)
Class org.gradle.internal.installation.GradleInstallation$1                           : loaded 2 times (x 73B)
Class org.gradle.internal.classloader.FilteringClassLoader                            : loaded 2 times (x 103B)
Class org.gradle.internal.classpath.DefaultClassPath$ImmutableUniqueList$Builder      : loaded 2 times (x 73B)
Class org.gradle.internal.classloader.ClassLoaderVisitor                              : loaded 2 times (x 74B)
Class org.gradle.internal.service.DefaultServiceLocator                               : loaded 2 times (x 81B)
Class org.gradle.internal.service.UnknownServiceException                             : loaded 2 times (x 81B)
Class org.gradle.internal.classloader.DefaultClassLoaderFactory                       : loaded 2 times (x 80B)
Class build_8gtyynka0ezxl549cs32g0bw7                                                 : loaded 2 times (x 178B)
Class org.gradle.internal.classloader.VisitableURLClassLoader$Spec                    : loaded 2 times (x 72B)
Class org.gradle.api.GradleException                                                  : loaded 2 times (x 80B)
Class org.gradle.api.internal.classpath.ModuleRegistry                                : loaded 2 times (x 68B)
Class org.gradle.api.internal.ClassPathProvider                                       : loaded 2 times (x 68B)
Class org.gradle.internal.classloader.ClasspathUtil$1                                 : loaded 2 times (x 74B)
Class org.gradle.internal.classloader.ClassLoaderFactory                              : loaded 2 times (x 68B)
Class org.gradle.api.internal.classpath.ManifestUtil                                  : loaded 2 times (x 69B)
Class org.gradle.api.specs.Spec                                                       : loaded 2 times (x 68B)
Class org.gradle.internal.IoActions                                                   : loaded 2 times (x 69B)
Class org.gradle.api.internal.classpath.EffectiveClassPath                            : loaded 2 times (x 88B)
Class org.gradle.internal.installation.CurrentGradleInstallation                      : loaded 2 times (x 71B)
Class org.gradle.internal.agents.InstrumentingClassLoader                             : loaded 2 times (x 68B)
Class org.gradle.internal.installation.CurrentGradleInstallationLocator               : loaded 2 times (x 69B)
Class org.gradle.api.internal.classpath.Module                                        : loaded 2 times (x 68B)
Class org.gradle.internal.service.CachingServiceLocator                               : loaded 2 times (x 80B)
Class org.gradle.internal.classpath.DefaultClassPath                                  : loaded 2 times (x 88B)
Class build_8gtyynka0ezxl549cs32g0bw7$_run_closure1                                   : loaded 2 times (x 137B)
Class org.gradle.internal.classloader.SystemClassLoaderSpec                           : loaded 2 times (x 69B)
Class org.gradle.api.UncheckedIOException                                             : loaded 2 times (x 80B)
Class org.gradle.internal.classloader.ClasspathUtil                                   : loaded 2 times (x 69B)
Class org.gradle.api.internal.DefaultClassPathRegistry                                : loaded 2 times (x 74B)
Class org.gradle.api.internal.classpath.DefaultModuleRegistry$DefaultModule           : loaded 2 times (x 84B)
Class org.gradle.api.internal.classpath.UnknownModuleException                        : loaded 2 times (x 80B)
Class org.gradle.internal.service.ServiceLookupException                              : loaded 2 times (x 80B)
Class org.gradle.cache.GlobalCache                                                    : loaded 2 times (x 68B)
Class [Lorg.gradle.api.internal.ClassPathProvider;                                    : loaded 2 times (x 67B)
Class org.gradle.util.internal.GUtil                                                  : loaded 2 times (x 69B)
Class org.gradle.internal.classloader.ClassLoaderSpec                                 : loaded 2 times (x 69B)
Class org.gradle.internal.classloader.VisitableURLClassLoader                         : loaded 2 times (x 115B)
Class org.gradle.internal.Cast                                                        : loaded 2 times (x 69B)
Class org.gradle.api.internal.ClassPathRegistry                                       : loaded 2 times (x 68B)
Class org.gradle.internal.classloader.VisitableURLClassLoader$InstrumentingVisitableURLClassLoader: loaded 2 times (x 121B)
Class org.gradle.internal.classloader.ClassLoaderHierarchy                            : loaded 2 times (x 68B)
Class org.gradle.internal.InternalTransformer                                         : loaded 2 times (x 68B)
Class org.gradle.internal.service.ServiceLocator                                      : loaded 2 times (x 68B)
Class org.gradle.internal.classpath.DefaultClassPath$ImmutableUniqueList              : loaded 2 times (x 159B)
Class org.gradle.internal.classpath.TransformedClassPath                              : loaded 2 times (x 94B)


---------------  S Y S T E M  ---------------

OS:
 Windows 11 , 64 bit Build 26100 (10.0.26100.8875)
OS uptime: 3 days 0:31 hours
Hyper-V role detected

CPU: total 16 (initial active 16) (16 cores per cpu, 1 threads per core) family 6 model 197 stepping 2 microcode 0x11b, cx8, cmov, fxsr, mmx, 3dnowpref, sse, sse2, sse3, ssse3, sse4.1, sse4.2, popcnt, lzcnt, tsc, tscinvbit, avx, avx2, aes, erms, clmul, bmi1, bmi2, adx, sha, fma, vzeroupper, clflush, clflushopt, clwb, hv
Processor Information for processor 0
  Max Mhz: 2900, Current Mhz: 2900, Mhz Limit: 2900
Processor Information for processor 1
  Max Mhz: 2900, Current Mhz: 2900, Mhz Limit: 2900
Processor Information for processor 2
  Max Mhz: 2700, Current Mhz: 2700, Mhz Limit: 2700
Processor Information for processor 3
  Max Mhz: 2700, Current Mhz: 2700, Mhz Limit: 2700
Processor Information for processor 4
  Max Mhz: 2700, Current Mhz: 2700, Mhz Limit: 2700
Processor Information for processor 5
  Max Mhz: 2700, Current Mhz: 2700, Mhz Limit: 2700
Processor Information for processor 6
  Max Mhz: 2700, Current Mhz: 2700, Mhz Limit: 2700
Processor Information for processor 7
  Max Mhz: 2700, Current Mhz: 2700, Mhz Limit: 2700
Processor Information for processor 8
  Max Mhz: 2700, Current Mhz: 2700, Mhz Limit: 2700
Processor Information for processor 9
  Max Mhz: 2700, Current Mhz: 2700, Mhz Limit: 2700
Processor Information for processor 10
  Max Mhz: 2900, Current Mhz: 2900, Mhz Limit: 2900
Processor Information for processor 11
  Max Mhz: 2900, Current Mhz: 2900, Mhz Limit: 2900
Processor Information for processor 12
  Max Mhz: 2900, Current Mhz: 2900, Mhz Limit: 2900
Processor Information for processor 13
  Max Mhz: 2900, Current Mhz: 2900, Mhz Limit: 2900
Processor Information for processor 14
  Max Mhz: 1000, Current Mhz: 1000, Mhz Limit: 1000
Processor Information for processor 15
  Max Mhz: 1000, Current Mhz: 1000, Mhz Limit: 1000

Memory: 4k page, system-wide physical 32189M (13682M free)
TotalPageFile size 107240M (AvailPageFile size 33M)
current process WorkingSet (physical memory assigned to process): 411M, peak: 452M
current process commit charge ("private bytes"): 525M, peak: 563M

vm_info: OpenJDK 64-Bit Server VM (17.0.12+7-b1000.54) for windows-amd64 JRE (17.0.12+7-b1000.54), built on 2024-08-31 by "builduser" with MS VC++ 16.10 / 16.11 (VS2019)

END.
