#
# There is insufficient memory for the Java Runtime Environment to continue.
# Native memory allocation (malloc) failed to allocate 2142992 bytes. Error detail: Chunk::new
# Possible reasons:
#   The system is out of physical RAM or swap space
#   This process is running with CompressedOops enabled, and the Java Heap may be blocking the growth of the native heap
# Possible solutions:
#   Reduce memory load on the system
#   Increase physical memory or swap space
#   Check if swap backing store is full
#   Decrease Java heap size (-Xmx/-Xms)
#   Decrease number of Java threads
#   Decrease Java thread stack sizes (-Xss)
#   Set larger code cache with -XX:ReservedCodeCacheSize=
#   JVM is running with Unscaled Compressed Oops mode in which the Java heap is
#     placed in the first 4GB address space. The Java Heap base address is the
#     maximum limit for the native heap growth. Please use -XX:HeapBaseMinAddress
#     to set the Java Heap base and to place the Java Heap above 4GB virtual address.
# This output file may be truncated or incomplete.
#
#  Out of Memory Error (arena.cpp:191), pid=108144, tid=44540
#
# JRE version: OpenJDK Runtime Environment JBR-17.0.12+7-1000.54-jcef (17.0.12+7) (build 17.0.12+7-b1000.54)
# Java VM: OpenJDK 64-Bit Server VM JBR-17.0.12+7-1000.54-jcef (17.0.12+7-b1000.54, mixed mode, tiered, compressed oops, compressed class ptrs, g1 gc, windows-amd64)
# No core dump will be written. Minidumps are not enabled by default on client versions of Windows
#

---------------  S U M M A R Y ------------

Command Line: --add-opens=java.base/java.util=ALL-UNNAMED --add-opens=java.base/java.lang=ALL-UNNAMED --add-opens=java.base/java.lang.invoke=ALL-UNNAMED --add-opens=java.prefs/java.util.prefs=ALL-UNNAMED --add-opens=java.base/java.nio.charset=ALL-UNNAMED --add-opens=java.base/java.net=ALL-UNNAMED --add-opens=java.base/java.util.concurrent.atomic=ALL-UNNAMED -XX:MaxMetaspaceSize=384m -XX:+HeapDumpOnOutOfMemoryError -Xms256m -Xmx512m -Dfile.encoding=UTF-8 -Duser.country=KR -Duser.language=ko -Duser.variant -javaagent:C:\Users\user\.gradle\wrapper\dists\gradle-8.7-bin\bhs2wmbdwecv87pi65oeuq5iu\gradle-8.7\lib\agents\gradle-instrumentation-agent-8.7.jar org.gradle.launcher.daemon.bootstrap.GradleDaemon 8.7

Host: Intel(R) Core(TM) Ultra 9 285H, 16 cores, 31G,  Windows 11 , 64 bit Build 26100 (10.0.26100.8875)
Time: Thu Aug  6 16:11:26 2026  Windows 11 , 64 bit Build 26100 (10.0.26100.8875) elapsed time: 8.805646 seconds (0d 0h 0m 8s)

---------------  T H R E A D  ---------------

Current thread (0x0000022caf9252f0):  JavaThread "C2 CompilerThread1" daemon [_thread_in_native, id=44540, stack(0x00000065e0200000,0x00000065e0300000)]


Current CompileTask:
C2:   8805 2276       4       jdk.internal.org.objectweb.asm.Frame::execute (2305 bytes)

Stack: [0x00000065e0200000,0x00000065e0300000]
Native frames: (J=compiled Java code, j=interpreted, Vv=VM code, C=native code)
V  [jvm.dll+0x688dd9]
V  [jvm.dll+0x842eaa]
V  [jvm.dll+0x844aee]
V  [jvm.dll+0x845153]
V  [jvm.dll+0x24ba3f]
V  [jvm.dll+0xac544]
V  [jvm.dll+0xacb8c]
V  [jvm.dll+0x36baa7]
V  [jvm.dll+0x335fda]
V  [jvm.dll+0x33547a]
V  [jvm.dll+0x21d6f1]
V  [jvm.dll+0x21cb31]
V  [jvm.dll+0x1a625d]
V  [jvm.dll+0x22c918]
V  [jvm.dll+0x22aa50]
V  [jvm.dll+0x7f73d7]
V  [jvm.dll+0x7f17da]
V  [jvm.dll+0x687c55]
C  [ucrtbase.dll+0x2cd30]
C  [KERNEL32.DLL+0x2e957]
C  [ntdll.dll+0xaad6c]


---------------  P R O C E S S  ---------------

Threads class SMR info:
_java_thread_list=0x0000022cb05bf0a0, length=25, elements={
0x0000022c9114bce0, 0x0000022ca8572a60, 0x0000022ca8575fb0, 0x0000022ca85a9a90,
0x0000022ca85aa360, 0x0000022ca85c7270, 0x0000022ca85c86b0, 0x0000022ca85cc370,
0x0000022ca85cce90, 0x0000022ca8602430, 0x0000022ca872fcd0, 0x0000022ca88e5560,
0x0000022cad5bfbe0, 0x0000022ca893ce50, 0x0000022cae61c680, 0x0000022cafe128f0,
0x0000022cae5ff5d0, 0x0000022caf9252f0, 0x0000022cafeea580, 0x0000022cafeeaa60,
0x0000022caf924da0, 0x0000022cb0160b90, 0x0000022cafc42fe0, 0x0000022cb0162120,
0x0000022cb0164490
}

Java Threads: ( => current thread )
  0x0000022c9114bce0 JavaThread "main" [_thread_blocked, id=14748, stack(0x00000065de400000,0x00000065de500000)]
  0x0000022ca8572a60 JavaThread "Reference Handler" daemon [_thread_blocked, id=22368, stack(0x00000065deb00000,0x00000065dec00000)]
  0x0000022ca8575fb0 JavaThread "Finalizer" daemon [_thread_blocked, id=21392, stack(0x00000065dec00000,0x00000065ded00000)]
  0x0000022ca85a9a90 JavaThread "Signal Dispatcher" daemon [_thread_blocked, id=11160, stack(0x00000065ded00000,0x00000065dee00000)]
  0x0000022ca85aa360 JavaThread "Attach Listener" daemon [_thread_blocked, id=108368, stack(0x00000065dee00000,0x00000065def00000)]
  0x0000022ca85c7270 JavaThread "Service Thread" daemon [_thread_blocked, id=105372, stack(0x00000065def00000,0x00000065df000000)]
  0x0000022ca85c86b0 JavaThread "Monitor Deflation Thread" daemon [_thread_blocked, id=98432, stack(0x00000065df000000,0x00000065df100000)]
  0x0000022ca85cc370 JavaThread "C2 CompilerThread0" daemon [_thread_blocked, id=65608, stack(0x00000065df100000,0x00000065df200000)]
  0x0000022ca85cce90 JavaThread "C1 CompilerThread0" daemon [_thread_blocked, id=9240, stack(0x00000065df200000,0x00000065df300000)]
  0x0000022ca8602430 JavaThread "Sweeper thread" daemon [_thread_blocked, id=105540, stack(0x00000065df300000,0x00000065df400000)]
  0x0000022ca872fcd0 JavaThread "Common-Cleaner" daemon [_thread_blocked, id=95124, stack(0x00000065df400000,0x00000065df500000)]
  0x0000022ca88e5560 JavaThread "Notification Thread" daemon [_thread_blocked, id=13760, stack(0x00000065df700000,0x00000065df800000)]
  0x0000022cad5bfbe0 JavaThread "C1 CompilerThread1" daemon [_thread_blocked, id=106060, stack(0x00000065dfe00000,0x00000065dff00000)]
  0x0000022ca893ce50 JavaThread "C1 CompilerThread2" daemon [_thread_blocked, id=107352, stack(0x00000065dff00000,0x00000065e0000000)]
  0x0000022cae61c680 JavaThread "Daemon health stats" [_thread_blocked, id=15896, stack(0x00000065e0100000,0x00000065e0200000)]
  0x0000022cafe128f0 JavaThread "Incoming local TCP Connector on port 52651" [_thread_in_native, id=43960, stack(0x00000065df600000,0x00000065df700000)]
  0x0000022cae5ff5d0 JavaThread "Daemon periodic checks" [_thread_blocked, id=107756, stack(0x00000065df900000,0x00000065dfa00000)]
=>0x0000022caf9252f0 JavaThread "C2 CompilerThread1" daemon [_thread_in_native, id=44540, stack(0x00000065e0200000,0x00000065e0300000)]
  0x0000022cafeea580 JavaThread "Daemon" [_thread_blocked, id=5392, stack(0x00000065e0300000,0x00000065e0400000)]
  0x0000022cafeeaa60 JavaThread "Handler for socket connection from /127.0.0.1:52651 to /127.0.0.1:52652" [_thread_in_native, id=93504, stack(0x00000065e0400000,0x00000065e0500000)]
  0x0000022caf924da0 JavaThread "Cancel handler" [_thread_blocked, id=96848, stack(0x00000065e0500000,0x00000065e0600000)]
  0x0000022cb0160b90 JavaThread "Daemon worker" [_thread_in_vm, id=17684, stack(0x00000065e0600000,0x00000065e0700000)]
  0x0000022cafc42fe0 JavaThread "Asynchronous log dispatcher for DefaultDaemonConnection: socket connection from /127.0.0.1:52651 to /127.0.0.1:52652" [_thread_blocked, id=101304, stack(0x00000065e0700000,0x00000065e0800000)]
  0x0000022cb0162120 JavaThread "Stdin handler" [_thread_blocked, id=96788, stack(0x00000065e0800000,0x00000065e0900000)]
  0x0000022cb0164490 JavaThread "Daemon client event forwarder" [_thread_blocked, id=99164, stack(0x00000065e0900000,0x00000065e0a00000)]

Other Threads:
  0x0000022ca840e0b0 VMThread "VM Thread" [stack: 0x00000065dea00000,0x00000065deb00000] [id=17860]
  0x0000022c9114ca70 WatcherThread [stack: 0x00000065df800000,0x00000065df900000] [id=100492]
  0x0000022c9117e520 GCTaskThread "GC Thread#0" [stack: 0x00000065de500000,0x00000065de600000] [id=106500]
  0x0000022cadadaec0 GCTaskThread "GC Thread#1" [stack: 0x00000065df500000,0x00000065df600000] [id=83024]
  0x0000022cad6d4fa0 GCTaskThread "GC Thread#2" [stack: 0x00000065dfa00000,0x00000065dfb00000] [id=110256]
  0x0000022cad2ec580 GCTaskThread "GC Thread#3" [stack: 0x00000065dfb00000,0x00000065dfc00000] [id=99332]
  0x0000022cad2ec840 GCTaskThread "GC Thread#4" [stack: 0x00000065dfc00000,0x00000065dfd00000] [id=97960]
  0x0000022cad2ed310 GCTaskThread "GC Thread#5" [stack: 0x00000065dfd00000,0x00000065dfe00000] [id=93040]
  0x0000022cafe243e0 GCTaskThread "GC Thread#6" [stack: 0x00000065e0a00000,0x00000065e0b00000] [id=64888]
  0x0000022cafe238e0 GCTaskThread "GC Thread#7" [stack: 0x00000065e0b00000,0x00000065e0c00000] [id=104604]
  0x0000022cafe24c20 GCTaskThread "GC Thread#8" [stack: 0x00000065e0c00000,0x00000065e0d00000] [id=99816]
  0x0000022cafe23ba0 GCTaskThread "GC Thread#9" [stack: 0x00000065e0d00000,0x00000065e0e00000] [id=92088]
  0x0000022cafe230a0 GCTaskThread "GC Thread#10" [stack: 0x00000065e0e00000,0x00000065e0f00000] [id=108364]
  0x0000022cafe24960 GCTaskThread "GC Thread#11" [stack: 0x00000065e0f00000,0x00000065e1000000] [id=103128]
  0x0000022cafe23e60 GCTaskThread "GC Thread#12" [stack: 0x00000065e1000000,0x00000065e1100000] [id=109216]
  0x0000022c911834e0 ConcurrentGCThread "G1 Main Marker" [stack: 0x00000065de600000,0x00000065de700000] [id=18060]
  0x0000022c91185fd0 ConcurrentGCThread "G1 Conc#0" [stack: 0x00000065de700000,0x00000065de800000] [id=107648]
  0x0000022cafe24120 ConcurrentGCThread "G1 Conc#1" [stack: 0x00000065e1100000,0x00000065e1200000] [id=21248]
  0x0000022cafe23360 ConcurrentGCThread "G1 Conc#2" [stack: 0x00000065e1200000,0x00000065e1300000] [id=106212]
  0x0000022c911fd440 ConcurrentGCThread "G1 Refine#0" [stack: 0x00000065de800000,0x00000065de900000] [id=94596]
  0x0000022c911fdc20 ConcurrentGCThread "G1 Service" [stack: 0x00000065de900000,0x00000065dea00000] [id=22984]

Threads with active compile tasks:
C2 CompilerThread1     8815 2276       4       jdk.internal.org.objectweb.asm.Frame::execute (2305 bytes)

VM state: not at safepoint (normal execution)

VM Mutex/Monitor currently owned by a thread: None

Heap address: 0x00000000e0000000, size: 512 MB, Compressed Oops mode: 32-bit

CDS archive(s) not mapped
Compressed class space mapped at: 0x0000000100000000-0x0000000114000000, reserved size: 335544320
Narrow klass base: 0x0000000000000000, Narrow klass shift: 3, Narrow klass range: 0x114000000

GC Precious Log:
 CPUs: 16 total, 16 available
 Memory: 32189M
 Large Page Support: Disabled
 NUMA Support: Disabled
 Compressed Oops: Enabled (32-bit)
 Heap Region Size: 1M
 Heap Min Capacity: 256M
 Heap Initial Capacity: 256M
 Heap Max Capacity: 512M
 Pre-touch: Disabled
 Parallel Workers: 13
 Concurrent Workers: 3
 Concurrent Refinement Workers: 13
 Periodic GC: Disabled

Heap:
 garbage-first heap   total 262144K, used 31730K [0x00000000e0000000, 0x0000000100000000)
  region size 1024K, 22 young (22528K), 9 survivors (9216K)
 Metaspace       used 23061K, committed 23360K, reserved 393216K
  class space    used 2804K, committed 2944K, reserved 327680K

Heap Regions: E=young(eden), S=young(survivor), O=old, HS=humongous(starts), HC=humongous(continues), CS=collection set, F=free, OA=open archive, CA=closed archive, TAMS=top-at-mark-start (previous, next)
|   0|0x00000000e0000000, 0x00000000e0100000, 0x00000000e0100000|100%|HS|  |TAMS 0x00000000e0100000, 0x00000000e0000000| Complete 
|   1|0x00000000e0100000, 0x00000000e0200000, 0x00000000e0200000|100%|HC|  |TAMS 0x00000000e0200000, 0x00000000e0100000| Complete 
|   2|0x00000000e0200000, 0x00000000e0300000, 0x00000000e0300000|100%|HC|  |TAMS 0x00000000e0300000, 0x00000000e0200000| Complete 
|   3|0x00000000e0300000, 0x00000000e0400000, 0x00000000e0400000|100%|HC|  |TAMS 0x00000000e0400000, 0x00000000e0300000| Complete 
|   4|0x00000000e0400000, 0x00000000e0500000, 0x00000000e0500000|100%| O|  |TAMS 0x00000000e0500000, 0x00000000e0400000| Complete 
|   5|0x00000000e0500000, 0x00000000e0600000, 0x00000000e0600000|100%| O|  |TAMS 0x00000000e0600000, 0x00000000e0500000| Untracked 
|   6|0x00000000e0600000, 0x00000000e0700000, 0x00000000e0700000|100%| O|  |TAMS 0x00000000e0700000, 0x00000000e0600000| Untracked 
|   7|0x00000000e0700000, 0x00000000e0800000, 0x00000000e0800000|100%| O|  |TAMS 0x00000000e0800000, 0x00000000e0700000| Untracked 
|   8|0x00000000e0800000, 0x00000000e0900000, 0x00000000e0900000|100%| O|  |TAMS 0x00000000e0900000, 0x00000000e0800000| Untracked 
|   9|0x00000000e0900000, 0x00000000e0a00000, 0x00000000e0a00000|100%| O|  |TAMS 0x00000000e0a00000, 0x00000000e0900000| Untracked 
|  10|0x00000000e0a00000, 0x00000000e0a83600, 0x00000000e0b00000| 51%| O|  |TAMS 0x00000000e0a83600, 0x00000000e0a00000| Untracked 
|  11|0x00000000e0b00000, 0x00000000e0b00000, 0x00000000e0c00000|  0%| F|  |TAMS 0x00000000e0b00000, 0x00000000e0b00000| Untracked 
|  12|0x00000000e0c00000, 0x00000000e0c00000, 0x00000000e0d00000|  0%| F|  |TAMS 0x00000000e0c00000, 0x00000000e0c00000| Untracked 
|  13|0x00000000e0d00000, 0x00000000e0d00000, 0x00000000e0e00000|  0%| F|  |TAMS 0x00000000e0d00000, 0x00000000e0d00000| Untracked 
|  14|0x00000000e0e00000, 0x00000000e0e00000, 0x00000000e0f00000|  0%| F|  |TAMS 0x00000000e0e00000, 0x00000000e0e00000| Untracked 
|  15|0x00000000e0f00000, 0x00000000e0f00000, 0x00000000e1000000|  0%| F|  |TAMS 0x00000000e0f00000, 0x00000000e0f00000| Untracked 
|  16|0x00000000e1000000, 0x00000000e1000000, 0x00000000e1100000|  0%| F|  |TAMS 0x00000000e1000000, 0x00000000e1000000| Untracked 
|  17|0x00000000e1100000, 0x00000000e1100000, 0x00000000e1200000|  0%| F|  |TAMS 0x00000000e1100000, 0x00000000e1100000| Untracked 
|  18|0x00000000e1200000, 0x00000000e1200000, 0x00000000e1300000|  0%| F|  |TAMS 0x00000000e1200000, 0x00000000e1200000| Untracked 
|  19|0x00000000e1300000, 0x00000000e1300000, 0x00000000e1400000|  0%| F|  |TAMS 0x00000000e1300000, 0x00000000e1300000| Untracked 
|  20|0x00000000e1400000, 0x00000000e1400000, 0x00000000e1500000|  0%| F|  |TAMS 0x00000000e1400000, 0x00000000e1400000| Untracked 
|  21|0x00000000e1500000, 0x00000000e1500000, 0x00000000e1600000|  0%| F|  |TAMS 0x00000000e1500000, 0x00000000e1500000| Untracked 
|  22|0x00000000e1600000, 0x00000000e1600000, 0x00000000e1700000|  0%| F|  |TAMS 0x00000000e1600000, 0x00000000e1600000| Untracked 
|  23|0x00000000e1700000, 0x00000000e1700000, 0x00000000e1800000|  0%| F|  |TAMS 0x00000000e1700000, 0x00000000e1700000| Untracked 
|  24|0x00000000e1800000, 0x00000000e1800000, 0x00000000e1900000|  0%| F|  |TAMS 0x00000000e1800000, 0x00000000e1800000| Untracked 
|  25|0x00000000e1900000, 0x00000000e1900000, 0x00000000e1a00000|  0%| F|  |TAMS 0x00000000e1900000, 0x00000000e1900000| Untracked 
|  26|0x00000000e1a00000, 0x00000000e1a00000, 0x00000000e1b00000|  0%| F|  |TAMS 0x00000000e1a00000, 0x00000000e1a00000| Untracked 
|  27|0x00000000e1b00000, 0x00000000e1b00000, 0x00000000e1c00000|  0%| F|  |TAMS 0x00000000e1b00000, 0x00000000e1b00000| Untracked 
|  28|0x00000000e1c00000, 0x00000000e1c00000, 0x00000000e1d00000|  0%| F|  |TAMS 0x00000000e1c00000, 0x00000000e1c00000| Untracked 
|  29|0x00000000e1d00000, 0x00000000e1d00000, 0x00000000e1e00000|  0%| F|  |TAMS 0x00000000e1d00000, 0x00000000e1d00000| Untracked 
|  30|0x00000000e1e00000, 0x00000000e1e00000, 0x00000000e1f00000|  0%| F|  |TAMS 0x00000000e1e00000, 0x00000000e1e00000| Untracked 
|  31|0x00000000e1f00000, 0x00000000e1f00000, 0x00000000e2000000|  0%| F|  |TAMS 0x00000000e1f00000, 0x00000000e1f00000| Untracked 
|  32|0x00000000e2000000, 0x00000000e2000000, 0x00000000e2100000|  0%| F|  |TAMS 0x00000000e2000000, 0x00000000e2000000| Untracked 
|  33|0x00000000e2100000, 0x00000000e2100000, 0x00000000e2200000|  0%| F|  |TAMS 0x00000000e2100000, 0x00000000e2100000| Untracked 
|  34|0x00000000e2200000, 0x00000000e2200000, 0x00000000e2300000|  0%| F|  |TAMS 0x00000000e2200000, 0x00000000e2200000| Untracked 
|  35|0x00000000e2300000, 0x00000000e2300000, 0x00000000e2400000|  0%| F|  |TAMS 0x00000000e2300000, 0x00000000e2300000| Untracked 
|  36|0x00000000e2400000, 0x00000000e2400000, 0x00000000e2500000|  0%| F|  |TAMS 0x00000000e2400000, 0x00000000e2400000| Untracked 
|  37|0x00000000e2500000, 0x00000000e2500000, 0x00000000e2600000|  0%| F|  |TAMS 0x00000000e2500000, 0x00000000e2500000| Untracked 
|  38|0x00000000e2600000, 0x00000000e2600000, 0x00000000e2700000|  0%| F|  |TAMS 0x00000000e2600000, 0x00000000e2600000| Untracked 
|  39|0x00000000e2700000, 0x00000000e2700000, 0x00000000e2800000|  0%| F|  |TAMS 0x00000000e2700000, 0x00000000e2700000| Untracked 
|  40|0x00000000e2800000, 0x00000000e2800000, 0x00000000e2900000|  0%| F|  |TAMS 0x00000000e2800000, 0x00000000e2800000| Untracked 
|  41|0x00000000e2900000, 0x00000000e2900000, 0x00000000e2a00000|  0%| F|  |TAMS 0x00000000e2900000, 0x00000000e2900000| Untracked 
|  42|0x00000000e2a00000, 0x00000000e2a00000, 0x00000000e2b00000|  0%| F|  |TAMS 0x00000000e2a00000, 0x00000000e2a00000| Untracked 
|  43|0x00000000e2b00000, 0x00000000e2b00000, 0x00000000e2c00000|  0%| F|  |TAMS 0x00000000e2b00000, 0x00000000e2b00000| Untracked 
|  44|0x00000000e2c00000, 0x00000000e2c00000, 0x00000000e2d00000|  0%| F|  |TAMS 0x00000000e2c00000, 0x00000000e2c00000| Untracked 
|  45|0x00000000e2d00000, 0x00000000e2d00000, 0x00000000e2e00000|  0%| F|  |TAMS 0x00000000e2d00000, 0x00000000e2d00000| Untracked 
|  46|0x00000000e2e00000, 0x00000000e2e00000, 0x00000000e2f00000|  0%| F|  |TAMS 0x00000000e2e00000, 0x00000000e2e00000| Untracked 
|  47|0x00000000e2f00000, 0x00000000e2f00000, 0x00000000e3000000|  0%| F|  |TAMS 0x00000000e2f00000, 0x00000000e2f00000| Untracked 
|  48|0x00000000e3000000, 0x00000000e3000000, 0x00000000e3100000|  0%| F|  |TAMS 0x00000000e3000000, 0x00000000e3000000| Untracked 
|  49|0x00000000e3100000, 0x00000000e3100000, 0x00000000e3200000|  0%| F|  |TAMS 0x00000000e3100000, 0x00000000e3100000| Untracked 
|  50|0x00000000e3200000, 0x00000000e3200000, 0x00000000e3300000|  0%| F|  |TAMS 0x00000000e3200000, 0x00000000e3200000| Untracked 
|  51|0x00000000e3300000, 0x00000000e3300000, 0x00000000e3400000|  0%| F|  |TAMS 0x00000000e3300000, 0x00000000e3300000| Untracked 
|  52|0x00000000e3400000, 0x00000000e3400000, 0x00000000e3500000|  0%| F|  |TAMS 0x00000000e3400000, 0x00000000e3400000| Untracked 
|  53|0x00000000e3500000, 0x00000000e3500000, 0x00000000e3600000|  0%| F|  |TAMS 0x00000000e3500000, 0x00000000e3500000| Untracked 
|  54|0x00000000e3600000, 0x00000000e3600000, 0x00000000e3700000|  0%| F|  |TAMS 0x00000000e3600000, 0x00000000e3600000| Untracked 
|  55|0x00000000e3700000, 0x00000000e3700000, 0x00000000e3800000|  0%| F|  |TAMS 0x00000000e3700000, 0x00000000e3700000| Untracked 
|  56|0x00000000e3800000, 0x00000000e3800000, 0x00000000e3900000|  0%| F|  |TAMS 0x00000000e3800000, 0x00000000e3800000| Untracked 
|  57|0x00000000e3900000, 0x00000000e3900000, 0x00000000e3a00000|  0%| F|  |TAMS 0x00000000e3900000, 0x00000000e3900000| Untracked 
|  58|0x00000000e3a00000, 0x00000000e3a00000, 0x00000000e3b00000|  0%| F|  |TAMS 0x00000000e3a00000, 0x00000000e3a00000| Untracked 
|  59|0x00000000e3b00000, 0x00000000e3b00000, 0x00000000e3c00000|  0%| F|  |TAMS 0x00000000e3b00000, 0x00000000e3b00000| Untracked 
|  60|0x00000000e3c00000, 0x00000000e3c00000, 0x00000000e3d00000|  0%| F|  |TAMS 0x00000000e3c00000, 0x00000000e3c00000| Untracked 
|  61|0x00000000e3d00000, 0x00000000e3d00000, 0x00000000e3e00000|  0%| F|  |TAMS 0x00000000e3d00000, 0x00000000e3d00000| Untracked 
|  62|0x00000000e3e00000, 0x00000000e3e00000, 0x00000000e3f00000|  0%| F|  |TAMS 0x00000000e3e00000, 0x00000000e3e00000| Untracked 
|  63|0x00000000e3f00000, 0x00000000e3f00000, 0x00000000e4000000|  0%| F|  |TAMS 0x00000000e3f00000, 0x00000000e3f00000| Untracked 
|  64|0x00000000e4000000, 0x00000000e4000000, 0x00000000e4100000|  0%| F|  |TAMS 0x00000000e4000000, 0x00000000e4000000| Untracked 
|  65|0x00000000e4100000, 0x00000000e4100000, 0x00000000e4200000|  0%| F|  |TAMS 0x00000000e4100000, 0x00000000e4100000| Untracked 
|  66|0x00000000e4200000, 0x00000000e4200000, 0x00000000e4300000|  0%| F|  |TAMS 0x00000000e4200000, 0x00000000e4200000| Untracked 
|  67|0x00000000e4300000, 0x00000000e4300000, 0x00000000e4400000|  0%| F|  |TAMS 0x00000000e4300000, 0x00000000e4300000| Untracked 
|  68|0x00000000e4400000, 0x00000000e4400000, 0x00000000e4500000|  0%| F|  |TAMS 0x00000000e4400000, 0x00000000e4400000| Untracked 
|  69|0x00000000e4500000, 0x00000000e4500000, 0x00000000e4600000|  0%| F|  |TAMS 0x00000000e4500000, 0x00000000e4500000| Untracked 
|  70|0x00000000e4600000, 0x00000000e4600000, 0x00000000e4700000|  0%| F|  |TAMS 0x00000000e4600000, 0x00000000e4600000| Untracked 
|  71|0x00000000e4700000, 0x00000000e4700000, 0x00000000e4800000|  0%| F|  |TAMS 0x00000000e4700000, 0x00000000e4700000| Untracked 
|  72|0x00000000e4800000, 0x00000000e4800000, 0x00000000e4900000|  0%| F|  |TAMS 0x00000000e4800000, 0x00000000e4800000| Untracked 
|  73|0x00000000e4900000, 0x00000000e4900000, 0x00000000e4a00000|  0%| F|  |TAMS 0x00000000e4900000, 0x00000000e4900000| Untracked 
|  74|0x00000000e4a00000, 0x00000000e4a00000, 0x00000000e4b00000|  0%| F|  |TAMS 0x00000000e4a00000, 0x00000000e4a00000| Untracked 
|  75|0x00000000e4b00000, 0x00000000e4b00000, 0x00000000e4c00000|  0%| F|  |TAMS 0x00000000e4b00000, 0x00000000e4b00000| Untracked 
|  76|0x00000000e4c00000, 0x00000000e4c00000, 0x00000000e4d00000|  0%| F|  |TAMS 0x00000000e4c00000, 0x00000000e4c00000| Untracked 
|  77|0x00000000e4d00000, 0x00000000e4d00000, 0x00000000e4e00000|  0%| F|  |TAMS 0x00000000e4d00000, 0x00000000e4d00000| Untracked 
|  78|0x00000000e4e00000, 0x00000000e4e00000, 0x00000000e4f00000|  0%| F|  |TAMS 0x00000000e4e00000, 0x00000000e4e00000| Untracked 
|  79|0x00000000e4f00000, 0x00000000e4f00000, 0x00000000e5000000|  0%| F|  |TAMS 0x00000000e4f00000, 0x00000000e4f00000| Untracked 
|  80|0x00000000e5000000, 0x00000000e5000000, 0x00000000e5100000|  0%| F|  |TAMS 0x00000000e5000000, 0x00000000e5000000| Untracked 
|  81|0x00000000e5100000, 0x00000000e5100000, 0x00000000e5200000|  0%| F|  |TAMS 0x00000000e5100000, 0x00000000e5100000| Untracked 
|  82|0x00000000e5200000, 0x00000000e5200000, 0x00000000e5300000|  0%| F|  |TAMS 0x00000000e5200000, 0x00000000e5200000| Untracked 
|  83|0x00000000e5300000, 0x00000000e5300000, 0x00000000e5400000|  0%| F|  |TAMS 0x00000000e5300000, 0x00000000e5300000| Untracked 
|  84|0x00000000e5400000, 0x00000000e5400000, 0x00000000e5500000|  0%| F|  |TAMS 0x00000000e5400000, 0x00000000e5400000| Untracked 
|  85|0x00000000e5500000, 0x00000000e5500000, 0x00000000e5600000|  0%| F|  |TAMS 0x00000000e5500000, 0x00000000e5500000| Untracked 
|  86|0x00000000e5600000, 0x00000000e5600000, 0x00000000e5700000|  0%| F|  |TAMS 0x00000000e5600000, 0x00000000e5600000| Untracked 
|  87|0x00000000e5700000, 0x00000000e5700000, 0x00000000e5800000|  0%| F|  |TAMS 0x00000000e5700000, 0x00000000e5700000| Untracked 
|  88|0x00000000e5800000, 0x00000000e5800000, 0x00000000e5900000|  0%| F|  |TAMS 0x00000000e5800000, 0x00000000e5800000| Untracked 
|  89|0x00000000e5900000, 0x00000000e5900000, 0x00000000e5a00000|  0%| F|  |TAMS 0x00000000e5900000, 0x00000000e5900000| Untracked 
|  90|0x00000000e5a00000, 0x00000000e5a00000, 0x00000000e5b00000|  0%| F|  |TAMS 0x00000000e5a00000, 0x00000000e5a00000| Untracked 
|  91|0x00000000e5b00000, 0x00000000e5b00000, 0x00000000e5c00000|  0%| F|  |TAMS 0x00000000e5b00000, 0x00000000e5b00000| Untracked 
|  92|0x00000000e5c00000, 0x00000000e5c00000, 0x00000000e5d00000|  0%| F|  |TAMS 0x00000000e5c00000, 0x00000000e5c00000| Untracked 
|  93|0x00000000e5d00000, 0x00000000e5d00000, 0x00000000e5e00000|  0%| F|  |TAMS 0x00000000e5d00000, 0x00000000e5d00000| Untracked 
|  94|0x00000000e5e00000, 0x00000000e5e00000, 0x00000000e5f00000|  0%| F|  |TAMS 0x00000000e5e00000, 0x00000000e5e00000| Untracked 
|  95|0x00000000e5f00000, 0x00000000e5f00000, 0x00000000e6000000|  0%| F|  |TAMS 0x00000000e5f00000, 0x00000000e5f00000| Untracked 
|  96|0x00000000e6000000, 0x00000000e6000000, 0x00000000e6100000|  0%| F|  |TAMS 0x00000000e6000000, 0x00000000e6000000| Untracked 
|  97|0x00000000e6100000, 0x00000000e6100000, 0x00000000e6200000|  0%| F|  |TAMS 0x00000000e6100000, 0x00000000e6100000| Untracked 
|  98|0x00000000e6200000, 0x00000000e6200000, 0x00000000e6300000|  0%| F|  |TAMS 0x00000000e6200000, 0x00000000e6200000| Untracked 
|  99|0x00000000e6300000, 0x00000000e6300000, 0x00000000e6400000|  0%| F|  |TAMS 0x00000000e6300000, 0x00000000e6300000| Untracked 
| 100|0x00000000e6400000, 0x00000000e6400000, 0x00000000e6500000|  0%| F|  |TAMS 0x00000000e6400000, 0x00000000e6400000| Untracked 
| 101|0x00000000e6500000, 0x00000000e6500000, 0x00000000e6600000|  0%| F|  |TAMS 0x00000000e6500000, 0x00000000e6500000| Untracked 
| 102|0x00000000e6600000, 0x00000000e6600000, 0x00000000e6700000|  0%| F|  |TAMS 0x00000000e6600000, 0x00000000e6600000| Untracked 
| 103|0x00000000e6700000, 0x00000000e6700000, 0x00000000e6800000|  0%| F|  |TAMS 0x00000000e6700000, 0x00000000e6700000| Untracked 
| 104|0x00000000e6800000, 0x00000000e6800000, 0x00000000e6900000|  0%| F|  |TAMS 0x00000000e6800000, 0x00000000e6800000| Untracked 
| 105|0x00000000e6900000, 0x00000000e6900000, 0x00000000e6a00000|  0%| F|  |TAMS 0x00000000e6900000, 0x00000000e6900000| Untracked 
| 106|0x00000000e6a00000, 0x00000000e6a00000, 0x00000000e6b00000|  0%| F|  |TAMS 0x00000000e6a00000, 0x00000000e6a00000| Untracked 
| 107|0x00000000e6b00000, 0x00000000e6b00000, 0x00000000e6c00000|  0%| F|  |TAMS 0x00000000e6b00000, 0x00000000e6b00000| Untracked 
| 108|0x00000000e6c00000, 0x00000000e6c00000, 0x00000000e6d00000|  0%| F|  |TAMS 0x00000000e6c00000, 0x00000000e6c00000| Untracked 
| 109|0x00000000e6d00000, 0x00000000e6d00000, 0x00000000e6e00000|  0%| F|  |TAMS 0x00000000e6d00000, 0x00000000e6d00000| Untracked 
| 110|0x00000000e6e00000, 0x00000000e6e00000, 0x00000000e6f00000|  0%| F|  |TAMS 0x00000000e6e00000, 0x00000000e6e00000| Untracked 
| 111|0x00000000e6f00000, 0x00000000e6f00000, 0x00000000e7000000|  0%| F|  |TAMS 0x00000000e6f00000, 0x00000000e6f00000| Untracked 
| 112|0x00000000e7000000, 0x00000000e7000000, 0x00000000e7100000|  0%| F|  |TAMS 0x00000000e7000000, 0x00000000e7000000| Untracked 
| 113|0x00000000e7100000, 0x00000000e7100000, 0x00000000e7200000|  0%| F|  |TAMS 0x00000000e7100000, 0x00000000e7100000| Untracked 
| 114|0x00000000e7200000, 0x00000000e7200000, 0x00000000e7300000|  0%| F|  |TAMS 0x00000000e7200000, 0x00000000e7200000| Untracked 
| 115|0x00000000e7300000, 0x00000000e7300000, 0x00000000e7400000|  0%| F|  |TAMS 0x00000000e7300000, 0x00000000e7300000| Untracked 
| 116|0x00000000e7400000, 0x00000000e7400000, 0x00000000e7500000|  0%| F|  |TAMS 0x00000000e7400000, 0x00000000e7400000| Untracked 
| 117|0x00000000e7500000, 0x00000000e7500000, 0x00000000e7600000|  0%| F|  |TAMS 0x00000000e7500000, 0x00000000e7500000| Untracked 
| 118|0x00000000e7600000, 0x00000000e7600000, 0x00000000e7700000|  0%| F|  |TAMS 0x00000000e7600000, 0x00000000e7600000| Untracked 
| 119|0x00000000e7700000, 0x00000000e7700000, 0x00000000e7800000|  0%| F|  |TAMS 0x00000000e7700000, 0x00000000e7700000| Untracked 
| 120|0x00000000e7800000, 0x00000000e7800000, 0x00000000e7900000|  0%| F|  |TAMS 0x00000000e7800000, 0x00000000e7800000| Untracked 
| 121|0x00000000e7900000, 0x00000000e7900000, 0x00000000e7a00000|  0%| F|  |TAMS 0x00000000e7900000, 0x00000000e7900000| Untracked 
| 122|0x00000000e7a00000, 0x00000000e7a00000, 0x00000000e7b00000|  0%| F|  |TAMS 0x00000000e7a00000, 0x00000000e7a00000| Untracked 
| 123|0x00000000e7b00000, 0x00000000e7b00000, 0x00000000e7c00000|  0%| F|  |TAMS 0x00000000e7b00000, 0x00000000e7b00000| Untracked 
| 124|0x00000000e7c00000, 0x00000000e7c00000, 0x00000000e7d00000|  0%| F|  |TAMS 0x00000000e7c00000, 0x00000000e7c00000| Untracked 
| 125|0x00000000e7d00000, 0x00000000e7d00000, 0x00000000e7e00000|  0%| F|  |TAMS 0x00000000e7d00000, 0x00000000e7d00000| Untracked 
| 126|0x00000000e7e00000, 0x00000000e7e00000, 0x00000000e7f00000|  0%| F|  |TAMS 0x00000000e7e00000, 0x00000000e7e00000| Untracked 
| 127|0x00000000e7f00000, 0x00000000e7f00000, 0x00000000e8000000|  0%| F|  |TAMS 0x00000000e7f00000, 0x00000000e7f00000| Untracked 
| 128|0x00000000e8000000, 0x00000000e8000000, 0x00000000e8100000|  0%| F|  |TAMS 0x00000000e8000000, 0x00000000e8000000| Untracked 
| 129|0x00000000e8100000, 0x00000000e8100000, 0x00000000e8200000|  0%| F|  |TAMS 0x00000000e8100000, 0x00000000e8100000| Untracked 
| 130|0x00000000e8200000, 0x00000000e8200000, 0x00000000e8300000|  0%| F|  |TAMS 0x00000000e8200000, 0x00000000e8200000| Untracked 
| 131|0x00000000e8300000, 0x00000000e8300000, 0x00000000e8400000|  0%| F|  |TAMS 0x00000000e8300000, 0x00000000e8300000| Untracked 
| 132|0x00000000e8400000, 0x00000000e8400000, 0x00000000e8500000|  0%| F|  |TAMS 0x00000000e8400000, 0x00000000e8400000| Untracked 
| 133|0x00000000e8500000, 0x00000000e8500000, 0x00000000e8600000|  0%| F|  |TAMS 0x00000000e8500000, 0x00000000e8500000| Untracked 
| 134|0x00000000e8600000, 0x00000000e8600000, 0x00000000e8700000|  0%| F|  |TAMS 0x00000000e8600000, 0x00000000e8600000| Untracked 
| 135|0x00000000e8700000, 0x00000000e8700000, 0x00000000e8800000|  0%| F|  |TAMS 0x00000000e8700000, 0x00000000e8700000| Untracked 
| 136|0x00000000e8800000, 0x00000000e8800000, 0x00000000e8900000|  0%| F|  |TAMS 0x00000000e8800000, 0x00000000e8800000| Untracked 
| 137|0x00000000e8900000, 0x00000000e8900000, 0x00000000e8a00000|  0%| F|  |TAMS 0x00000000e8900000, 0x00000000e8900000| Untracked 
| 138|0x00000000e8a00000, 0x00000000e8a00000, 0x00000000e8b00000|  0%| F|  |TAMS 0x00000000e8a00000, 0x00000000e8a00000| Untracked 
| 139|0x00000000e8b00000, 0x00000000e8b00000, 0x00000000e8c00000|  0%| F|  |TAMS 0x00000000e8b00000, 0x00000000e8b00000| Untracked 
| 140|0x00000000e8c00000, 0x00000000e8c00000, 0x00000000e8d00000|  0%| F|  |TAMS 0x00000000e8c00000, 0x00000000e8c00000| Untracked 
| 141|0x00000000e8d00000, 0x00000000e8d00000, 0x00000000e8e00000|  0%| F|  |TAMS 0x00000000e8d00000, 0x00000000e8d00000| Untracked 
| 142|0x00000000e8e00000, 0x00000000e8e00000, 0x00000000e8f00000|  0%| F|  |TAMS 0x00000000e8e00000, 0x00000000e8e00000| Untracked 
| 143|0x00000000e8f00000, 0x00000000e8f00000, 0x00000000e9000000|  0%| F|  |TAMS 0x00000000e8f00000, 0x00000000e8f00000| Untracked 
| 144|0x00000000e9000000, 0x00000000e9000000, 0x00000000e9100000|  0%| F|  |TAMS 0x00000000e9000000, 0x00000000e9000000| Untracked 
| 145|0x00000000e9100000, 0x00000000e9100000, 0x00000000e9200000|  0%| F|  |TAMS 0x00000000e9100000, 0x00000000e9100000| Untracked 
| 146|0x00000000e9200000, 0x00000000e9200000, 0x00000000e9300000|  0%| F|  |TAMS 0x00000000e9200000, 0x00000000e9200000| Untracked 
| 147|0x00000000e9300000, 0x00000000e9300000, 0x00000000e9400000|  0%| F|  |TAMS 0x00000000e9300000, 0x00000000e9300000| Untracked 
| 148|0x00000000e9400000, 0x00000000e9400000, 0x00000000e9500000|  0%| F|  |TAMS 0x00000000e9400000, 0x00000000e9400000| Untracked 
| 149|0x00000000e9500000, 0x00000000e9500000, 0x00000000e9600000|  0%| F|  |TAMS 0x00000000e9500000, 0x00000000e9500000| Untracked 
| 150|0x00000000e9600000, 0x00000000e9600000, 0x00000000e9700000|  0%| F|  |TAMS 0x00000000e9600000, 0x00000000e9600000| Untracked 
| 151|0x00000000e9700000, 0x00000000e9700000, 0x00000000e9800000|  0%| F|  |TAMS 0x00000000e9700000, 0x00000000e9700000| Untracked 
| 152|0x00000000e9800000, 0x00000000e9800000, 0x00000000e9900000|  0%| F|  |TAMS 0x00000000e9800000, 0x00000000e9800000| Untracked 
| 153|0x00000000e9900000, 0x00000000e9900000, 0x00000000e9a00000|  0%| F|  |TAMS 0x00000000e9900000, 0x00000000e9900000| Untracked 
| 154|0x00000000e9a00000, 0x00000000e9a00000, 0x00000000e9b00000|  0%| F|  |TAMS 0x00000000e9a00000, 0x00000000e9a00000| Untracked 
| 155|0x00000000e9b00000, 0x00000000e9b00000, 0x00000000e9c00000|  0%| F|  |TAMS 0x00000000e9b00000, 0x00000000e9b00000| Untracked 
| 156|0x00000000e9c00000, 0x00000000e9c00000, 0x00000000e9d00000|  0%| F|  |TAMS 0x00000000e9c00000, 0x00000000e9c00000| Untracked 
| 157|0x00000000e9d00000, 0x00000000e9d00000, 0x00000000e9e00000|  0%| F|  |TAMS 0x00000000e9d00000, 0x00000000e9d00000| Untracked 
| 158|0x00000000e9e00000, 0x00000000e9e00000, 0x00000000e9f00000|  0%| F|  |TAMS 0x00000000e9e00000, 0x00000000e9e00000| Untracked 
| 159|0x00000000e9f00000, 0x00000000e9f00000, 0x00000000ea000000|  0%| F|  |TAMS 0x00000000e9f00000, 0x00000000e9f00000| Untracked 
| 160|0x00000000ea000000, 0x00000000ea000000, 0x00000000ea100000|  0%| F|  |TAMS 0x00000000ea000000, 0x00000000ea000000| Untracked 
| 161|0x00000000ea100000, 0x00000000ea100000, 0x00000000ea200000|  0%| F|  |TAMS 0x00000000ea100000, 0x00000000ea100000| Untracked 
| 162|0x00000000ea200000, 0x00000000ea200000, 0x00000000ea300000|  0%| F|  |TAMS 0x00000000ea200000, 0x00000000ea200000| Untracked 
| 163|0x00000000ea300000, 0x00000000ea300000, 0x00000000ea400000|  0%| F|  |TAMS 0x00000000ea300000, 0x00000000ea300000| Untracked 
| 164|0x00000000ea400000, 0x00000000ea400000, 0x00000000ea500000|  0%| F|  |TAMS 0x00000000ea400000, 0x00000000ea400000| Untracked 
| 165|0x00000000ea500000, 0x00000000ea500000, 0x00000000ea600000|  0%| F|  |TAMS 0x00000000ea500000, 0x00000000ea500000| Untracked 
| 166|0x00000000ea600000, 0x00000000ea600000, 0x00000000ea700000|  0%| F|  |TAMS 0x00000000ea600000, 0x00000000ea600000| Untracked 
| 167|0x00000000ea700000, 0x00000000ea700000, 0x00000000ea800000|  0%| F|  |TAMS 0x00000000ea700000, 0x00000000ea700000| Untracked 
| 168|0x00000000ea800000, 0x00000000ea800000, 0x00000000ea900000|  0%| F|  |TAMS 0x00000000ea800000, 0x00000000ea800000| Untracked 
| 169|0x00000000ea900000, 0x00000000ea900000, 0x00000000eaa00000|  0%| F|  |TAMS 0x00000000ea900000, 0x00000000ea900000| Untracked 
| 170|0x00000000eaa00000, 0x00000000eaa00000, 0x00000000eab00000|  0%| F|  |TAMS 0x00000000eaa00000, 0x00000000eaa00000| Untracked 
| 171|0x00000000eab00000, 0x00000000eab00000, 0x00000000eac00000|  0%| F|  |TAMS 0x00000000eab00000, 0x00000000eab00000| Untracked 
| 172|0x00000000eac00000, 0x00000000eac00000, 0x00000000ead00000|  0%| F|  |TAMS 0x00000000eac00000, 0x00000000eac00000| Untracked 
| 173|0x00000000ead00000, 0x00000000ead00000, 0x00000000eae00000|  0%| F|  |TAMS 0x00000000ead00000, 0x00000000ead00000| Untracked 
| 174|0x00000000eae00000, 0x00000000eae00000, 0x00000000eaf00000|  0%| F|  |TAMS 0x00000000eae00000, 0x00000000eae00000| Untracked 
| 175|0x00000000eaf00000, 0x00000000eaf00000, 0x00000000eb000000|  0%| F|  |TAMS 0x00000000eaf00000, 0x00000000eaf00000| Untracked 
| 176|0x00000000eb000000, 0x00000000eb000000, 0x00000000eb100000|  0%| F|  |TAMS 0x00000000eb000000, 0x00000000eb000000| Untracked 
| 177|0x00000000eb100000, 0x00000000eb100000, 0x00000000eb200000|  0%| F|  |TAMS 0x00000000eb100000, 0x00000000eb100000| Untracked 
| 178|0x00000000eb200000, 0x00000000eb200000, 0x00000000eb300000|  0%| F|  |TAMS 0x00000000eb200000, 0x00000000eb200000| Untracked 
| 179|0x00000000eb300000, 0x00000000eb300000, 0x00000000eb400000|  0%| F|  |TAMS 0x00000000eb300000, 0x00000000eb300000| Untracked 
| 180|0x00000000eb400000, 0x00000000eb400000, 0x00000000eb500000|  0%| F|  |TAMS 0x00000000eb400000, 0x00000000eb400000| Untracked 
| 181|0x00000000eb500000, 0x00000000eb500000, 0x00000000eb600000|  0%| F|  |TAMS 0x00000000eb500000, 0x00000000eb500000| Untracked 
| 182|0x00000000eb600000, 0x00000000eb600000, 0x00000000eb700000|  0%| F|  |TAMS 0x00000000eb600000, 0x00000000eb600000| Untracked 
| 183|0x00000000eb700000, 0x00000000eb700000, 0x00000000eb800000|  0%| F|  |TAMS 0x00000000eb700000, 0x00000000eb700000| Untracked 
| 184|0x00000000eb800000, 0x00000000eb800000, 0x00000000eb900000|  0%| F|  |TAMS 0x00000000eb800000, 0x00000000eb800000| Untracked 
| 185|0x00000000eb900000, 0x00000000eb900000, 0x00000000eba00000|  0%| F|  |TAMS 0x00000000eb900000, 0x00000000eb900000| Untracked 
| 186|0x00000000eba00000, 0x00000000eba00000, 0x00000000ebb00000|  0%| F|  |TAMS 0x00000000eba00000, 0x00000000eba00000| Untracked 
| 187|0x00000000ebb00000, 0x00000000ebb00000, 0x00000000ebc00000|  0%| F|  |TAMS 0x00000000ebb00000, 0x00000000ebb00000| Untracked 
| 188|0x00000000ebc00000, 0x00000000ebc00000, 0x00000000ebd00000|  0%| F|  |TAMS 0x00000000ebc00000, 0x00000000ebc00000| Untracked 
| 189|0x00000000ebd00000, 0x00000000ebd00000, 0x00000000ebe00000|  0%| F|  |TAMS 0x00000000ebd00000, 0x00000000ebd00000| Untracked 
| 190|0x00000000ebe00000, 0x00000000ebe00000, 0x00000000ebf00000|  0%| F|  |TAMS 0x00000000ebe00000, 0x00000000ebe00000| Untracked 
| 191|0x00000000ebf00000, 0x00000000ebf00000, 0x00000000ec000000|  0%| F|  |TAMS 0x00000000ebf00000, 0x00000000ebf00000| Untracked 
| 192|0x00000000ec000000, 0x00000000ec000000, 0x00000000ec100000|  0%| F|  |TAMS 0x00000000ec000000, 0x00000000ec000000| Untracked 
| 193|0x00000000ec100000, 0x00000000ec1792c8, 0x00000000ec200000| 47%| S|CS|TAMS 0x00000000ec100000, 0x00000000ec100000| Complete 
| 194|0x00000000ec200000, 0x00000000ec300000, 0x00000000ec300000|100%| S|CS|TAMS 0x00000000ec200000, 0x00000000ec200000| Complete 
| 195|0x00000000ec300000, 0x00000000ec400000, 0x00000000ec400000|100%| S|CS|TAMS 0x00000000ec300000, 0x00000000ec300000| Complete 
| 196|0x00000000ec400000, 0x00000000ec500000, 0x00000000ec500000|100%| S|CS|TAMS 0x00000000ec400000, 0x00000000ec400000| Complete 
| 197|0x00000000ec500000, 0x00000000ec600000, 0x00000000ec600000|100%| S|CS|TAMS 0x00000000ec500000, 0x00000000ec500000| Complete 
| 198|0x00000000ec600000, 0x00000000ec700000, 0x00000000ec700000|100%| S|CS|TAMS 0x00000000ec600000, 0x00000000ec600000| Complete 
| 199|0x00000000ec700000, 0x00000000ec800000, 0x00000000ec800000|100%| S|CS|TAMS 0x00000000ec700000, 0x00000000ec700000| Complete 
| 200|0x00000000ec800000, 0x00000000ec900000, 0x00000000ec900000|100%| S|CS|TAMS 0x00000000ec800000, 0x00000000ec800000| Complete 
| 201|0x00000000ec900000, 0x00000000eca00000, 0x00000000eca00000|100%| S|CS|TAMS 0x00000000ec900000, 0x00000000ec900000| Complete 
| 202|0x00000000eca00000, 0x00000000eca00000, 0x00000000ecb00000|  0%| F|  |TAMS 0x00000000eca00000, 0x00000000eca00000| Untracked 
| 203|0x00000000ecb00000, 0x00000000ecb00000, 0x00000000ecc00000|  0%| F|  |TAMS 0x00000000ecb00000, 0x00000000ecb00000| Untracked 
| 204|0x00000000ecc00000, 0x00000000ecc00000, 0x00000000ecd00000|  0%| F|  |TAMS 0x00000000ecc00000, 0x00000000ecc00000| Untracked 
| 205|0x00000000ecd00000, 0x00000000ecd00000, 0x00000000ece00000|  0%| F|  |TAMS 0x00000000ecd00000, 0x00000000ecd00000| Untracked 
| 206|0x00000000ece00000, 0x00000000ece00000, 0x00000000ecf00000|  0%| F|  |TAMS 0x00000000ece00000, 0x00000000ece00000| Untracked 
| 207|0x00000000ecf00000, 0x00000000ecf00000, 0x00000000ed000000|  0%| F|  |TAMS 0x00000000ecf00000, 0x00000000ecf00000| Untracked 
| 208|0x00000000ed000000, 0x00000000ed000000, 0x00000000ed100000|  0%| F|  |TAMS 0x00000000ed000000, 0x00000000ed000000| Untracked 
| 209|0x00000000ed100000, 0x00000000ed100000, 0x00000000ed200000|  0%| F|  |TAMS 0x00000000ed100000, 0x00000000ed100000| Untracked 
| 210|0x00000000ed200000, 0x00000000ed200000, 0x00000000ed300000|  0%| F|  |TAMS 0x00000000ed200000, 0x00000000ed200000| Untracked 
| 211|0x00000000ed300000, 0x00000000ed300000, 0x00000000ed400000|  0%| F|  |TAMS 0x00000000ed300000, 0x00000000ed300000| Untracked 
| 212|0x00000000ed400000, 0x00000000ed400000, 0x00000000ed500000|  0%| F|  |TAMS 0x00000000ed400000, 0x00000000ed400000| Untracked 
| 213|0x00000000ed500000, 0x00000000ed500000, 0x00000000ed600000|  0%| F|  |TAMS 0x00000000ed500000, 0x00000000ed500000| Untracked 
| 214|0x00000000ed600000, 0x00000000ed600000, 0x00000000ed700000|  0%| F|  |TAMS 0x00000000ed600000, 0x00000000ed600000| Untracked 
| 215|0x00000000ed700000, 0x00000000ed700000, 0x00000000ed800000|  0%| F|  |TAMS 0x00000000ed700000, 0x00000000ed700000| Untracked 
| 216|0x00000000ed800000, 0x00000000ed800000, 0x00000000ed900000|  0%| F|  |TAMS 0x00000000ed800000, 0x00000000ed800000| Untracked 
| 217|0x00000000ed900000, 0x00000000ed900000, 0x00000000eda00000|  0%| F|  |TAMS 0x00000000ed900000, 0x00000000ed900000| Untracked 
| 218|0x00000000eda00000, 0x00000000eda00000, 0x00000000edb00000|  0%| F|  |TAMS 0x00000000eda00000, 0x00000000eda00000| Untracked 
| 219|0x00000000edb00000, 0x00000000edb00000, 0x00000000edc00000|  0%| F|  |TAMS 0x00000000edb00000, 0x00000000edb00000| Untracked 
| 220|0x00000000edc00000, 0x00000000edc00000, 0x00000000edd00000|  0%| F|  |TAMS 0x00000000edc00000, 0x00000000edc00000| Untracked 
| 221|0x00000000edd00000, 0x00000000edd00000, 0x00000000ede00000|  0%| F|  |TAMS 0x00000000edd00000, 0x00000000edd00000| Untracked 
| 222|0x00000000ede00000, 0x00000000ede00000, 0x00000000edf00000|  0%| F|  |TAMS 0x00000000ede00000, 0x00000000ede00000| Untracked 
| 223|0x00000000edf00000, 0x00000000edf00000, 0x00000000ee000000|  0%| F|  |TAMS 0x00000000edf00000, 0x00000000edf00000| Untracked 
| 224|0x00000000ee000000, 0x00000000ee000000, 0x00000000ee100000|  0%| F|  |TAMS 0x00000000ee000000, 0x00000000ee000000| Untracked 
| 225|0x00000000ee100000, 0x00000000ee100000, 0x00000000ee200000|  0%| F|  |TAMS 0x00000000ee100000, 0x00000000ee100000| Untracked 
| 226|0x00000000ee200000, 0x00000000ee200000, 0x00000000ee300000|  0%| F|  |TAMS 0x00000000ee200000, 0x00000000ee200000| Untracked 
| 227|0x00000000ee300000, 0x00000000ee300000, 0x00000000ee400000|  0%| F|  |TAMS 0x00000000ee300000, 0x00000000ee300000| Untracked 
| 228|0x00000000ee400000, 0x00000000ee400000, 0x00000000ee500000|  0%| F|  |TAMS 0x00000000ee400000, 0x00000000ee400000| Untracked 
| 229|0x00000000ee500000, 0x00000000ee500000, 0x00000000ee600000|  0%| F|  |TAMS 0x00000000ee500000, 0x00000000ee500000| Untracked 
| 230|0x00000000ee600000, 0x00000000ee600000, 0x00000000ee700000|  0%| F|  |TAMS 0x00000000ee600000, 0x00000000ee600000| Untracked 
| 231|0x00000000ee700000, 0x00000000ee700000, 0x00000000ee800000|  0%| F|  |TAMS 0x00000000ee700000, 0x00000000ee700000| Untracked 
| 232|0x00000000ee800000, 0x00000000ee800000, 0x00000000ee900000|  0%| F|  |TAMS 0x00000000ee800000, 0x00000000ee800000| Untracked 
| 233|0x00000000ee900000, 0x00000000ee900000, 0x00000000eea00000|  0%| F|  |TAMS 0x00000000ee900000, 0x00000000ee900000| Untracked 
| 234|0x00000000eea00000, 0x00000000eea00000, 0x00000000eeb00000|  0%| F|  |TAMS 0x00000000eea00000, 0x00000000eea00000| Untracked 
| 235|0x00000000eeb00000, 0x00000000eeb00000, 0x00000000eec00000|  0%| F|  |TAMS 0x00000000eeb00000, 0x00000000eeb00000| Untracked 
| 236|0x00000000eec00000, 0x00000000eec00000, 0x00000000eed00000|  0%| F|  |TAMS 0x00000000eec00000, 0x00000000eec00000| Untracked 
| 237|0x00000000eed00000, 0x00000000eed00000, 0x00000000eee00000|  0%| F|  |TAMS 0x00000000eed00000, 0x00000000eed00000| Untracked 
| 238|0x00000000eee00000, 0x00000000eee00000, 0x00000000eef00000|  0%| F|  |TAMS 0x00000000eee00000, 0x00000000eee00000| Untracked 
| 239|0x00000000eef00000, 0x00000000eef00000, 0x00000000ef000000|  0%| F|  |TAMS 0x00000000eef00000, 0x00000000eef00000| Untracked 
| 240|0x00000000ef000000, 0x00000000ef000000, 0x00000000ef100000|  0%| F|  |TAMS 0x00000000ef000000, 0x00000000ef000000| Untracked 
| 241|0x00000000ef100000, 0x00000000ef100000, 0x00000000ef200000|  0%| F|  |TAMS 0x00000000ef100000, 0x00000000ef100000| Untracked 
| 242|0x00000000ef200000, 0x00000000ef200000, 0x00000000ef300000|  0%| F|  |TAMS 0x00000000ef200000, 0x00000000ef200000| Untracked 
| 243|0x00000000ef300000, 0x00000000ef3936f0, 0x00000000ef400000| 57%| E|  |TAMS 0x00000000ef300000, 0x00000000ef300000| Complete 
| 244|0x00000000ef400000, 0x00000000ef500000, 0x00000000ef500000|100%| E|CS|TAMS 0x00000000ef400000, 0x00000000ef400000| Complete 
| 245|0x00000000ef500000, 0x00000000ef600000, 0x00000000ef600000|100%| E|CS|TAMS 0x00000000ef500000, 0x00000000ef500000| Complete 
| 246|0x00000000ef600000, 0x00000000ef700000, 0x00000000ef700000|100%| E|CS|TAMS 0x00000000ef600000, 0x00000000ef600000| Complete 
| 247|0x00000000ef700000, 0x00000000ef800000, 0x00000000ef800000|100%| E|CS|TAMS 0x00000000ef700000, 0x00000000ef700000| Complete 
| 248|0x00000000ef800000, 0x00000000ef900000, 0x00000000ef900000|100%| E|CS|TAMS 0x00000000ef800000, 0x00000000ef800000| Complete 
| 249|0x00000000ef900000, 0x00000000efa00000, 0x00000000efa00000|100%| E|CS|TAMS 0x00000000ef900000, 0x00000000ef900000| Complete 
| 250|0x00000000efa00000, 0x00000000efb00000, 0x00000000efb00000|100%| E|CS|TAMS 0x00000000efa00000, 0x00000000efa00000| Complete 
| 251|0x00000000efb00000, 0x00000000efc00000, 0x00000000efc00000|100%| E|CS|TAMS 0x00000000efb00000, 0x00000000efb00000| Complete 
| 252|0x00000000efc00000, 0x00000000efd00000, 0x00000000efd00000|100%| E|CS|TAMS 0x00000000efc00000, 0x00000000efc00000| Complete 
| 253|0x00000000efd00000, 0x00000000efe00000, 0x00000000efe00000|100%| E|CS|TAMS 0x00000000efd00000, 0x00000000efd00000| Complete 
| 254|0x00000000efe00000, 0x00000000eff00000, 0x00000000eff00000|100%| E|CS|TAMS 0x00000000efe00000, 0x00000000efe00000| Complete 
| 255|0x00000000eff00000, 0x00000000f0000000, 0x00000000f0000000|100%| E|CS|TAMS 0x00000000eff00000, 0x00000000eff00000| Complete 

Card table byte_map: [0x0000022ca4240000,0x0000022ca4340000] _byte_map_base: 0x0000022ca3b40000

Marking Bits (Prev, Next): (CMBitMap*) 0x0000022c9117ea90, (CMBitMap*) 0x0000022c9117ea50
 Prev Bits: [0x0000022ca4c40000, 0x0000022ca5440000)
 Next Bits: [0x0000022ca4440000, 0x0000022ca4c40000)

Polling page: 0x0000022c8f2c0000

Metaspace:

Usage:
  Non-class:     19.80 MB used.
      Class:      2.74 MB used.
       Both:     22.54 MB used.

Virtual space:
  Non-class space:       64.00 MB reserved,      20.00 MB ( 31%) committed,  1 nodes.
      Class space:      320.00 MB reserved,       2.88 MB ( <1%) committed,  1 nodes.
             Both:      384.00 MB reserved,      22.88 MB (  6%) committed. 

Chunk freelists:
   Non-Class:  11.80 MB
       Class:  12.97 MB
        Both:  24.77 MB

MaxMetaspaceSize: 384.00 MB
CompressedClassSpaceSize: 320.00 MB
Initial GC threshold: 21.00 MB
Current GC threshold: 35.12 MB
CDS: off
MetaspaceReclaimPolicy: balanced
 - commit_granule_bytes: 65536.
 - commit_granule_words: 8192.
 - virtual_space_node_default_size: 8388608.
 - enlarge_chunks_in_place: 1.
 - new_chunks_are_fully_committed: 0.
 - uncommit_free_chunks: 1.
 - use_allocation_guard: 0.
 - handle_deallocations: 1.


Internal statistics:

num_allocs_failed_limit: 3.
num_arena_births: 186.
num_arena_deaths: 0.
num_vsnodes_births: 2.
num_vsnodes_deaths: 0.
num_space_committed: 366.
num_space_uncommitted: 0.
num_chunks_returned_to_freelist: 3.
num_chunks_taken_from_freelist: 625.
num_chunk_merges: 3.
num_chunk_splits: 408.
num_chunks_enlarged: 305.
num_inconsistent_stats: 0.

CodeHeap 'non-profiled nmethods': size=119168Kb used=1115Kb max_used=1115Kb free=118052Kb
 bounds [0x0000022c9c460000, 0x0000022c9c6d0000, 0x0000022ca38c0000]
CodeHeap 'profiled nmethods': size=119104Kb used=4827Kb max_used=4827Kb free=114276Kb
 bounds [0x0000022c948c0000, 0x0000022c94d80000, 0x0000022c9bd10000]
CodeHeap 'non-nmethods': size=7488Kb used=2341Kb max_used=2929Kb free=5146Kb
 bounds [0x0000022c9bd10000, 0x0000022c9bff0000, 0x0000022c9c460000]
 total_blobs=2889 nmethods=2363 adapters=436
 compilation: enabled
              stopped_count=0, restarted_count=0
 full_count=0

Compilation events (20 events):
Event: 7.790 Thread 0x0000022cad5bfbe0 2347       3       java.util.AbstractSequentialList::iterator (5 bytes)
Event: 7.791 Thread 0x0000022cad5bfbe0 nmethod 2347 0x0000022c94d70390 code [0x0000022c94d70580, 0x0000022c94d70ae8]
Event: 7.791 Thread 0x0000022cad5bfbe0 2348       3       java.lang.reflect.Method::getRoot (5 bytes)
Event: 7.791 Thread 0x0000022cad5bfbe0 nmethod 2348 0x0000022c94d70d10 code [0x0000022c94d70ea0, 0x0000022c94d70fb8]
Event: 7.792 Thread 0x0000022ca85cc370 nmethod 2311 0x0000022c9c573d10 code [0x0000022c9c573f20, 0x0000022c9c575548]
Event: 7.795 Thread 0x0000022ca893ce50 2349       3       java.util.Collections::singletonIterator (9 bytes)
Event: 7.795 Thread 0x0000022cad5bfbe0 2350       3       java.util.Collections$1::<init> (15 bytes)
Event: 7.795 Thread 0x0000022ca893d370 2351       3       java.util.Collections$1::next (25 bytes)
Event: 7.795 Thread 0x0000022ca85cce90 2352       3       java.util.Collections$SingletonList::iterator (8 bytes)
Event: 7.795 Thread 0x0000022cad5bfbe0 nmethod 2350 0x0000022c94d71090 code [0x0000022c94d71220, 0x0000022c94d713f8]
Event: 7.795 Thread 0x0000022ca893ce50 nmethod 2349 0x0000022c94d71490 code [0x0000022c94d71640, 0x0000022c94d71898]
Event: 7.795 Thread 0x0000022ca893d370 nmethod 2351 0x0000022c94d71990 code [0x0000022c94d71b40, 0x0000022c94d71d68]
Event: 7.795 Thread 0x0000022ca85cce90 nmethod 2352 0x0000022c94d71e90 code [0x0000022c94d72040, 0x0000022c94d72318]
Event: 7.798 Thread 0x0000022ca85cce90 2353       3       com.google.common.collect.ImmutableList::iterator (5 bytes)
Event: 7.798 Thread 0x0000022ca85cc370 2355       4       java.util.HashMap$KeyIterator::next (8 bytes)
Event: 7.798 Thread 0x0000022ca893ce50 2354       3       com.google.common.collect.ImmutableList::listIterator (6 bytes)
Event: 7.798 Thread 0x0000022ca85cce90 nmethod 2353 0x0000022c94d72410 code [0x0000022c94d725c0, 0x0000022c94d72868]
Event: 7.798 Thread 0x0000022ca893ce50 nmethod 2354 0x0000022c94d72910 code [0x0000022c94d72ac0, 0x0000022c94d72c88]
Event: 8.260 Thread 0x0000022ca893ce50 2356       1       java.util.concurrent.atomic.AtomicInteger::get (5 bytes)
Event: 8.463 Thread 0x0000022ca85cce90 2358       3       jdk.internal.misc.Unsafe::weakCompareAndSetInt (11 bytes)

GC Heap History (6 events):
Event: 6.524 GC heap before
{Heap before GC invocations=0 (full 0):
 garbage-first heap   total 262144K, used 26624K [0x00000000e0000000, 0x0000000100000000)
  region size 1024K, 23 young (23552K), 0 survivors (0K)
 Metaspace       used 10268K, committed 10432K, reserved 393216K
  class space    used 1032K, committed 1088K, reserved 327680K
}
Event: 6.526 GC heap after
{Heap after GC invocations=1 (full 0):
 garbage-first heap   total 262144K, used 10695K [0x00000000e0000000, 0x0000000100000000)
  region size 1024K, 3 young (3072K), 3 survivors (3072K)
 Metaspace       used 10268K, committed 10432K, reserved 393216K
  class space    used 1032K, committed 1088K, reserved 327680K
}
Event: 6.806 GC heap before
{Heap before GC invocations=1 (full 0):
 garbage-first heap   total 262144K, used 38343K [0x00000000e0000000, 0x0000000100000000)
  region size 1024K, 30 young (30720K), 3 survivors (3072K)
 Metaspace       used 11538K, committed 11712K, reserved 393216K
  class space    used 1199K, committed 1280K, reserved 327680K
}
Event: 6.809 GC heap after
{Heap after GC invocations=2 (full 0):
 garbage-first heap   total 262144K, used 11673K [0x00000000e0000000, 0x0000000100000000)
  region size 1024K, 1 young (1024K), 1 survivors (1024K)
 Metaspace       used 11538K, committed 11712K, reserved 393216K
  class space    used 1199K, committed 1280K, reserved 327680K
}
Event: 7.686 GC heap before
{Heap before GC invocations=2 (full 0):
 garbage-first heap   total 262144K, used 65945K [0x00000000e0000000, 0x0000000100000000)
  region size 1024K, 54 young (55296K), 1 survivors (1024K)
 Metaspace       used 21288K, committed 21504K, reserved 393216K
  class space    used 2492K, committed 2624K, reserved 327680K
}
Event: 7.690 GC heap after
{Heap after GC invocations=3 (full 0):
 garbage-first heap   total 262144K, used 19442K [0x00000000e0000000, 0x0000000100000000)
  region size 1024K, 9 young (9216K), 9 survivors (9216K)
 Metaspace       used 21288K, committed 21504K, reserved 393216K
  class space    used 2492K, committed 2624K, reserved 327680K
}

Dll operation events (3 events):
Event: 0.007 Loaded shared library D:\IntelliJ IDEA 2023.2.8\jbr\bin\java.dll
Event: 0.096 Loaded shared library D:\IntelliJ IDEA 2023.2.8\jbr\bin\zip.dll
Event: 0.292 Loaded shared library D:\IntelliJ IDEA 2023.2.8\jbr\bin\verify.dll

Deoptimization events (20 events):
Event: 7.674 Thread 0x0000022cb0160b90 Uncommon trap: trap_request=0xffffff45 fr.pc=0x0000022c9c4a219c relative=0x00000000000003dc
Event: 7.674 Thread 0x0000022cb0160b90 Uncommon trap: reason=unstable_if action=reinterpret pc=0x0000022c9c4a219c method=java.util.HashMap.getNode(Ljava/lang/Object;)Ljava/util/HashMap$Node; @ 66 c2
Event: 7.674 Thread 0x0000022cb0160b90 DEOPT PACKING pc=0x0000022c9c4a219c sp=0x00000065e06fc1a0
Event: 7.674 Thread 0x0000022cb0160b90 DEOPT UNPACKING pc=0x0000022c9bd669a3 sp=0x00000065e06fc120 mode 2
Event: 7.674 Thread 0x0000022cb0160b90 Uncommon trap: trap_request=0xffffffc6 fr.pc=0x0000022c9c554db4 relative=0x0000000000001874
Event: 7.674 Thread 0x0000022cb0160b90 Uncommon trap: reason=bimorphic_or_optimized_type_check action=maybe_recompile pc=0x0000022c9c554db4 method=java.util.HashMap.putVal(ILjava/lang/Object;Ljava/lang/Object;ZZ)Ljava/lang/Object; @ 91 c2
Event: 7.674 Thread 0x0000022cb0160b90 DEOPT PACKING pc=0x0000022c9c554db4 sp=0x00000065e06fc150
Event: 7.674 Thread 0x0000022cb0160b90 DEOPT UNPACKING pc=0x0000022c9bd669a3 sp=0x00000065e06fc0f0 mode 2
Event: 7.674 Thread 0x0000022cb0160b90 Uncommon trap: trap_request=0xffffffc6 fr.pc=0x0000022c9c554db4 relative=0x0000000000001874
Event: 7.674 Thread 0x0000022cb0160b90 Uncommon trap: reason=bimorphic_or_optimized_type_check action=maybe_recompile pc=0x0000022c9c554db4 method=java.util.HashMap.putVal(ILjava/lang/Object;Ljava/lang/Object;ZZ)Ljava/lang/Object; @ 91 c2
Event: 7.674 Thread 0x0000022cb0160b90 DEOPT PACKING pc=0x0000022c9c554db4 sp=0x00000065e06fc150
Event: 7.674 Thread 0x0000022cb0160b90 DEOPT UNPACKING pc=0x0000022c9bd669a3 sp=0x00000065e06fc0f0 mode 2
Event: 7.680 Thread 0x0000022cb0160b90 Uncommon trap: trap_request=0xffffff45 fr.pc=0x0000022c9c508f2c relative=0x00000000000003ec
Event: 7.680 Thread 0x0000022cb0160b90 Uncommon trap: reason=unstable_if action=reinterpret pc=0x0000022c9c508f2c method=java.util.concurrent.ConcurrentHashMap.get(Ljava/lang/Object;)Ljava/lang/Object; @ 152 c2
Event: 7.680 Thread 0x0000022cb0160b90 DEOPT PACKING pc=0x0000022c9c508f2c sp=0x00000065e06fb660
Event: 7.680 Thread 0x0000022cb0160b90 DEOPT UNPACKING pc=0x0000022c9bd669a3 sp=0x00000065e06fb5d8 mode 2
Event: 7.722 Thread 0x0000022cb0160b90 Uncommon trap: trap_request=0xffffff45 fr.pc=0x0000022c9c51eab8 relative=0x0000000000000198
Event: 7.722 Thread 0x0000022cb0160b90 Uncommon trap: reason=unstable_if action=reinterpret pc=0x0000022c9c51eab8 method=java.util.WeakHashMap.expungeStaleEntries()V @ 9 c2
Event: 7.722 Thread 0x0000022cb0160b90 DEOPT PACKING pc=0x0000022c9c51eab8 sp=0x00000065e06fafd0
Event: 7.722 Thread 0x0000022cb0160b90 DEOPT UNPACKING pc=0x0000022c9bd669a3 sp=0x00000065e06faf68 mode 2

Classes unloaded (0 events):
No events

Classes redefined (0 events):
No events

Internal exceptions (20 events):
Event: 6.534 Thread 0x0000022c9114bce0 Exception <a 'java/lang/NoSuchMethodError'{0x00000000efe0ea10}: 'int java.lang.invoke.DirectMethodHandle$Holder.invokeStaticInit(java.lang.Object)'> (0x00000000efe0ea10) 
thrown [s\src\hotspot\share\interpreter\linkResolver.cpp, line 771]
Event: 6.653 Thread 0x0000022c9114bce0 Exception <a 'java/lang/NoSuchMethodError'{0x00000000ef820a08}: 'void java.lang.invoke.DirectMethodHandle$Holder.invokeInterface(java.lang.Object, java.lang.Object, java.lang.Object)'> (0x00000000ef820a08) 
thrown [s\src\hotspot\share\interpreter\linkResolver.cpp, line 771]
Event: 7.057 Thread 0x0000022c9114bce0 Exception <a 'java/lang/NoSuchMethodError'{0x00000000ee5e7f78}: 'java.lang.Object java.lang.invoke.DirectMethodHandle$Holder.invokeStaticInit(java.lang.Object)'> (0x00000000ee5e7f78) 
thrown [s\src\hotspot\share\interpreter\linkResolver.cpp, line 771]
Event: 7.068 Thread 0x0000022c9114bce0 Exception <a 'java/lang/NoSuchMethodError'{0x00000000ee472830}: 'java.lang.Object java.lang.invoke.DirectMethodHandle$Holder.invokeInterface(java.lang.Object, java.lang.Object)'> (0x00000000ee472830) 
thrown [s\src\hotspot\share\interpreter\linkResolver.cpp, line 771]
Event: 7.120 Thread 0x0000022c9114bce0 Exception <a 'java/lang/NoSuchMethodError'{0x00000000ede94568}: 'java.lang.Object java.lang.invoke.DirectMethodHandle$Holder.invokeStaticInit(java.lang.Object, int, int, int, int)'> (0x00000000ede94568) 
thrown [s\src\hotspot\share\interpreter\linkResolver.cpp, line 771]
Event: 7.230 Thread 0x0000022c9114bce0 Exception <a 'java/lang/NoSuchMethodError'{0x00000000edd99ce8}: 'java.lang.Object java.lang.invoke.DirectMethodHandle$Holder.invokeStaticInit(java.lang.Object, java.lang.Object, int, int, int, int)'> (0x00000000edd99ce8) 
thrown [s\src\hotspot\share\interpreter\linkResolver.cpp, line 771]
Event: 7.514 Thread 0x0000022c9114bce0 Exception <a 'java/lang/NoSuchMethodError'{0x00000000eda18698}: 'void java.lang.invoke.DirectMethodHandle$Holder.invokeStatic(java.lang.Object, java.lang.Object, java.lang.Object)'> (0x00000000eda18698) 
thrown [s\src\hotspot\share\interpreter\linkResolver.cpp, line 771]
Event: 7.533 Thread 0x0000022c9114bce0 Exception <a 'java/io/IOException'{0x00000000edade158}> (0x00000000edade158) 
thrown [s\src\hotspot\share\prims\jni.cpp, line 517]
Event: 7.627 Thread 0x0000022cb0160b90 Exception <a 'java/lang/NoSuchMethodError'{0x00000000ed1cbf58}: 'long java.lang.invoke.DirectMethodHandle$Holder.invokeInterface(java.lang.Object, java.lang.Object)'> (0x00000000ed1cbf58) 
thrown [s\src\hotspot\share\interpreter\linkResolver.cpp, line 771]
Event: 7.630 Thread 0x0000022cb0160b90 Exception <a 'java/lang/NoSuchMethodError'{0x00000000ed007668}: 'java.lang.Object java.lang.invoke.DirectMethodHandle$Holder.invokeVirtual(java.lang.Object, java.lang.Object, java.lang.Object)'> (0x00000000ed007668) 
thrown [s\src\hotspot\share\interpreter\linkResolver.cpp, line 771]
Event: 7.661 Thread 0x0000022cb0160b90 Exception <a 'java/lang/NoSuchMethodError'{0x00000000ecdc4728}: 'void java.lang.invoke.DirectMethodHandle$Holder.invokeStatic(java.lang.Object, java.lang.Object)'> (0x00000000ecdc4728) 
thrown [s\src\hotspot\share\interpreter\linkResolver.cpp, line 771]
Event: 7.678 Thread 0x0000022cb0160b90 Exception <a 'java/lang/NoSuchMethodError'{0x00000000ecb76800}: 'java.lang.Object java.lang.invoke.DirectMethodHandle$Holder.newInvokeSpecial(java.lang.Object, java.lang.Object, java.lang.Object, java.lang.Object, java.lang.Object)'> (0x00000000ecb76800) 
thrown [s\src\hotspot\share\interpreter\linkResolver.cpp, line 771]
Event: 7.703 Thread 0x0000022cb0160b90 Exception <a 'java/lang/NoSuchMethodError'{0x00000000efef9340}: 'void java.lang.invoke.DirectMethodHandle$Holder.invokeSpecial(java.lang.Object, java.lang.Object, java.lang.Object)'> (0x00000000efef9340) 
thrown [s\src\hotspot\share\interpreter\linkResolver.cpp, line 771]
Event: 7.711 Thread 0x0000022cb0160b90 Exception <a 'java/lang/NoSuchMethodError'{0x00000000efc2daf8}: 'java.lang.Object java.lang.invoke.DirectMethodHandle$Holder.newInvokeSpecial(java.lang.Object, java.lang.Object, java.lang.Object, java.lang.Object, java.lang.Object, java.lang.Object)'> (0x00000000efc2daf8) 
thrown [s\src\hotspot\share\interpreter\linkResolver.cpp, line 771]
Event: 7.712 Thread 0x0000022cb0160b90 Exception <a 'java/lang/NoSuchMethodError'{0x00000000efc45738}: 'void java.lang.invoke.DirectMethodHandle$Holder.invokeSpecial(java.lang.Object, java.lang.Object, java.lang.Object, java.lang.Object, java.lang.Object)'> (0x00000000efc45738) 
thrown [s\src\hotspot\share\interpreter\linkResolver.cpp, line 771]
Event: 7.713 Thread 0x0000022cb0160b90 Exception <a 'java/lang/NoSuchMethodError'{0x00000000efc596e8}: 'void java.lang.invoke.DirectMethodHandle$Holder.invokeStaticInit(java.lang.Object, java.lang.Object)'> (0x00000000efc596e8) 
thrown [s\src\hotspot\share\interpreter\linkResolver.cpp, line 771]
Event: 7.743 Thread 0x0000022cb0160b90 Exception <a 'java/lang/NoSuchMethodError'{0x00000000ef995930}: 'void java.lang.invoke.DelegatingMethodHandle$Holder.reinvoke_L(java.lang.Object, java.lang.Object, java.lang.Object, java.lang.Object, java.lang.Object, java.lang.Object, java.lang.Object, java.lang.Object, java.lang.Object, java.lang.Object)'> (0x00000000ef995930) 
thrown [s\src\hotspot\share\interpreter\linkResolver.cpp, line 771]
Event: 7.744 Thread 0x0000022cb0160b90 Exception <a 'java/lang/NoSuchMethodError'{0x00000000ef99dee0}: 'java.lang.Object java.lang.invoke.DirectMethodHandle$Holder.invokeSpecial(java.lang.Object, java.lang.Object, java.lang.Object, java.lang.Object, java.lang.Object, java.lang.Object, java.lang.Object, java.lang.Object, java.lang.Object, java.lang.Object)'> (0x00000000ef99dee0) 
thrown [s\src\hotspot\share\interpreter\linkResolver.cpp, line 771]
Event: 7.744 Thread 0x0000022cb0160b90 Exception <a 'java/lang/NoSuchMethodError'{0x00000000ef9a27b0}: 'java.lang.Object java.lang.invoke.Invokers$Holder.invoker(java.lang.Object, java.lang.Object, java.lang.Object, java.lang.Object, java.lang.Object, java.lang.Object, java.lang.Object, java.lang.Object, java.lang.Object, java.lang.Object)'> (0x00000000ef9a27b0) 
thrown [s\src\hotspot\share\interpreter\linkResolver.cpp, line 771]
Event: 7.744 Thread 0x0000022cb0160b90 Exception <a 'java/lang/NoSuchMethodError'{0x00000000ef9a83b8}: 'java.lang.Object java.lang.invoke.DirectMethodHandle$Holder.invokeSpecial(java.lang.Object, java.lang.Object, java.lang.Object, java.lang.Object, java.lang.Object, java.lang.Object, java.lang.Object, java.lang.Object, java.lang.Object, java.lang.Object, java.lang.Object)'> (0x00000000ef9a83b8) 
thrown [s\src\hotspot\share\interpreter\linkResolver.cpp, line 771]

VM Operations (20 events):
Event: 7.087 Executing VM operation: HandshakeAllThreads done
Event: 7.113 Executing VM operation: HandshakeAllThreads
Event: 7.113 Executing VM operation: HandshakeAllThreads done
Event: 7.225 Executing VM operation: HandshakeAllThreads
Event: 7.225 Executing VM operation: HandshakeAllThreads done
Event: 7.513 Executing VM operation: HandshakeAllThreads
Event: 7.513 Executing VM operation: HandshakeAllThreads done
Event: 7.552 Executing VM operation: HandshakeAllThreads
Event: 7.552 Executing VM operation: HandshakeAllThreads done
Event: 7.622 Executing VM operation: ICBufferFull
Event: 7.622 Executing VM operation: ICBufferFull done
Event: 7.685 Executing VM operation: CollectForMetadataAllocation
Event: 7.690 Executing VM operation: CollectForMetadataAllocation done
Event: 7.692 Executing VM operation: G1PauseRemark
Event: 7.693 Executing VM operation: G1PauseRemark done
Event: 7.693 Executing VM operation: G1PauseCleanup
Event: 7.694 Executing VM operation: G1PauseCleanup done
Event: 7.729 Executing VM operation: HandshakeAllThreads
Event: 7.729 Executing VM operation: HandshakeAllThreads done
Event: 8.742 Executing VM operation: Cleanup

Events (20 events):
Event: 7.681 loading class java/util/stream/MatchOps$BooleanTerminalSink done
Event: 7.682 loading class java/util/stream/MatchOps$1MatchSink
Event: 7.682 loading class java/util/stream/MatchOps$1MatchSink done
Event: 7.716 loading class java/lang/invoke/MethodHandle$1
Event: 7.716 loading class java/lang/invoke/MethodHandle$1 done
Event: 7.720 loading class java/util/ConcurrentModificationException
Event: 7.720 loading class java/util/ConcurrentModificationException done
Event: 7.731 loading class sun/reflect/generics/scope/ConstructorScope
Event: 7.731 loading class sun/reflect/generics/scope/ConstructorScope done
Event: 7.731 loading class sun/reflect/generics/tree/VoidDescriptor
Event: 7.731 loading class sun/reflect/generics/tree/VoidDescriptor done
Event: 7.746 loading class java/lang/invoke/BoundMethodHandle$Species_LLLLLLLL
Event: 7.746 loading class java/lang/invoke/BoundMethodHandle$Species_LLLLLLLL done
Event: 7.746 loading class java/lang/invoke/BoundMethodHandle$Species_LLLLLLLLL
Event: 7.746 loading class java/lang/invoke/BoundMethodHandle$Species_LLLLLLLLL done
Event: 7.747 loading class java/lang/invoke/BoundMethodHandle$Species_LLLLLLLLLL
Event: 7.747 loading class java/lang/invoke/BoundMethodHandle$Species_LLLLLLLLLL done
Event: 7.753 loading class java/io/UncheckedIOException
Event: 7.753 loading class java/io/UncheckedIOException done
Event: 8.092 loading class java/lang/management/MemoryType


Dynamic libraries:
0x00007ff69b410000 - 0x00007ff69b41a000 	D:\IntelliJ IDEA 2023.2.8\jbr\bin\java.exe
0x00007ffee5220000 - 0x00007ffee5486000 	C:\WINDOWS\SYSTEM32\ntdll.dll
0x00007ffee42a0000 - 0x00007ffee4369000 	C:\WINDOWS\System32\KERNEL32.DLL
0x00007ffee2740000 - 0x00007ffee2b3e000 	C:\WINDOWS\System32\KERNELBASE.dll
0x00007ffee2df0000 - 0x00007ffee2f3c000 	C:\WINDOWS\System32\ucrtbase.dll
0x00007ffecc8a0000 - 0x00007ffecc8b7000 	D:\IntelliJ IDEA 2023.2.8\jbr\bin\jli.dll
0x00007ffee2f50000 - 0x00007ffee3117000 	C:\WINDOWS\System32\USER32.dll
0x00007ffee2440000 - 0x00007ffee2467000 	C:\WINDOWS\System32\win32u.dll
0x00007ffee3a10000 - 0x00007ffee3a3b000 	C:\WINDOWS\System32\GDI32.dll
0x00007ffee2c00000 - 0x00007ffee2d2a000 	C:\WINDOWS\System32\gdi32full.dll
0x00007ffee1890000 - 0x00007ffee1b22000 	C:\WINDOWS\WinSxS\amd64_microsoft.windows.common-controls_6595b64144ccf1df_6.0.26100.8875_none_3e0d5d42e32fe9dd\COMCTL32.dll
0x00007ffee2b50000 - 0x00007ffee2bf3000 	C:\WINDOWS\System32\msvcp_win.dll
0x00007ffee3f10000 - 0x00007ffee3fb9000 	C:\WINDOWS\System32\msvcrt.dll
0x00007ffeccfb0000 - 0x00007ffeccfcb000 	D:\IntelliJ IDEA 2023.2.8\jbr\bin\VCRUNTIME140.dll
0x00007ffee5040000 - 0x00007ffee5072000 	C:\WINDOWS\System32\IMM32.DLL
0x00007ffecbcb0000 - 0x00007ffecbcbc000 	D:\IntelliJ IDEA 2023.2.8\jbr\bin\vcruntime140_1.dll
0x00007ffe9bc10000 - 0x00007ffe9bc9d000 	D:\IntelliJ IDEA 2023.2.8\jbr\bin\msvcp140.dll
0x00007ffe3f730000 - 0x00007ffe403b5000 	D:\IntelliJ IDEA 2023.2.8\jbr\bin\server\jvm.dll
0x00007ffee4f80000 - 0x00007ffee5037000 	C:\WINDOWS\System32\ADVAPI32.dll
0x00007ffee36a0000 - 0x00007ffee374a000 	C:\WINDOWS\System32\sechost.dll
0x00007ffee3580000 - 0x00007ffee3698000 	C:\WINDOWS\System32\RPCRT4.dll
0x00007ffee22a0000 - 0x00007ffee22fe000 	C:\WINDOWS\SYSTEM32\POWRPROF.dll
0x00007ffed01a0000 - 0x00007ffed01aa000 	C:\WINDOWS\SYSTEM32\WSOCK32.dll
0x00007ffed33a0000 - 0x00007ffed33ab000 	C:\WINDOWS\SYSTEM32\VERSION.dll
0x00007ffecc150000 - 0x00007ffecc186000 	C:\WINDOWS\SYSTEM32\WINMM.dll
0x00007ffee38c0000 - 0x00007ffee3940000 	C:\WINDOWS\System32\WS2_32.dll
0x00007ffee2280000 - 0x00007ffee2294000 	C:\WINDOWS\SYSTEM32\UMPDC.dll
0x00007ffee07b0000 - 0x00007ffee07cb000 	C:\WINDOWS\SYSTEM32\kernel.appcore.dll
0x00007ffedc080000 - 0x00007ffedc08a000 	D:\IntelliJ IDEA 2023.2.8\jbr\bin\jimage.dll
0x00007ffee1c40000 - 0x00007ffee1e82000 	C:\WINDOWS\SYSTEM32\DBGHELP.DLL
0x00007ffee3180000 - 0x00007ffee3503000 	C:\WINDOWS\System32\combase.dll
0x00007ffee41c0000 - 0x00007ffee4299000 	C:\WINDOWS\System32\OLEAUT32.dll
0x00007ffee1b30000 - 0x00007ffee1b6b000 	C:\WINDOWS\SYSTEM32\dbgcore.DLL
0x00007ffee2680000 - 0x00007ffee272c000 	C:\WINDOWS\System32\bcryptPrimitives.dll
0x00007ffecd1f0000 - 0x00007ffecd1fe000 	D:\IntelliJ IDEA 2023.2.8\jbr\bin\instrument.dll
0x00007ffecd690000 - 0x00007ffecd6b5000 	D:\IntelliJ IDEA 2023.2.8\jbr\bin\java.dll
0x00007ffecdac0000 - 0x00007ffecdad8000 	D:\IntelliJ IDEA 2023.2.8\jbr\bin\zip.dll
0x00007ffee4640000 - 0x00007ffee4dd2000 	C:\WINDOWS\System32\SHELL32.dll
0x00007ffedf3e0000 - 0x00007ffedfc72000 	C:\WINDOWS\SYSTEM32\windows.storage.dll
0x00007ffee4de0000 - 0x00007ffee4ed7000 	C:\WINDOWS\System32\SHCORE.dll
0x00007ffee3510000 - 0x00007ffee3577000 	C:\WINDOWS\System32\shlwapi.dll
0x00007ffee2360000 - 0x00007ffee2389000 	C:\WINDOWS\SYSTEM32\profapi.dll
0x00007ffecd670000 - 0x00007ffecd689000 	D:\IntelliJ IDEA 2023.2.8\jbr\bin\net.dll
0x00007ffed31d0000 - 0x00007ffed32f7000 	C:\WINDOWS\SYSTEM32\WINHTTP.dll
0x00007ffee0d00000 - 0x00007ffee0d6c000 	C:\WINDOWS\system32\mswsock.dll
0x00007ffecd2c0000 - 0x00007ffecd2d6000 	D:\IntelliJ IDEA 2023.2.8\jbr\bin\nio.dll
0x00007ffecd940000 - 0x00007ffecd950000 	D:\IntelliJ IDEA 2023.2.8\jbr\bin\verify.dll
0x00007ffecc840000 - 0x00007ffecc867000 	C:\Users\user\.gradle\native\c067742578af261105cb4f569cf0c3c89f3d7b1fecec35dd04571415982c5e48\windows-amd64\native-platform.dll
0x00007ffe86700000 - 0x00007ffe86844000 	C:\Users\user\.gradle\native\38dada09dfb8b06ba9b0570ebf7e218e3eb74d4ef43ca46872605cf95ebc2f47\windows-amd64\native-platform-file-events.dll
0x00007ffecd290000 - 0x00007ffecd299000 	D:\IntelliJ IDEA 2023.2.8\jbr\bin\management.dll
0x00007ffecd280000 - 0x00007ffecd28b000 	D:\IntelliJ IDEA 2023.2.8\jbr\bin\management_ext.dll
0x00007ffee3f00000 - 0x00007ffee3f08000 	C:\WINDOWS\System32\PSAPI.DLL
0x00007ffee1fb0000 - 0x00007ffee1fcb000 	C:\WINDOWS\SYSTEM32\CRYPTSP.dll
0x00007ffee1200000 - 0x00007ffee1239000 	C:\WINDOWS\system32\rsaenh.dll
0x00007ffee0d80000 - 0x00007ffee0db2000 	C:\WINDOWS\SYSTEM32\USERENV.dll
0x00007ffee2330000 - 0x00007ffee235a000 	C:\WINDOWS\SYSTEM32\bcrypt.dll
0x00007ffee11e0000 - 0x00007ffee11ec000 	C:\WINDOWS\SYSTEM32\CRYPTBASE.dll
0x00007ffee02f0000 - 0x00007ffee0323000 	C:\WINDOWS\SYSTEM32\IPHLPAPI.DLL
0x00007ffee4610000 - 0x00007ffee461a000 	C:\WINDOWS\System32\NSI.dll
0x00007ffed9300000 - 0x00007ffed931d000 	C:\WINDOWS\SYSTEM32\dhcpcsvc6.DLL
0x00007ffed91f0000 - 0x00007ffed9215000 	C:\WINDOWS\SYSTEM32\dhcpcsvc.DLL
0x00007ffee0330000 - 0x00007ffee0486000 	C:\WINDOWS\SYSTEM32\DNSAPI.dll
0x00007ffee0b00000 - 0x00007ffee0b0d000 	C:\WINDOWS\SYSTEM32\DSPARSE.dll
0x00007ffecd2a0000 - 0x00007ffecd2a9000 	D:\IntelliJ IDEA 2023.2.8\jbr\bin\extnet.dll
0x00007ffecd660000 - 0x00007ffecd66e000 	D:\IntelliJ IDEA 2023.2.8\jbr\bin\sunmscapi.dll
0x00007ffee2500000 - 0x00007ffee2678000 	C:\WINDOWS\System32\CRYPT32.dll
0x00007ffee14d0000 - 0x00007ffee1500000 	C:\WINDOWS\SYSTEM32\ncrypt.dll
0x00007ffee13c0000 - 0x00007ffee13ff000 	C:\WINDOWS\SYSTEM32\NTASN1.dll
0x00007ffebff80000 - 0x00007ffebff88000 	C:\WINDOWS\system32\wshunix.dll

dbghelp: loaded successfully - version: 4.0.5 - missing functions: none
symbol engine: initialized successfully - sym options: 0x614 - pdb path: .;D:\IntelliJ IDEA 2023.2.8\jbr\bin;C:\WINDOWS\SYSTEM32;C:\WINDOWS\WinSxS\amd64_microsoft.windows.common-controls_6595b64144ccf1df_6.0.26100.8875_none_3e0d5d42e32fe9dd;D:\IntelliJ IDEA 2023.2.8\jbr\bin\server;C:\Users\user\.gradle\native\c067742578af261105cb4f569cf0c3c89f3d7b1fecec35dd04571415982c5e48\windows-amd64;C:\Users\user\.gradle\native\38dada09dfb8b06ba9b0570ebf7e218e3eb74d4ef43ca46872605cf95ebc2f47\windows-amd64

VM Arguments:
jvm_args: --add-opens=java.base/java.util=ALL-UNNAMED --add-opens=java.base/java.lang=ALL-UNNAMED --add-opens=java.base/java.lang.invoke=ALL-UNNAMED --add-opens=java.prefs/java.util.prefs=ALL-UNNAMED --add-opens=java.base/java.nio.charset=ALL-UNNAMED --add-opens=java.base/java.net=ALL-UNNAMED --add-opens=java.base/java.util.concurrent.atomic=ALL-UNNAMED -XX:MaxMetaspaceSize=384m -XX:+HeapDumpOnOutOfMemoryError -Xms256m -Xmx512m -Dfile.encoding=UTF-8 -Duser.country=KR -Duser.language=ko -Duser.variant -javaagent:C:\Users\user\.gradle\wrapper\dists\gradle-8.7-bin\bhs2wmbdwecv87pi65oeuq5iu\gradle-8.7\lib\agents\gradle-instrumentation-agent-8.7.jar 
java_command: org.gradle.launcher.daemon.bootstrap.GradleDaemon 8.7
java_class_path (initial): C:\Users\user\.gradle\wrapper\dists\gradle-8.7-bin\bhs2wmbdwecv87pi65oeuq5iu\gradle-8.7\lib\gradle-launcher-8.7.jar
Launcher Type: SUN_STANDARD

[Global flags]
     intx CICompilerCount                          = 12                                        {product} {ergonomic}
   size_t CompressedClassSpaceSize                 = 335544320                                 {product} {ergonomic}
     uint ConcGCThreads                            = 3                                         {product} {ergonomic}
     uint G1ConcRefinementThreads                  = 13                                        {product} {ergonomic}
   size_t G1HeapRegionSize                         = 1048576                                   {product} {ergonomic}
    uintx GCDrainStackTargetSize                   = 64                                        {product} {ergonomic}
     bool HeapDumpOnOutOfMemoryError               = true                                   {manageable} {command line}
   size_t InitialHeapSize                          = 268435456                                 {product} {command line}
   size_t MarkStackSize                            = 4194304                                   {product} {ergonomic}
   size_t MaxHeapSize                              = 536870912                                 {product} {command line}
   size_t MaxMetaspaceSize                         = 402653184                                 {product} {command line}
   size_t MaxNewSize                               = 321912832                                 {product} {ergonomic}
   size_t MinHeapDeltaBytes                        = 1048576                                   {product} {ergonomic}
   size_t MinHeapSize                              = 268435456                                 {product} {command line}
    uintx NonNMethodCodeHeapSize                   = 7602480                                {pd product} {ergonomic}
    uintx NonProfiledCodeHeapSize                  = 122027880                              {pd product} {ergonomic}
    uintx ProfiledCodeHeapSize                     = 122027880                              {pd product} {ergonomic}
    uintx ReservedCodeCacheSize                    = 251658240                              {pd product} {ergonomic}
     bool SegmentedCodeCache                       = true                                      {product} {ergonomic}
   size_t SoftMaxHeapSize                          = 536870912                              {manageable} {ergonomic}
     bool UseCompressedClassPointers               = true                           {product lp64_product} {ergonomic}
     bool UseCompressedOops                        = true                           {product lp64_product} {ergonomic}
     bool UseG1GC                                  = true                                      {product} {ergonomic}
     bool UseLargePagesIndividualAllocation        = false                                  {pd product} {ergonomic}

Logging:
Log output configuration:
 #0: stdout all=warning uptime,level,tags
 #1: stderr all=off uptime,level,tags

Environment Variables:
JAVA_HOME=C:\GMCC\Tools\jdk1.7_x64
PATH=C:\WINDOWS\system32;C:\WINDOWS;C:\WINDOWS\System32\Wbem;C:\WINDOWS\System32\WindowsPowerShell\v1.0\;C:\WINDOWS\System32\OpenSSH\;C:\Program Files\PuTTY\;C:\Program Files\PyManager\;C:\GMCC\Tools\jdk1.7_x64\bin;C:\Program Files (x86)\Clipsoft\CLIP report 4.0\jre\bin;C:\Program Files\nodejs\;C:\Program Files\Git\cmd;C:\Users\user\AppData\Local\agy\bin;C:\Users\user\.local\bin;C:\Users\user\AppData\Local\Microsoft\WindowsApps;C:\Users\user\AppData\Local\PowerToys\DSCModules\;C:\GMCC\Tools\jdk1.7_x64\bin;D:\IntelliJ IDEA 2023.2.8\bin;;D:\Microsoft VS Code\bin;C:\Program Files (x86)\Clipsoft\CLIP report 4.0\jre\bin;C:\Users\user\AppData\Roaming\npm;C:\Users\user\AppData\Local\GitHubDesktop\bin
USERNAME=user
TMPDIR=C:\Users\Public\Documents\ESTsoft\CreatorTemp
OS=Windows_NT
PROCESSOR_IDENTIFIER=Intel64 Family 6 Model 197 Stepping 2, GenuineIntel
TMP=C:\Users\user\AppData\Local\Temp
TEMP=C:\Users\user\AppData\Local\Temp



Periodic native trim disabled

JNI global refs:
JNI global refs: 32, weak refs: 0

JNI global refs memory usage: 843, weak refs: 209

OOME stack traces (most recent first):
Classloader memory used:
Loader bootstrap                                                                       : 1862K
Loader org.gradle.internal.classloader.VisitableURLClassLoader                         : 916K
Loader org.gradle.initialization.MixInLegacyTypesClassLoader                           : 66618B
Loader jdk.internal.loader.ClassLoaders$AppClassLoader                                 : 28767B
Loader jdk.internal.loader.ClassLoaders$PlatformClassLoader                            : 19638B
Loader jdk.internal.reflect.DelegatingClassLoader                                      : 1296B

Classes loaded by more than one classloader:
Class org.gradle.internal.installation.GradleInstallation                             : loaded 2 times (x 73B)
Class org.gradle.internal.classpath.ClassPath                                         : loaded 2 times (x 68B)
Class org.gradle.api.internal.classpath.DefaultModuleRegistry                         : loaded 2 times (x 84B)
Class org.gradle.api.Action                                                           : loaded 2 times (x 68B)
Class org.gradle.api.internal.DefaultClassPathProvider                                : loaded 2 times (x 74B)
Class org.gradle.internal.installation.GradleInstallation$1                           : loaded 2 times (x 73B)
Class org.gradle.internal.classloader.FilteringClassLoader                            : loaded 2 times (x 103B)
Class org.gradle.internal.classpath.DefaultClassPath$ImmutableUniqueList$Builder      : loaded 2 times (x 73B)
Class org.gradle.internal.classloader.ClassLoaderVisitor                              : loaded 2 times (x 74B)
Class org.gradle.internal.service.DefaultServiceLocator                               : loaded 2 times (x 81B)
Class org.gradle.internal.service.UnknownServiceException                             : loaded 2 times (x 81B)
Class org.gradle.internal.classloader.VisitableURLClassLoader$Spec                    : loaded 2 times (x 72B)
Class org.gradle.api.GradleException                                                  : loaded 2 times (x 80B)
Class org.gradle.api.internal.classpath.ModuleRegistry                                : loaded 2 times (x 68B)
Class org.gradle.api.internal.ClassPathProvider                                       : loaded 2 times (x 68B)
Class org.gradle.internal.classloader.ClasspathUtil$1                                 : loaded 2 times (x 74B)
Class org.gradle.internal.classloader.ClassLoaderFactory                              : loaded 2 times (x 68B)
Class org.gradle.api.internal.classpath.ManifestUtil                                  : loaded 2 times (x 69B)
Class org.gradle.api.specs.Spec                                                       : loaded 2 times (x 68B)
Class org.gradle.internal.IoActions                                                   : loaded 2 times (x 69B)
Class org.gradle.api.internal.classpath.EffectiveClassPath                            : loaded 2 times (x 88B)
Class org.gradle.internal.installation.CurrentGradleInstallation                      : loaded 2 times (x 71B)
Class org.gradle.internal.agents.InstrumentingClassLoader                             : loaded 2 times (x 68B)
Class org.gradle.internal.installation.CurrentGradleInstallationLocator               : loaded 2 times (x 69B)
Class org.gradle.api.internal.classpath.Module                                        : loaded 2 times (x 68B)
Class org.gradle.internal.service.CachingServiceLocator                               : loaded 2 times (x 80B)
Class org.gradle.internal.classpath.DefaultClassPath                                  : loaded 2 times (x 88B)
Class org.gradle.internal.classloader.SystemClassLoaderSpec                           : loaded 2 times (x 69B)
Class org.gradle.api.UncheckedIOException                                             : loaded 2 times (x 80B)
Class org.gradle.internal.classloader.ClasspathUtil                                   : loaded 2 times (x 69B)
Class org.gradle.api.internal.DefaultClassPathRegistry                                : loaded 2 times (x 74B)
Class org.gradle.api.internal.classpath.DefaultModuleRegistry$DefaultModule           : loaded 2 times (x 84B)
Class org.gradle.api.internal.classpath.UnknownModuleException                        : loaded 2 times (x 80B)
Class org.gradle.internal.service.ServiceLookupException                              : loaded 2 times (x 80B)
Class org.gradle.cache.GlobalCache                                                    : loaded 2 times (x 68B)
Class [Lorg.gradle.api.internal.ClassPathProvider;                                    : loaded 2 times (x 67B)
Class org.gradle.util.internal.GUtil                                                  : loaded 2 times (x 69B)
Class org.gradle.internal.classloader.ClassLoaderSpec                                 : loaded 2 times (x 69B)
Class org.gradle.internal.classloader.VisitableURLClassLoader                         : loaded 2 times (x 115B)
Class org.gradle.internal.Cast                                                        : loaded 2 times (x 69B)
Class org.gradle.api.internal.ClassPathRegistry                                       : loaded 2 times (x 68B)
Class org.gradle.internal.classloader.VisitableURLClassLoader$InstrumentingVisitableURLClassLoader: loaded 2 times (x 121B)
Class org.gradle.internal.classloader.ClassLoaderHierarchy                            : loaded 2 times (x 68B)
Class org.gradle.internal.InternalTransformer                                         : loaded 2 times (x 68B)
Class org.gradle.internal.service.ServiceLocator                                      : loaded 2 times (x 68B)
Class org.gradle.internal.classpath.DefaultClassPath$ImmutableUniqueList              : loaded 2 times (x 159B)
Class org.gradle.internal.classpath.TransformedClassPath                              : loaded 2 times (x 94B)


---------------  S Y S T E M  ---------------

OS:
 Windows 11 , 64 bit Build 26100 (10.0.26100.8875)
OS uptime: 3 days 0:30 hours
Hyper-V role detected

CPU: total 16 (initial active 16) (16 cores per cpu, 1 threads per core) family 6 model 197 stepping 2 microcode 0x11b, cx8, cmov, fxsr, mmx, 3dnowpref, sse, sse2, sse3, ssse3, sse4.1, sse4.2, popcnt, lzcnt, tsc, tscinvbit, avx, avx2, aes, erms, clmul, bmi1, bmi2, adx, sha, fma, vzeroupper, clflush, clflushopt, clwb, hv
Processor Information for processor 0
  Max Mhz: 2900, Current Mhz: 2900, Mhz Limit: 2900
Processor Information for processor 1
  Max Mhz: 2900, Current Mhz: 2900, Mhz Limit: 2900
Processor Information for processor 2
  Max Mhz: 2700, Current Mhz: 2700, Mhz Limit: 2700
Processor Information for processor 3
  Max Mhz: 2700, Current Mhz: 2700, Mhz Limit: 2700
Processor Information for processor 4
  Max Mhz: 2700, Current Mhz: 2700, Mhz Limit: 2700
Processor Information for processor 5
  Max Mhz: 2700, Current Mhz: 2700, Mhz Limit: 2700
Processor Information for processor 6
  Max Mhz: 2700, Current Mhz: 2700, Mhz Limit: 2700
Processor Information for processor 7
  Max Mhz: 2700, Current Mhz: 2700, Mhz Limit: 2700
Processor Information for processor 8
  Max Mhz: 2700, Current Mhz: 2700, Mhz Limit: 2700
Processor Information for processor 9
  Max Mhz: 2700, Current Mhz: 2700, Mhz Limit: 2700
Processor Information for processor 10
  Max Mhz: 2900, Current Mhz: 2900, Mhz Limit: 2900
Processor Information for processor 11
  Max Mhz: 2900, Current Mhz: 2900, Mhz Limit: 2900
Processor Information for processor 12
  Max Mhz: 2900, Current Mhz: 2900, Mhz Limit: 2900
Processor Information for processor 13
  Max Mhz: 2900, Current Mhz: 2900, Mhz Limit: 2900
Processor Information for processor 14
  Max Mhz: 1000, Current Mhz: 1000, Mhz Limit: 1000
Processor Information for processor 15
  Max Mhz: 1000, Current Mhz: 1000, Mhz Limit: 1000

Memory: 4k page, system-wide physical 32189M (14035M free)
TotalPageFile size 107240M (AvailPageFile size 19M)
current process WorkingSet (physical memory assigned to process): 183M, peak: 183M
current process commit charge ("private bytes"): 417M, peak: 420M

vm_info: OpenJDK 64-Bit Server VM (17.0.12+7-b1000.54) for windows-amd64 JRE (17.0.12+7-b1000.54), built on 2024-08-31 by "builduser" with MS VC++ 16.10 / 16.11 (VS2019)

END.
